===== START lineage Mon Sep 14 13:02:42 CEST 2026 =====
Config: zem_t_go_max_s=10 effort_weight=8 seed=77000001
===== START CP1 Mon Sep 14 13:02:42 CEST 2026 =====
CP1: evasive lineage | max_time=45s t_go_max=10s | tracking=True | obs=12-D | miss_tanh_scale=3000m shaping_gamma=1 effort_weight=8 -> out=outputs/evasive_zemtgo10_effort8_seed2
Using cpu device
-----------------------------
| time/              |      |
|    fps             | 4789 |
|    iterations      | 1    |
|    time_elapsed    | 0    |
|    total_timesteps | 2048 |
-----------------------------
------------------------------------------
| time/                   |              |
|    fps                  | 1959         |
|    iterations           | 2            |
|    time_elapsed         | 2            |
|    total_timesteps      | 4096         |
| train/                  |              |
|    approx_kl            | 0.0013597031 |
|    clip_fraction        | 0.000195     |
|    clip_range           | 0.2          |
|    entropy_loss         | -2.84        |
|    explained_variance   | -0.00451     |
|    learning_rate        | 0.0003       |
|    loss                 | 0.165        |
|    n_updates            | 5            |
|    policy_gradient_loss | -0.00114     |
|    std                  | 0.999        |
|    value_loss           | 1.42         |
------------------------------------------
------------------------------------------
| time/                   |              |
|    fps                  | 1817         |
|    iterations           | 3            |
|    time_elapsed         | 3            |
|    total_timesteps      | 6144         |
| train/                  |              |
|    approx_kl            | 0.0015002517 |
|    clip_fraction        | 0.000195     |
|    clip_range           | 0.2          |
|    entropy_loss         | -2.84        |
|    explained_variance   | -0.0367      |
|    learning_rate        | 0.0003       |
|    loss                 | 0.128        |
|    n_updates            | 10           |
|    policy_gradient_loss | -0.0015      |
|    std                  | 0.998        |
|    value_loss           | 0.408        |
------------------------------------------
------------------------------------------
| rollout/                |              |
|    ep_len_mean          | 1.85e+03     |
|    ep_rew_mean          | -12.8        |
| time/                   |              |
|    fps                  | 1746         |
|    iterations           | 4            |
|    time_elapsed         | 4            |
|    total_timesteps      | 8192         |
| train/                  |              |
|    approx_kl            | 0.0064217546 |
|    clip_fraction        | 0.0209       |
|    clip_range           | 0.2          |
|    entropy_loss         | -2.84        |
|    explained_variance   | 0.0984       |
|    learning_rate        | 0.0003       |
|    loss                 | 0.0579       |
|    n_updates            | 15           |
|    policy_gradient_loss | -0.00378     |
|    std                  | 1            |
|    value_loss           | 0.0325       |
------------------------------------------
-----------------------------------------
| rollout/                |             |
|    ep_len_mean          | 2.04e+03    |
|    ep_rew_mean          | -14.1       |
| time/                   |             |
|    fps                  | 1683        |
|    iterations           | 5           |
|    time_elapsed         | 6           |
|    total_timesteps      | 10240       |
| train/                  |             |
|    approx_kl            | 0.007210695 |
|    clip_fraction        | 0.0378      |
|    clip_range           | 0.2         |
|    entropy_loss         | -2.84       |
|    explained_variance   | 0.0155      |
|    learning_rate        | 0.0003      |
|    loss                 | -0.0139     |
|    n_updates            | 20          |
|    policy_gradient_loss | -0.00567    |
|    std                  | 0.998       |
|    value_loss           | 1.98        |
-----------------------------------------
-----------------------------------------
| rollout/                |             |
|    ep_len_mean          | 2.04e+03    |
|    ep_rew_mean          | -14.1       |
| time/                   |             |
|    fps                  | 1626        |
|    iterations           | 6           |
|    time_elapsed         | 7           |
|    total_timesteps      | 12288       |
| train/                  |             |
|    approx_kl            | 0.008676225 |
|    clip_fraction        | 0.0299      |
|    clip_range           | 0.2         |
|    entropy_loss         | -2.83       |
|    explained_variance   | 0.0633      |
|    learning_rate        | 0.0003      |
|    loss                 | 0.0488      |
|    n_updates            | 25          |
|    policy_gradient_loss | -0.00321    |
|    std                  | 0.997       |
|    value_loss           | 3.7         |
-----------------------------------------
----------------------------------------
| rollout/                |            |
|    ep_len_mean          | 2.04e+03   |
|    ep_rew_mean          | -14.1      |
| time/                   |            |
|    fps                  | 1620       |
|    iterations           | 7          |
|    time_elapsed         | 8          |
|    total_timesteps      | 14336      |
| train/                  |            |
|    approx_kl            | 0.00617024 |
|    clip_fraction        | 0.0271     |
|    clip_range           | 0.2        |
|    entropy_loss         | -2.83      |
|    explained_variance   | 0.0441     |
|    learning_rate        | 0.0003     |
|    loss                 | 0.98       |
|    n_updates            | 30         |
|    policy_gradient_loss | -0.00413   |
|    std                  | 0.996      |
|    value_loss           | 0.625      |
----------------------------------------
-----------------------------------------
| rollout/                |             |
|    ep_len_mean          | 2.08e+03    |
|    ep_rew_mean          | -20.9       |
| time/                   |             |
|    fps                  | 1613        |
|    iterations           | 8           |
|    time_elapsed         | 10          |
|    total_timesteps      | 16384       |
| train/                  |             |
|    approx_kl            | 0.008531107 |
|    clip_fraction        | 0.0444      |
|    clip_range           | 0.2         |
|    entropy_loss         | -2.83       |
|    explained_variance   | 0.0376      |
|    learning_rate        | 0.0003      |
|    loss                 | 1.63        |
|    n_updates            | 35          |
|    policy_gradient_loss | -0.00139    |
|    std                  | 0.993       |
|    value_loss           | 1.22        |
-----------------------------------------
------------------------------------------
| rollout/                |              |
|    ep_len_mean          | 2.15e+03     |
|    ep_rew_mean          | -14.4        |
| time/                   |              |
|    fps                  | 1605         |
|    iterations           | 9            |
|    time_elapsed         | 11           |
|    total_timesteps      | 18432        |
| train/                  |              |
|    approx_kl            | 0.0021453663 |
|    clip_fraction        | 0.00176      |
|    clip_range           | 0.2          |
|    entropy_loss         | -2.82        |
|    explained_variance   | 0.0187       |
|    learning_rate        | 0.0003       |
|    loss                 | -0.00972     |
|    n_updates            | 40           |
|    policy_gradient_loss | -0.00129     |
|    std                  | 0.993        |
|    value_loss           | 2.89         |
------------------------------------------
------------------------------------------
| rollout/                |              |
|    ep_len_mean          | 2.15e+03     |
|    ep_rew_mean          | -14.4        |
| time/                   |              |
|    fps                  | 1591         |
|    iterations           | 10           |
|    time_elapsed         | 12           |
|    total_timesteps      | 20480        |
| train/                  |              |
|    approx_kl            | 0.0067420206 |
|    clip_fraction        | 0.0265       |
|    clip_range           | 0.2          |
|    entropy_loss         | -2.82        |
|    explained_variance   | 0.0365       |
|    learning_rate        | 0.0003       |
|    loss                 | 0.0791       |
|    n_updates            | 45           |
|    policy_gradient_loss | -0.00486     |
|    std                  | 0.991        |
|    value_loss           | 8.54         |
------------------------------------------
------------------------------------------
| rollout/                |              |
|    ep_len_mean          | 2.15e+03     |
|    ep_rew_mean          | -14.4        |
| time/                   |              |
|    fps                  | 1589         |
|    iterations           | 11           |
|    time_elapsed         | 14           |
|    total_timesteps      | 22528        |
| train/                  |              |
|    approx_kl            | 0.0057044066 |
|    clip_fraction        | 0.11         |
|    clip_range           | 0.2          |
|    entropy_loss         | -2.82        |
|    explained_variance   | 0.0405       |
|    learning_rate        | 0.0003       |
|    loss                 | 0.102        |
|    n_updates            | 50           |
|    policy_gradient_loss | -0.00887     |
|    std                  | 0.988        |
|    value_loss           | 0.903        |
------------------------------------------
------------------------------------------
| rollout/                |              |
|    ep_len_mean          | 2.13e+03     |
|    ep_rew_mean          | -13.6        |
| time/                   |              |
|    fps                  | 1589         |
|    iterations           | 12           |
|    time_elapsed         | 15           |
|    total_timesteps      | 24576        |
| train/                  |              |
|    approx_kl            | 0.0023794903 |
|    clip_fraction        | 0.00146      |
|    clip_range           | 0.2          |
|    entropy_loss         | -2.81        |
|    explained_variance   | 0.115        |
|    learning_rate        | 0.0003       |
|    loss                 | 0.308        |
|    n_updates            | 55           |
|    policy_gradient_loss | -0.000693    |
|    std                  | 0.989        |
|    value_loss           | 1.09         |
------------------------------------------
-----------------------------------------
| rollout/                |             |
|    ep_len_mean          | 2.12e+03    |
|    ep_rew_mean          | -13.3       |
| time/                   |             |
|    fps                  | 1588        |
|    iterations           | 13          |
|    time_elapsed         | 16          |
|    total_timesteps      | 26624       |
| train/                  |             |
|    approx_kl            | 0.005740539 |
|    clip_fraction        | 0.0245      |
|    clip_range           | 0.2         |
|    entropy_loss         | -2.81       |
|    explained_variance   | -0.111      |
|    learning_rate        | 0.0003      |
|    loss                 | 0.205       |
|    n_updates            | 60          |
|    policy_gradient_loss | -0.00252    |
|    std                  | 0.987       |
|    value_loss           | 0.968       |
-----------------------------------------
-----------------------------------------
| rollout/                |             |
|    ep_len_mean          | 2.14e+03    |
|    ep_rew_mean          | -10.7       |
| time/                   |             |
|    fps                  | 1586        |
|    iterations           | 14          |
|    time_elapsed         | 18          |
|    total_timesteps      | 28672       |
| train/                  |             |
|    approx_kl            | 0.007788025 |
|    clip_fraction        | 0.0465      |
|    clip_range           | 0.2         |
|    entropy_loss         | -2.8        |
|    explained_variance   | 0.12        |
|    learning_rate        | 0.0003      |
|    loss                 | 0.444       |
|    n_updates            | 65          |
|    policy_gradient_loss | -0.00517    |
|    std                  | 0.98        |
|    value_loss           | 0.919       |
-----------------------------------------
-----------------------------------------
| rollout/                |             |
|    ep_len_mean          | 2.14e+03    |
|    ep_rew_mean          | -10.7       |
| time/                   |             |
|    fps                  | 1578        |
|    iterations           | 15          |
|    time_elapsed         | 19          |
|    total_timesteps      | 30720       |
| train/                  |             |
|    approx_kl            | 0.004105825 |
|    clip_fraction        | 0.0109      |
|    clip_range           | 0.2         |
|    entropy_loss         | -2.8        |
|    explained_variance   | -0.00805    |
|    learning_rate        | 0.0003      |
|    loss                 | 0.026       |
|    n_updates            | 70          |
|    policy_gradient_loss | -0.00255    |
|    std                  | 0.98        |
|    value_loss           | 10.9        |
-----------------------------------------
----------------------------------------
| rollout/                |            |
|    ep_len_mean          | 2.11e+03   |
|    ep_rew_mean          | -6.91      |
| time/                   |            |
|    fps                  | 1575       |
|    iterations           | 16         |
|    time_elapsed         | 20         |
|    total_timesteps      | 32768      |
| train/                  |            |
|    approx_kl            | 0.00922329 |
|    clip_fraction        | 0.094      |
|    clip_range           | 0.2        |
|    entropy_loss         | -2.8       |
|    explained_variance   | 0.0693     |
|    learning_rate        | 0.0003     |
|    loss                 | 0.0118     |
|    n_updates            | 75         |
|    policy_gradient_loss | -0.0104    |
|    std                  | 0.979      |
|    value_loss           | 1.11       |
----------------------------------------
------------------------------------------
| rollout/                |              |
|    ep_len_mean          | 2.11e+03     |
|    ep_rew_mean          | -6.91        |
| time/                   |              |
|    fps                  | 1552         |
|    iterations           | 17           |
|    time_elapsed         | 22           |
|    total_timesteps      | 34816        |
| train/                  |              |
|    approx_kl            | 0.0038096164 |
|    clip_fraction        | 0.00732      |
|    clip_range           | 0.2          |
|    entropy_loss         | -2.8         |
|    explained_variance   | 0.0227       |
|    learning_rate        | 0.0003       |
|    loss                 | 28.7         |
|    n_updates            | 80           |
|    policy_gradient_loss | -0.00111     |
|    std                  | 0.981        |
|    value_loss           | 14.5         |
------------------------------------------
-----------------------------------------
| rollout/                |             |
|    ep_len_mean          | 2.1e+03     |
|    ep_rew_mean          | -4.88       |
| time/                   |             |
|    fps                  | 1558        |
|    iterations           | 18          |
|    time_elapsed         | 23          |
|    total_timesteps      | 36864       |
| train/                  |             |
|    approx_kl            | 0.004107453 |
|    clip_fraction        | 0.00898     |
|    clip_range           | 0.2         |
|    entropy_loss         | -2.8        |
|    explained_variance   | 0.0408      |
|    learning_rate        | 0.0003      |
|    loss                 | 0.381       |
|    n_updates            | 85          |
|    policy_gradient_loss | -0.00371    |
|    std                  | 0.982       |
|    value_loss           | 2.06        |
-----------------------------------------
------------------------------------------
| rollout/                |              |
|    ep_len_mean          | 2.1e+03      |
|    ep_rew_mean          | -4.88        |
| time/                   |              |
|    fps                  | 1555         |
|    iterations           | 19           |
|    time_elapsed         | 25           |
|    total_timesteps      | 38912        |
| train/                  |              |
|    approx_kl            | 0.0031421909 |
|    clip_fraction        | 0.00908      |
|    clip_range           | 0.2          |
|    entropy_loss         | -2.8         |
|    explained_variance   | 0.056        |
|    learning_rate        | 0.0003       |
|    loss                 | 11           |
|    n_updates            | 90           |
|    policy_gradient_loss | -0.00362     |
|    std                  | 0.98         |
|    value_loss           | 8.6          |
------------------------------------------
-----------------------------------------
| rollout/                |             |
|    ep_len_mean          | 2.11e+03    |
|    ep_rew_mean          | -3.91       |
| time/                   |             |
|    fps                  | 1557        |
|    iterations           | 20          |
|    time_elapsed         | 26          |
|    total_timesteps      | 40960       |
| train/                  |             |
|    approx_kl            | 0.002632649 |
|    clip_fraction        | 0.00645     |
|    clip_range           | 0.2         |
|    entropy_loss         | -2.8        |
|    explained_variance   | 0.0724      |
|    learning_rate        | 0.0003      |
|    loss                 | 7.85        |
|    n_updates            | 95          |
|    policy_gradient_loss | -0.00206    |
|    std                  | 0.98        |
|    value_loss           | 3.66        |
-----------------------------------------
------------------------------------------
| rollout/                |              |
|    ep_len_mean          | 2.12e+03     |
|    ep_rew_mean          | -3.56        |
| time/                   |              |
|    fps                  | 1552         |
|    iterations           | 21           |
|    time_elapsed         | 27           |
|    total_timesteps      | 43008        |
| train/                  |              |
|    approx_kl            | 0.0038972045 |
|    clip_fraction        | 0.0112       |
|    clip_range           | 0.2          |
|    entropy_loss         | -2.8         |
|    explained_variance   | 0.153        |
|    learning_rate        | 0.0003       |
|    loss                 | 9.54         |
|    n_updates            | 100          |
|    policy_gradient_loss | -0.00195     |
|    std                  | 0.982        |
|    value_loss           | 5.47         |
------------------------------------------
---------------------------------------
| rollout/                |           |
|    ep_len_mean          | 2.13e+03  |
|    ep_rew_mean          | -1.66     |
| time/                   |           |
|    fps                  | 1552      |
|    iterations           | 22        |
|    time_elapsed         | 29        |
|    total_timesteps      | 45056     |
| train/                  |           |
|    approx_kl            | 0.0079773 |
|    clip_fraction        | 0.0695    |
|    clip_range           | 0.2       |
|    entropy_loss         | -2.8      |
|    explained_variance   | 0.159     |
|    learning_rate        | 0.0003    |
|    loss                 | 0.011     |
|    n_updates            | 105       |
|    policy_gradient_loss | -0.00669  |
|    std                  | 0.984     |
|    value_loss           | 4.61      |
---------------------------------------
------------------------------------------
| rollout/                |              |
|    ep_len_mean          | 2.13e+03     |
|    ep_rew_mean          | -1.66        |
| time/                   |              |
|    fps                  | 1549         |
|    iterations           | 23           |
|    time_elapsed         | 30           |
|    total_timesteps      | 47104        |
| train/                  |              |
|    approx_kl            | 0.0029667357 |
|    clip_fraction        | 0.00732      |
|    clip_range           | 0.2          |
|    entropy_loss         | -2.81        |
|    explained_variance   | 0.106        |
|    learning_rate        | 0.0003       |
|    loss                 | 6.55         |
|    n_updates            | 110          |
|    policy_gradient_loss | -0.000884    |
|    std                  | 0.985        |
|    value_loss           | 18.2         |
------------------------------------------
------------------------------------------
| rollout/                |              |
|    ep_len_mean          | 2.13e+03     |
|    ep_rew_mean          | -1.66        |
| time/                   |              |
|    fps                  | 1551         |
|    iterations           | 24           |
|    time_elapsed         | 31           |
|    total_timesteps      | 49152        |
| train/                  |              |
|    approx_kl            | 0.0047508166 |
|    clip_fraction        | 0.0396       |
|    clip_range           | 0.2          |
|    entropy_loss         | -2.81        |
|    explained_variance   | 0.76         |
|    learning_rate        | 0.0003       |
|    loss                 | 0.661        |
|    n_updates            | 115          |
|    policy_gradient_loss | -0.003       |
|    std                  | 0.985        |
|    value_loss           | 0.502        |
------------------------------------------
------------------------------------------
| rollout/                |              |
|    ep_len_mean          | 2.11e+03     |
|    ep_rew_mean          | 0.756        |
| time/                   |              |
|    fps                  | 1555         |
|    iterations           | 25           |
|    time_elapsed         | 32           |
|    total_timesteps      | 51200        |
| train/                  |              |
|    approx_kl            | 0.0051645217 |
|    clip_fraction        | 0.0279       |
|    clip_range           | 0.2          |
|    entropy_loss         | -2.81        |
|    explained_variance   | 0.0863       |
|    learning_rate        | 0.0003       |
|    loss                 | 0.0233       |
|    n_updates            | 120          |
|    policy_gradient_loss | -0.00397     |
|    std                  | 0.985        |
|    value_loss           | 2.45         |
------------------------------------------
-----------------------------------------
| rollout/                |             |
|    ep_len_mean          | 2.12e+03    |
|    ep_rew_mean          | 0.581       |
| time/                   |             |
|    fps                  | 1548        |
|    iterations           | 26          |
|    time_elapsed         | 34          |
|    total_timesteps      | 53248       |
| train/                  |             |
|    approx_kl            | 0.006871325 |
|    clip_fraction        | 0.0241      |
|    clip_range           | 0.2         |
|    entropy_loss         | -2.81       |
|    explained_variance   | -0.0265     |
|    learning_rate        | 0.0003      |
|    loss                 | 0.077       |
|    n_updates            | 125         |
|    policy_gradient_loss | -0.00346    |
|    std                  | 0.985       |
|    value_loss           | 20.2        |
-----------------------------------------
------------------------------------------
| rollout/                |              |
|    ep_len_mean          | 2.12e+03     |
|    ep_rew_mean          | 0.581        |
| time/                   |              |
|    fps                  | 1547         |
|    iterations           | 27           |
|    time_elapsed         | 35           |
|    total_timesteps      | 55296        |
| train/                  |              |
|    approx_kl            | 0.0042659445 |
|    clip_fraction        | 0.017        |
|    clip_range           | 0.2          |
|    entropy_loss         | -2.81        |
|    explained_variance   | -0.0604      |
|    learning_rate        | 0.0003       |
|    loss                 | 0.204        |
|    n_updates            | 130          |
|    policy_gradient_loss | -0.00152     |
|    std                  | 0.985        |
|    value_loss           | 3.68         |
------------------------------------------
------------------------------------------
| rollout/                |              |
|    ep_len_mean          | 2.12e+03     |
|    ep_rew_mean          | 0.581        |
| time/                   |              |
|    fps                  | 1550         |
|    iterations           | 28           |
|    time_elapsed         | 36           |
|    total_timesteps      | 57344        |
| train/                  |              |
|    approx_kl            | 0.0040558893 |
|    clip_fraction        | 0.0125       |
|    clip_range           | 0.2          |
|    entropy_loss         | -2.81        |
|    explained_variance   | 0.254        |
|    learning_rate        | 0.0003       |
|    loss                 | 4.57         |
|    n_updates            | 135          |
|    policy_gradient_loss | -0.0015      |
|    std                  | 0.986        |
|    value_loss           | 6.17         |
------------------------------------------
-----------------------------------------
| rollout/                |             |
|    ep_len_mean          | 2.12e+03    |
|    ep_rew_mean          | 1.96        |
| time/                   |             |
|    fps                  | 1554        |
|    iterations           | 29          |
|    time_elapsed         | 38          |
|    total_timesteps      | 59392       |
| train/                  |             |
|    approx_kl            | 0.005151489 |
|    clip_fraction        | 0.0597      |
|    clip_range           | 0.2         |
|    entropy_loss         | -2.81       |
|    explained_variance   | 0.441       |
|    learning_rate        | 0.0003      |
|    loss                 | 0.0212      |
|    n_updates            | 140         |
|    policy_gradient_loss | -0.00402    |
|    std                  | 0.985       |
|    value_loss           | 3.75        |
-----------------------------------------
------------------------------------------
| rollout/                |              |
|    ep_len_mean          | 2.11e+03     |
|    ep_rew_mean          | 2.44         |
| time/                   |              |
|    fps                  | 1551         |
|    iterations           | 30           |
|    time_elapsed         | 39           |
|    total_timesteps      | 61440        |
| train/                  |              |
|    approx_kl            | 0.0010249575 |
|    clip_fraction        | 0.000586     |
|    clip_range           | 0.2          |
|    entropy_loss         | -2.81        |
|    explained_variance   | 0.0772       |
|    learning_rate        | 0.0003       |
|    loss                 | 1.34         |
|    n_updates            | 145          |
|    policy_gradient_loss | -0.000512    |
|    std                  | 0.985        |
|    value_loss           | 24           |
------------------------------------------
------------------------------------------
| rollout/                |              |
|    ep_len_mean          | 2.08e+03     |
|    ep_rew_mean          | 6.49         |
| time/                   |              |
|    fps                  | 1547         |
|    iterations           | 31           |
|    time_elapsed         | 41           |
|    total_timesteps      | 63488        |
| train/                  |              |
|    approx_kl            | 0.0061056437 |
|    clip_fraction        | 0.0721       |
|    clip_range           | 0.2          |
|    entropy_loss         | -2.81        |
|    explained_variance   | -0.000582    |
|    learning_rate        | 0.0003       |
|    loss                 | 21.2         |
|    n_updates            | 150          |
|    policy_gradient_loss | -0.00416     |
|    std                  | 0.984        |
|    value_loss           | 7.95         |
------------------------------------------
----------------------------------------
| rollout/                |            |
|    ep_len_mean          | 2.06e+03   |
|    ep_rew_mean          | 10.6       |
| time/                   |            |
|    fps                  | 1548       |
|    iterations           | 32         |
|    time_elapsed         | 42         |
|    total_timesteps      | 65536      |
| train/                  |            |
|    approx_kl            | 0.00128302 |
|    clip_fraction        | 0.0101     |
|    clip_range           | 0.2        |
|    entropy_loss         | -2.81      |
|    explained_variance   | 0.0165     |
|    learning_rate        | 0.0003     |
|    loss                 | 4.25       |
|    n_updates            | 155        |
|    policy_gradient_loss | -0.000634  |
|    std                  | 0.984      |
|    value_loss           | 49.3       |
----------------------------------------
-------------------------------------------
| rollout/                |               |
|    ep_len_mean          | 2.05e+03      |
|    ep_rew_mean          | 14.1          |
| time/                   |               |
|    fps                  | 1550          |
|    iterations           | 33            |
|    time_elapsed         | 43            |
|    total_timesteps      | 67584         |
| train/                  |               |
|    approx_kl            | 0.00060551823 |
|    clip_fraction        | 0.000195      |
|    clip_range           | 0.2           |
|    entropy_loss         | -2.8          |
|    explained_variance   | 0.117         |
|    learning_rate        | 0.0003        |
|    loss                 | 0.0351        |
|    n_updates            | 160           |
|    policy_gradient_loss | -0.000486     |
|    std                  | 0.983         |
|    value_loss           | 52.1          |
-------------------------------------------
-----------------------------------------
| rollout/                |             |
|    ep_len_mean          | 2.05e+03    |
|    ep_rew_mean          | 14.2        |
| time/                   |             |
|    fps                  | 1548        |
|    iterations           | 34          |
|    time_elapsed         | 44          |
|    total_timesteps      | 69632       |
| train/                  |             |
|    approx_kl            | 0.005897413 |
|    clip_fraction        | 0.0319      |
|    clip_range           | 0.2         |
|    entropy_loss         | -2.8        |
|    explained_variance   | 0.042       |
|    learning_rate        | 0.0003      |
|    loss                 | 0.0392      |
|    n_updates            | 165         |
|    policy_gradient_loss | -0.00142    |
|    std                  | 0.982       |
|    value_loss           | 52.8        |
-----------------------------------------
-----------------------------------------
| rollout/                |             |
|    ep_len_mean          | 2.05e+03    |
|    ep_rew_mean          | 14.2        |
| time/                   |             |
|    fps                  | 1544        |
|    iterations           | 35          |
|    time_elapsed         | 46          |
|    total_timesteps      | 71680       |
| train/                  |             |
|    approx_kl            | 0.003866528 |
|    clip_fraction        | 0.0195      |
|    clip_range           | 0.2         |
|    entropy_loss         | -2.8        |
|    explained_variance   | 0.359       |
|    learning_rate        | 0.0003      |
|    loss                 | 0.628       |
|    n_updates            | 170         |
|    policy_gradient_loss | -0.00143    |
|    std                  | 0.982       |
|    value_loss           | 16.1        |
-----------------------------------------
------------------------------------------
| rollout/                |              |
|    ep_len_mean          | 2.05e+03     |
|    ep_rew_mean          | 13.9         |
| time/                   |              |
|    fps                  | 1544         |
|    iterations           | 36           |
|    time_elapsed         | 47           |
|    total_timesteps      | 73728        |
| train/                  |              |
|    approx_kl            | 0.0076065166 |
|    clip_fraction        | 0.0495       |
|    clip_range           | 0.2          |
|    entropy_loss         | -2.8         |
|    explained_variance   | 0.876        |
|    learning_rate        | 0.0003       |
|    loss                 | 2.42         |
|    n_updates            | 175          |
|    policy_gradient_loss | -0.00527     |
|    std                  | 0.981        |
|    value_loss           | 1.68         |
------------------------------------------
-----------------------------------------
| rollout/                |             |
|    ep_len_mean          | 2.06e+03    |
|    ep_rew_mean          | 14.1        |
| time/                   |             |
|    fps                  | 1541        |
|    iterations           | 37          |
|    time_elapsed         | 49          |
|    total_timesteps      | 75776       |
| train/                  |             |
|    approx_kl            | 0.004428441 |
|    clip_fraction        | 0.0122      |
|    clip_range           | 0.2         |
|    entropy_loss         | -2.8        |
|    explained_variance   | 0.401       |
|    learning_rate        | 0.0003      |
|    loss                 | 20.3        |
|    n_updates            | 180         |
|    policy_gradient_loss | -0.000959   |
|    std                  | 0.98        |
|    value_loss           | 14          |
-----------------------------------------
-----------------------------------------
| rollout/                |             |
|    ep_len_mean          | 2.06e+03    |
|    ep_rew_mean          | 14.3        |
| time/                   |             |
|    fps                  | 1544        |
|    iterations           | 38          |
|    time_elapsed         | 50          |
|    total_timesteps      | 77824       |
| train/                  |             |
|    approx_kl            | 0.008972302 |
|    clip_fraction        | 0.0694      |
|    clip_range           | 0.2         |
|    entropy_loss         | -2.8        |
|    explained_variance   | 0.462       |
|    learning_rate        | 0.0003      |
|    loss                 | 11.3        |
|    n_updates            | 185         |
|    policy_gradient_loss | -0.00361    |
|    std                  | 0.979       |
|    value_loss           | 15.1        |
-----------------------------------------
------------------------------------------
| rollout/                |              |
|    ep_len_mean          | 2.05e+03     |
|    ep_rew_mean          | 14.4         |
| time/                   |              |
|    fps                  | 1545         |
|    iterations           | 39           |
|    time_elapsed         | 51           |
|    total_timesteps      | 79872        |
| train/                  |              |
|    approx_kl            | 0.0024625147 |
|    clip_fraction        | 0.0185       |
|    clip_range           | 0.2          |
|    entropy_loss         | -2.79        |
|    explained_variance   | 0.477        |
|    learning_rate        | 0.0003       |
|    loss                 | 3.87         |
|    n_updates            | 190          |
|    policy_gradient_loss | -0.000901    |
|    std                  | 0.978        |
|    value_loss           | 13.8         |
------------------------------------------
------------------------------------------
| rollout/                |              |
|    ep_len_mean          | 2.02e+03     |
|    ep_rew_mean          | 17.4         |
| time/                   |              |
|    fps                  | 1542         |
|    iterations           | 40           |
|    time_elapsed         | 53           |
|    total_timesteps      | 81920        |
| train/                  |              |
|    approx_kl            | 0.0081921695 |
|    clip_fraction        | 0.0712       |
|    clip_range           | 0.2          |
|    entropy_loss         | -2.79        |
|    explained_variance   | 0.573        |
|    learning_rate        | 0.0003       |
|    loss                 | 0.139        |
|    n_updates            | 195          |
|    policy_gradient_loss | 0.00135      |
|    std                  | 0.978        |
|    value_loss           | 8.04         |
------------------------------------------
-----------------------------------------
| rollout/                |             |
|    ep_len_mean          | 2.02e+03    |
|    ep_rew_mean          | 17.3        |
| time/                   |             |
|    fps                  | 1541        |
|    iterations           | 41          |
|    time_elapsed         | 54          |
|    total_timesteps      | 83968       |
| train/                  |             |
|    approx_kl            | 0.009435613 |
|    clip_fraction        | 0.0821      |
|    clip_range           | 0.2         |
|    entropy_loss         | -2.79       |
|    explained_variance   | 0.0195      |
|    learning_rate        | 0.0003      |
|    loss                 | 31          |
|    n_updates            | 200         |
|    policy_gradient_loss | -0.00316    |
|    std                  | 0.979       |
|    value_loss           | 54.3        |
-----------------------------------------
------------------------------------------
| rollout/                |              |
|    ep_len_mean          | 2.02e+03     |
|    ep_rew_mean          | 17.3         |
| time/                   |              |
|    fps                  | 1540         |
|    iterations           | 42           |
|    time_elapsed         | 55           |
|    total_timesteps      | 86016        |
| train/                  |              |
|    approx_kl            | 0.0066220374 |
|    clip_fraction        | 0.0843       |
|    clip_range           | 0.2          |
|    entropy_loss         | -2.79        |
|    explained_variance   | 0.388        |
|    learning_rate        | 0.0003       |
|    loss                 | 4.77         |
|    n_updates            | 205          |
|    policy_gradient_loss | -0.00214     |
|    std                  | 0.977        |
|    value_loss           | 17.8         |
------------------------------------------
------------------------------------------
| rollout/                |              |
|    ep_len_mean          | 2.01e+03     |
|    ep_rew_mean          | 17.5         |
| time/                   |              |
|    fps                  | 1539         |
|    iterations           | 43           |
|    time_elapsed         | 57           |
|    total_timesteps      | 88064        |
| train/                  |              |
|    approx_kl            | 0.0013391961 |
|    clip_fraction        | 0.000586     |
|    clip_range           | 0.2          |
|    entropy_loss         | -2.79        |
|    explained_variance   | 0.512        |
|    learning_rate        | 0.0003       |
|    loss                 | 0.429        |
|    n_updates            | 210          |
|    policy_gradient_loss | -0.0012      |
|    std                  | 0.978        |
|    value_loss           | 6.97         |
------------------------------------------
------------------------------------------
| rollout/                |              |
|    ep_len_mean          | 2.01e+03     |
|    ep_rew_mean          | 17.5         |
| time/                   |              |
|    fps                  | 1535         |
|    iterations           | 44           |
|    time_elapsed         | 58           |
|    total_timesteps      | 90112        |
| train/                  |              |
|    approx_kl            | 0.0016024164 |
|    clip_fraction        | 0.00195      |
|    clip_range           | 0.2          |
|    entropy_loss         | -2.79        |
|    explained_variance   | 0.48         |
|    learning_rate        | 0.0003       |
|    loss                 | 12.4         |
|    n_updates            | 215          |
|    policy_gradient_loss | -0.000912    |
|    std                  | 0.977        |
|    value_loss           | 12           |
------------------------------------------
------------------------------------------
| rollout/                |              |
|    ep_len_mean          | 2.01e+03     |
|    ep_rew_mean          | 16.8         |
| time/                   |              |
|    fps                  | 1537         |
|    iterations           | 45           |
|    time_elapsed         | 59           |
|    total_timesteps      | 92160        |
| train/                  |              |
|    approx_kl            | 0.0018004866 |
|    clip_fraction        | 0.00166      |
|    clip_range           | 0.2          |
|    entropy_loss         | -2.79        |
|    explained_variance   | 0.256        |
|    learning_rate        | 0.0003       |
|    loss                 | 1.35         |
|    n_updates            | 220          |
|    policy_gradient_loss | -0.000993    |
|    std                  | 0.977        |
|    value_loss           | 16.8         |
------------------------------------------
------------------------------------------
| rollout/                |              |
|    ep_len_mean          | 2.01e+03     |
|    ep_rew_mean          | 16.8         |
| time/                   |              |
|    fps                  | 1537         |
|    iterations           | 46           |
|    time_elapsed         | 61           |
|    total_timesteps      | 94208        |
| train/                  |              |
|    approx_kl            | 0.0016025817 |
|    clip_fraction        | 0.00273      |
|    clip_range           | 0.2          |
|    entropy_loss         | -2.79        |
|    explained_variance   | 0.492        |
|    learning_rate        | 0.0003       |
|    loss                 | 9.95         |
|    n_updates            | 225          |
|    policy_gradient_loss | -0.00112     |
|    std                  | 0.977        |
|    value_loss           | 11           |
------------------------------------------
------------------------------------------
| rollout/                |              |
|    ep_len_mean          | 2.01e+03     |
|    ep_rew_mean          | 16.8         |
| time/                   |              |
|    fps                  | 1537         |
|    iterations           | 47           |
|    time_elapsed         | 62           |
|    total_timesteps      | 96256        |
| train/                  |              |
|    approx_kl            | 0.0066002295 |
|    clip_fraction        | 0.0354       |
|    clip_range           | 0.2          |
|    entropy_loss         | -2.79        |
|    explained_variance   | 0.267        |
|    learning_rate        | 0.0003       |
|    loss                 | 2.47         |
|    n_updates            | 230          |
|    policy_gradient_loss | -0.00288     |
|    std                  | 0.977        |
|    value_loss           | 9.9          |
------------------------------------------
------------------------------------------
| rollout/                |              |
|    ep_len_mean          | 2.02e+03     |
|    ep_rew_mean          | 16.5         |
| time/                   |              |
|    fps                  | 1539         |
|    iterations           | 48           |
|    time_elapsed         | 63           |
|    total_timesteps      | 98304        |
| train/                  |              |
|    approx_kl            | 0.0031122346 |
|    clip_fraction        | 0.0159       |
|    clip_range           | 0.2          |
|    entropy_loss         | -2.79        |
|    explained_variance   | 0.855        |
|    learning_rate        | 0.0003       |
|    loss                 | 0.242        |
|    n_updates            | 235          |
|    policy_gradient_loss | -0.00209     |
|    std                  | 0.977        |
|    value_loss           | 4.52         |
------------------------------------------
------------------------------------------
| rollout/                |              |
|    ep_len_mean          | 2.02e+03     |
|    ep_rew_mean          | 16.5         |
| time/                   |              |
|    fps                  | 1536         |
|    iterations           | 49           |
|    time_elapsed         | 65           |
|    total_timesteps      | 100352       |
| train/                  |              |
|    approx_kl            | 0.0034992918 |
|    clip_fraction        | 0.0137       |
|    clip_range           | 0.2          |
|    entropy_loss         | -2.79        |
|    explained_variance   | 0.515        |
|    learning_rate        | 0.0003       |
|    loss                 | 14.4         |
|    n_updates            | 240          |
|    policy_gradient_loss | -0.0013      |
|    std                  | 0.977        |
|    value_loss           | 19.7         |
------------------------------------------
------------------------------------------
| rollout/                |              |
|    ep_len_mean          | 2.02e+03     |
|    ep_rew_mean          | 16           |
| time/                   |              |
|    fps                  | 1538         |
|    iterations           | 50           |
|    time_elapsed         | 66           |
|    total_timesteps      | 102400       |
| train/                  |              |
|    approx_kl            | 0.0018945022 |
|    clip_fraction        | 0.0116       |
|    clip_range           | 0.2          |
|    entropy_loss         | -2.79        |
|    explained_variance   | 0.731        |
|    learning_rate        | 0.0003       |
|    loss                 | 0.0688       |
|    n_updates            | 245          |
|    policy_gradient_loss | -0.000465    |
|    std                  | 0.978        |
|    value_loss           | 5.85         |
------------------------------------------
------------------------------------------
| rollout/                |              |
|    ep_len_mean          | 2.02e+03     |
|    ep_rew_mean          | 16           |
| time/                   |              |
|    fps                  | 1537         |
|    iterations           | 51           |
|    time_elapsed         | 67           |
|    total_timesteps      | 104448       |
| train/                  |              |
|    approx_kl            | 0.0070586763 |
|    clip_fraction        | 0.0281       |
|    clip_range           | 0.2          |
|    entropy_loss         | -2.79        |
|    explained_variance   | 0.628        |
|    learning_rate        | 0.0003       |
|    loss                 | 0.359        |
|    n_updates            | 250          |
|    policy_gradient_loss | -0.00332     |
|    std                  | 0.978        |
|    value_loss           | 13.9         |
------------------------------------------
-----------------------------------------
| rollout/                |             |
|    ep_len_mean          | 2.03e+03    |
|    ep_rew_mean          | 15.3        |
| time/                   |             |
|    fps                  | 1537        |
|    iterations           | 52          |
|    time_elapsed         | 69          |
|    total_timesteps      | 106496      |
| train/                  |             |
|    approx_kl            | 0.003066603 |
|    clip_fraction        | 0.011       |
|    clip_range           | 0.2         |
|    entropy_loss         | -2.79       |
|    explained_variance   | 0.657       |
|    learning_rate        | 0.0003      |
|    loss                 | 0.706       |
|    n_updates            | 255         |
|    policy_gradient_loss | -0.00316    |
|    std                  | 0.978       |
|    value_loss           | 8.4         |
-----------------------------------------
-------------------------------------------
| rollout/                |               |
|    ep_len_mean          | 2.03e+03      |
|    ep_rew_mean          | 15.3          |
| time/                   |               |
|    fps                  | 1532          |
|    iterations           | 53            |
|    time_elapsed         | 70            |
|    total_timesteps      | 108544        |
| train/                  |               |
|    approx_kl            | 0.00093258976 |
|    clip_fraction        | 0.000781      |
|    clip_range           | 0.2           |
|    entropy_loss         | -2.79         |
|    explained_variance   | 0.539         |
|    learning_rate        | 0.0003        |
|    loss                 | 16            |
|    n_updates            | 260           |
|    policy_gradient_loss | -0.000837     |
|    std                  | 0.978         |
|    value_loss           | 14.5          |
-------------------------------------------
------------------------------------------
| rollout/                |              |
|    ep_len_mean          | 2.04e+03     |
|    ep_rew_mean          | 15.3         |
| time/                   |              |
|    fps                  | 1530         |
|    iterations           | 54           |
|    time_elapsed         | 72           |
|    total_timesteps      | 110592       |
| train/                  |              |
|    approx_kl            | 0.0077514676 |
|    clip_fraction        | 0.0488       |
|    clip_range           | 0.2          |
|    entropy_loss         | -2.79        |
|    explained_variance   | 0.81         |
|    learning_rate        | 0.0003       |
|    loss                 | 3.03         |
|    n_updates            | 265          |
|    policy_gradient_loss | -0.00548     |
|    std                  | 0.978        |
|    value_loss           | 5.24         |
------------------------------------------
-----------------------------------------
| rollout/                |             |
|    ep_len_mean          | 2.04e+03    |
|    ep_rew_mean          | 14.9        |
| time/                   |             |
|    fps                  | 1526        |
|    iterations           | 55          |
|    time_elapsed         | 73          |
|    total_timesteps      | 112640      |
| train/                  |             |
|    approx_kl            | 0.008648758 |
|    clip_fraction        | 0.0653      |
|    clip_range           | 0.2         |
|    entropy_loss         | -2.79       |
|    explained_variance   | 0.736       |
|    learning_rate        | 0.0003      |
|    loss                 | 0.261       |
|    n_updates            | 270         |
|    policy_gradient_loss | -0.0018     |
|    std                  | 0.978       |
|    value_loss           | 10.1        |
-----------------------------------------
------------------------------------------
| rollout/                |              |
|    ep_len_mean          | 2.04e+03     |
|    ep_rew_mean          | 14.6         |
| time/                   |              |
|    fps                  | 1522         |
|    iterations           | 56           |
|    time_elapsed         | 75           |
|    total_timesteps      | 114688       |
| train/                  |              |
|    approx_kl            | 0.0065637473 |
|    clip_fraction        | 0.0529       |
|    clip_range           | 0.2          |
|    entropy_loss         | -2.79        |
|    explained_variance   | 0.589        |
|    learning_rate        | 0.0003       |
|    loss                 | 3.53         |
|    n_updates            | 275          |
|    policy_gradient_loss | -0.00409     |
|    std                  | 0.977        |
|    value_loss           | 11.5         |
------------------------------------------
------------------------------------------
| rollout/                |              |
|    ep_len_mean          | 2.04e+03     |
|    ep_rew_mean          | 14.5         |
| time/                   |              |
|    fps                  | 1520         |
|    iterations           | 57           |
|    time_elapsed         | 76           |
|    total_timesteps      | 116736       |
| train/                  |              |
|    approx_kl            | 0.0025726822 |
|    clip_fraction        | 0.0157       |
|    clip_range           | 0.2          |
|    entropy_loss         | -2.79        |
|    explained_variance   | 0.675        |
|    learning_rate        | 0.0003       |
|    loss                 | 1.93         |
|    n_updates            | 280          |
|    policy_gradient_loss | -0.0023      |
|    std                  | 0.977        |
|    value_loss           | 12.9         |
------------------------------------------
-----------------------------------------
| rollout/                |             |
|    ep_len_mean          | 2.05e+03    |
|    ep_rew_mean          | 14.2        |
| time/                   |             |
|    fps                  | 1517        |
|    iterations           | 58          |
|    time_elapsed         | 78          |
|    total_timesteps      | 118784      |
| train/                  |             |
|    approx_kl            | 0.004971941 |
|    clip_fraction        | 0.0221      |
|    clip_range           | 0.2         |
|    entropy_loss         | -2.79       |
|    explained_variance   | 0.625       |
|    learning_rate        | 0.0003      |
|    loss                 | 2.34        |
|    n_updates            | 285         |
|    policy_gradient_loss | -0.00145    |
|    std                  | 0.977       |
|    value_loss           | 12          |
-----------------------------------------
------------------------------------------
| rollout/                |              |
|    ep_len_mean          | 2.05e+03     |
|    ep_rew_mean          | 14.1         |
| time/                   |              |
|    fps                  | 1514         |
|    iterations           | 59           |
|    time_elapsed         | 79           |
|    total_timesteps      | 120832       |
| train/                  |              |
|    approx_kl            | 0.0018307501 |
|    clip_fraction        | 0.00781      |
|    clip_range           | 0.2          |
|    entropy_loss         | -2.79        |
|    explained_variance   | 0.609        |
|    learning_rate        | 0.0003       |
|    loss                 | 7.81         |
|    n_updates            | 290          |
|    policy_gradient_loss | -0.00128     |
|    std                  | 0.977        |
|    value_loss           | 12           |
------------------------------------------
------------------------------------------
| rollout/                |              |
|    ep_len_mean          | 2.05e+03     |
|    ep_rew_mean          | 13.7         |
| time/                   |              |
|    fps                  | 1511         |
|    iterations           | 60           |
|    time_elapsed         | 81           |
|    total_timesteps      | 122880       |
| train/                  |              |
|    approx_kl            | 0.0031046825 |
|    clip_fraction        | 0.0126       |
|    clip_range           | 0.2          |
|    entropy_loss         | -2.79        |
|    explained_variance   | 0.765        |
|    learning_rate        | 0.0003       |
|    loss                 | 1.13         |
|    n_updates            | 295          |
|    policy_gradient_loss | -0.00273     |
|    std                  | 0.976        |
|    value_loss           | 9.72         |
------------------------------------------
------------------------------------------
| rollout/                |              |
|    ep_len_mean          | 2.06e+03     |
|    ep_rew_mean          | 13.4         |
| time/                   |              |
|    fps                  | 1508         |
|    iterations           | 61           |
|    time_elapsed         | 82           |
|    total_timesteps      | 124928       |
| train/                  |              |
|    approx_kl            | 0.0074259373 |
|    clip_fraction        | 0.0618       |
|    clip_range           | 0.2          |
|    entropy_loss         | -2.79        |
|    explained_variance   | 0.618        |
|    learning_rate        | 0.0003       |
|    loss                 | 0.257        |
|    n_updates            | 300          |
|    policy_gradient_loss | -0.00115     |
|    std                  | 0.976        |
|    value_loss           | 9.24         |
------------------------------------------
-----------------------------------------
| rollout/                |             |
|    ep_len_mean          | 2.06e+03    |
|    ep_rew_mean          | 13.4        |
| time/                   |             |
|    fps                  | 1506        |
|    iterations           | 62          |
|    time_elapsed         | 84          |
|    total_timesteps      | 126976      |
| train/                  |             |
|    approx_kl            | 0.006780538 |
|    clip_fraction        | 0.0234      |
|    clip_range           | 0.2         |
|    entropy_loss         | -2.79       |
|    explained_variance   | 0.37        |
|    learning_rate        | 0.0003      |
|    loss                 | 0.532       |
|    n_updates            | 305         |
|    policy_gradient_loss | -0.00226    |
|    std                  | 0.976       |
|    value_loss           | 11.2        |
-----------------------------------------
-----------------------------------------
| rollout/                |             |
|    ep_len_mean          | 2.06e+03    |
|    ep_rew_mean          | 13.2        |
| time/                   |             |
|    fps                  | 1505        |
|    iterations           | 63          |
|    time_elapsed         | 85          |
|    total_timesteps      | 129024      |
| train/                  |             |
|    approx_kl            | 0.004133619 |
|    clip_fraction        | 0.0134      |
|    clip_range           | 0.2         |
|    entropy_loss         | -2.79       |
|    explained_variance   | 0.658       |
|    learning_rate        | 0.0003      |
|    loss                 | 7.13        |
|    n_updates            | 310         |
|    policy_gradient_loss | -0.00197    |
|    std                  | 0.976       |
|    value_loss           | 7.23        |
-----------------------------------------
----------------------------------------
| rollout/                |            |
|    ep_len_mean          | 2.06e+03   |
|    ep_rew_mean          | 13.2       |
| time/                   |            |
|    fps                  | 1503       |
|    iterations           | 64         |
|    time_elapsed         | 87         |
|    total_timesteps      | 131072     |
| train/                  |            |
|    approx_kl            | 0.00416054 |
|    clip_fraction        | 0.0216     |
|    clip_range           | 0.2        |
|    entropy_loss         | -2.79      |
|    explained_variance   | 0.494      |
|    learning_rate        | 0.0003     |
|    loss                 | 0.468      |
|    n_updates            | 315        |
|    policy_gradient_loss | -0.00136   |
|    std                  | 0.975      |
|    value_loss           | 22.9       |
----------------------------------------
----------------------------------------
| rollout/                |            |
|    ep_len_mean          | 2.07e+03   |
|    ep_rew_mean          | 13         |
| time/                   |            |
|    fps                  | 1503       |
|    iterations           | 65         |
|    time_elapsed         | 88         |
|    total_timesteps      | 133120     |
| train/                  |            |
|    approx_kl            | 0.00376756 |
|    clip_fraction        | 0.035      |
|    clip_range           | 0.2        |
|    entropy_loss         | -2.79      |
|    explained_variance   | 0.78       |
|    learning_rate        | 0.0003     |
|    loss                 | 2.16       |
|    n_updates            | 320        |
|    policy_gradient_loss | -0.00313   |
|    std                  | 0.975      |
|    value_loss           | 6.37       |
----------------------------------------
------------------------------------------
| rollout/                |              |
|    ep_len_mean          | 2.07e+03     |
|    ep_rew_mean          | 12.7         |
| time/                   |              |
|    fps                  | 1501         |
|    iterations           | 66           |
|    time_elapsed         | 89           |
|    total_timesteps      | 135168       |
| train/                  |              |
|    approx_kl            | 0.0030514009 |
|    clip_fraction        | 0.0509       |
|    clip_range           | 0.2          |
|    entropy_loss         | -2.79        |
|    explained_variance   | 0.559        |
|    learning_rate        | 0.0003       |
|    loss                 | 0.339        |
|    n_updates            | 325          |
|    policy_gradient_loss | -0.00379     |
|    std                  | 0.976        |
|    value_loss           | 13.8         |
------------------------------------------
------------------------------------------
| rollout/                |              |
|    ep_len_mean          | 2.06e+03     |
|    ep_rew_mean          | 13.9         |
| time/                   |              |
|    fps                  | 1500         |
|    iterations           | 67           |
|    time_elapsed         | 91           |
|    total_timesteps      | 137216       |
| train/                  |              |
|    approx_kl            | 0.0030156923 |
|    clip_fraction        | 0.0222       |
|    clip_range           | 0.2          |
|    entropy_loss         | -2.79        |
|    explained_variance   | 0.666        |
|    learning_rate        | 0.0003       |
|    loss                 | 6.52         |
|    n_updates            | 330          |
|    policy_gradient_loss | -0.0017      |
|    std                  | 0.975        |
|    value_loss           | 13.4         |
------------------------------------------
------------------------------------------
| rollout/                |              |
|    ep_len_mean          | 2.06e+03     |
|    ep_rew_mean          | 13.7         |
| time/                   |              |
|    fps                  | 1497         |
|    iterations           | 68           |
|    time_elapsed         | 92           |
|    total_timesteps      | 139264       |
| train/                  |              |
|    approx_kl            | 0.0038968765 |
|    clip_fraction        | 0.0201       |
|    clip_range           | 0.2          |
|    entropy_loss         | -2.79        |
|    explained_variance   | 0.149        |
|    learning_rate        | 0.0003       |
|    loss                 | 154          |
|    n_updates            | 335          |
|    policy_gradient_loss | -0.00146     |
|    std                  | 0.975        |
|    value_loss           | 59.1         |
------------------------------------------
------------------------------------------
| rollout/                |              |
|    ep_len_mean          | 2.06e+03     |
|    ep_rew_mean          | 13.7         |
| time/                   |              |
|    fps                  | 1496         |
|    iterations           | 69           |
|    time_elapsed         | 94           |
|    total_timesteps      | 141312       |
| train/                  |              |
|    approx_kl            | 0.0045104288 |
|    clip_fraction        | 0.0482       |
|    clip_range           | 0.2          |
|    entropy_loss         | -2.79        |
|    explained_variance   | 0.546        |
|    learning_rate        | 0.0003       |
|    loss                 | 1.66         |
|    n_updates            | 340          |
|    policy_gradient_loss | -0.00218     |
|    std                  | 0.975        |
|    value_loss           | 13.1         |
------------------------------------------
------------------------------------------
| rollout/                |              |
|    ep_len_mean          | 2.06e+03     |
|    ep_rew_mean          | 13.5         |
| time/                   |              |
|    fps                  | 1495         |
|    iterations           | 70           |
|    time_elapsed         | 95           |
|    total_timesteps      | 143360       |
| train/                  |              |
|    approx_kl            | 0.0061557116 |
|    clip_fraction        | 0.0207       |
|    clip_range           | 0.2          |
|    entropy_loss         | -2.79        |
|    explained_variance   | 0.633        |
|    learning_rate        | 0.0003       |
|    loss                 | 4.08         |
|    n_updates            | 345          |
|    policy_gradient_loss | -0.00124     |
|    std                  | 0.975        |
|    value_loss           | 6.67         |
------------------------------------------
-----------------------------------------
| rollout/                |             |
|    ep_len_mean          | 2.06e+03    |
|    ep_rew_mean          | 13.4        |
| time/                   |             |
|    fps                  | 1494        |
|    iterations           | 71          |
|    time_elapsed         | 97          |
|    total_timesteps      | 145408      |
| train/                  |             |
|    approx_kl            | 0.004033904 |
|    clip_fraction        | 0.0159      |
|    clip_range           | 0.2         |
|    entropy_loss         | -2.79       |
|    explained_variance   | 0.679       |
|    learning_rate        | 0.0003      |
|    loss                 | 0.0868      |
|    n_updates            | 350         |
|    policy_gradient_loss | -0.00221    |
|    std                  | 0.975       |
|    value_loss           | 10.4        |
-----------------------------------------
------------------------------------------
| rollout/                |              |
|    ep_len_mean          | 2.07e+03     |
|    ep_rew_mean          | 13.1         |
| time/                   |              |
|    fps                  | 1492         |
|    iterations           | 72           |
|    time_elapsed         | 98           |
|    total_timesteps      | 147456       |
| train/                  |              |
|    approx_kl            | 0.0058587203 |
|    clip_fraction        | 0.0354       |
|    clip_range           | 0.2          |
|    entropy_loss         | -2.79        |
|    explained_variance   | 0.675        |
|    learning_rate        | 0.0003       |
|    loss                 | 0.566        |
|    n_updates            | 355          |
|    policy_gradient_loss | -0.00013     |
|    std                  | 0.976        |
|    value_loss           | 11.7         |
------------------------------------------
------------------------------------------
| rollout/                |              |
|    ep_len_mean          | 2.05e+03     |
|    ep_rew_mean          | 14.8         |
| time/                   |              |
|    fps                  | 1490         |
|    iterations           | 73           |
|    time_elapsed         | 100          |
|    total_timesteps      | 149504       |
| train/                  |              |
|    approx_kl            | 0.0045091463 |
|    clip_fraction        | 0.0284       |
|    clip_range           | 0.2          |
|    entropy_loss         | -2.79        |
|    explained_variance   | 0.512        |
|    learning_rate        | 0.0003       |
|    loss                 | 7.45         |
|    n_updates            | 360          |
|    policy_gradient_loss | -0.00346     |
|    std                  | 0.977        |
|    value_loss           | 14           |
------------------------------------------
-----------------------------------------
| rollout/                |             |
|    ep_len_mean          | 2.05e+03    |
|    ep_rew_mean          | 16.1        |
| time/                   |             |
|    fps                  | 1489        |
|    iterations           | 74          |
|    time_elapsed         | 101         |
|    total_timesteps      | 151552      |
| train/                  |             |
|    approx_kl            | 0.010942418 |
|    clip_fraction        | 0.0779      |
|    clip_range           | 0.2         |
|    entropy_loss         | -2.79       |
|    explained_variance   | -0.0793     |
|    learning_rate        | 0.0003      |
|    loss                 | 3.72        |
|    n_updates            | 365         |
|    policy_gradient_loss | -0.00168    |
|    std                  | 0.977       |
|    value_loss           | 52.1        |
-----------------------------------------
------------------------------------------
| rollout/                |              |
|    ep_len_mean          | 2.04e+03     |
|    ep_rew_mean          | 17.3         |
| time/                   |              |
|    fps                  | 1488         |
|    iterations           | 75           |
|    time_elapsed         | 103          |
|    total_timesteps      | 153600       |
| train/                  |              |
|    approx_kl            | 0.0020838003 |
|    clip_fraction        | 0.00303      |
|    clip_range           | 0.2          |
|    entropy_loss         | -2.79        |
|    explained_variance   | 0.243        |
|    learning_rate        | 0.0003       |
|    loss                 | 4.23         |
|    n_updates            | 370          |
|    policy_gradient_loss | -0.00167     |
|    std                  | 0.977        |
|    value_loss           | 53.3         |
------------------------------------------
------------------------------------------
| rollout/                |              |
|    ep_len_mean          | 2.04e+03     |
|    ep_rew_mean          | 17.3         |
| time/                   |              |
|    fps                  | 1486         |
|    iterations           | 76           |
|    time_elapsed         | 104          |
|    total_timesteps      | 155648       |
| train/                  |              |
|    approx_kl            | 0.0053982357 |
|    clip_fraction        | 0.0337       |
|    clip_range           | 0.2          |
|    entropy_loss         | -2.79        |
|    explained_variance   | -0.148       |
|    learning_rate        | 0.0003       |
|    loss                 | 0.326        |
|    n_updates            | 375          |
|    policy_gradient_loss | -0.00367     |
|    std                  | 0.977        |
|    value_loss           | 56.8         |
------------------------------------------
-----------------------------------------
| rollout/                |             |
|    ep_len_mean          | 2.04e+03    |
|    ep_rew_mean          | 17.2        |
| time/                   |             |
|    fps                  | 1487        |
|    iterations           | 77          |
|    time_elapsed         | 106         |
|    total_timesteps      | 157696      |
| train/                  |             |
|    approx_kl            | 0.003521006 |
|    clip_fraction        | 0.0118      |
|    clip_range           | 0.2         |
|    entropy_loss         | -2.79       |
|    explained_variance   | 0.375       |
|    learning_rate        | 0.0003      |
|    loss                 | 4.05        |
|    n_updates            | 380         |
|    policy_gradient_loss | -0.00108    |
|    std                  | 0.976       |
|    value_loss           | 5.07        |
-----------------------------------------
------------------------------------------
| rollout/                |              |
|    ep_len_mean          | 2.04e+03     |
|    ep_rew_mean          | 17.2         |
| time/                   |              |
|    fps                  | 1486         |
|    iterations           | 78           |
|    time_elapsed         | 107          |
|    total_timesteps      | 159744       |
| train/                  |              |
|    approx_kl            | 0.0023848636 |
|    clip_fraction        | 0.00527      |
|    clip_range           | 0.2          |
|    entropy_loss         | -2.79        |
|    explained_variance   | 0.714        |
|    learning_rate        | 0.0003       |
|    loss                 | 2.44         |
|    n_updates            | 385          |
|    policy_gradient_loss | -0.00249     |
|    std                  | 0.975        |
|    value_loss           | 11.5         |
------------------------------------------
------------------------------------------
| rollout/                |              |
|    ep_len_mean          | 2.04e+03     |
|    ep_rew_mean          | 16.9         |
| time/                   |              |
|    fps                  | 1486         |
|    iterations           | 79           |
|    time_elapsed         | 108          |
|    total_timesteps      | 161792       |
| train/                  |              |
|    approx_kl            | 0.0057848403 |
|    clip_fraction        | 0.0587       |
|    clip_range           | 0.2          |
|    entropy_loss         | -2.79        |
|    explained_variance   | 0.908        |
|    learning_rate        | 0.0003       |
|    loss                 | 3.55         |
|    n_updates            | 390          |
|    policy_gradient_loss | -0.00465     |
|    std                  | 0.976        |
|    value_loss           | 1.87         |
------------------------------------------
-----------------------------------------
| rollout/                |             |
|    ep_len_mean          | 2.04e+03    |
|    ep_rew_mean          | 16.9        |
| time/                   |             |
|    fps                  | 1483        |
|    iterations           | 80          |
|    time_elapsed         | 110         |
|    total_timesteps      | 163840      |
| train/                  |             |
|    approx_kl            | 0.004683817 |
|    clip_fraction        | 0.0749      |
|    clip_range           | 0.2         |
|    entropy_loss         | -2.79       |
|    explained_variance   | 0.467       |
|    learning_rate        | 0.0003      |
|    loss                 | 21.1        |
|    n_updates            | 395         |
|    policy_gradient_loss | -0.00171    |
|    std                  | 0.976       |
|    value_loss           | 21.7        |
-----------------------------------------
------------------------------------------
| rollout/                |              |
|    ep_len_mean          | 2.04e+03     |
|    ep_rew_mean          | 16.9         |
| time/                   |              |
|    fps                  | 1481         |
|    iterations           | 81           |
|    time_elapsed         | 111          |
|    total_timesteps      | 165888       |
| train/                  |              |
|    approx_kl            | 0.0026270584 |
|    clip_fraction        | 0.00449      |
|    clip_range           | 0.2          |
|    entropy_loss         | -2.79        |
|    explained_variance   | 0.759        |
|    learning_rate        | 0.0003       |
|    loss                 | 0.159        |
|    n_updates            | 400          |
|    policy_gradient_loss | -0.0014      |
|    std                  | 0.976        |
|    value_loss           | 5.59         |
------------------------------------------
------------------------------------------
| rollout/                |              |
|    ep_len_mean          | 2.05e+03     |
|    ep_rew_mean          | 16.8         |
| time/                   |              |
|    fps                  | 1481         |
|    iterations           | 82           |
|    time_elapsed         | 113          |
|    total_timesteps      | 167936       |
| train/                  |              |
|    approx_kl            | 0.0041151773 |
|    clip_fraction        | 0.00967      |
|    clip_range           | 0.2          |
|    entropy_loss         | -2.79        |
|    explained_variance   | 0.942        |
|    learning_rate        | 0.0003       |
|    loss                 | 1.48         |
|    n_updates            | 405          |
|    policy_gradient_loss | -0.00198     |
|    std                  | 0.975        |
|    value_loss           | 3.08         |
------------------------------------------
------------------------------------------
| rollout/                |              |
|    ep_len_mean          | 2.03e+03     |
|    ep_rew_mean          | 17.6         |
| time/                   |              |
|    fps                  | 1478         |
|    iterations           | 83           |
|    time_elapsed         | 114          |
|    total_timesteps      | 169984       |
| train/                  |              |
|    approx_kl            | 0.0006407864 |
|    clip_fraction        | 0            |
|    clip_range           | 0.2          |
|    entropy_loss         | -2.79        |
|    explained_variance   | 0.64         |
|    learning_rate        | 0.0003       |
|    loss                 | 0.0214       |
|    n_updates            | 410          |
|    policy_gradient_loss | -0.00101     |
|    std                  | 0.975        |
|    value_loss           | 11.2         |
------------------------------------------
------------------------------------------
| rollout/                |              |
|    ep_len_mean          | 2.03e+03     |
|    ep_rew_mean          | 17.6         |
| time/                   |              |
|    fps                  | 1474         |
|    iterations           | 84           |
|    time_elapsed         | 116          |
|    total_timesteps      | 172032       |
| train/                  |              |
|    approx_kl            | 0.0014093218 |
|    clip_fraction        | 0.000293     |
|    clip_range           | 0.2          |
|    entropy_loss         | -2.79        |
|    explained_variance   | 0.139        |
|    learning_rate        | 0.0003       |
|    loss                 | 0.146        |
|    n_updates            | 415          |
|    policy_gradient_loss | -0.00125     |
|    std                  | 0.975        |
|    value_loss           | 64.4         |
------------------------------------------
-----------------------------------------
| rollout/                |             |
|    ep_len_mean          | 2.03e+03    |
|    ep_rew_mean          | 17.6        |
| time/                   |             |
|    fps                  | 1473        |
|    iterations           | 85          |
|    time_elapsed         | 118         |
|    total_timesteps      | 174080      |
| train/                  |             |
|    approx_kl            | 0.004233521 |
|    clip_fraction        | 0.0173      |
|    clip_range           | 0.2         |
|    entropy_loss         | -2.79       |
|    explained_variance   | 0.635       |
|    learning_rate        | 0.0003      |
|    loss                 | 9.65        |
|    n_updates            | 420         |
|    policy_gradient_loss | -0.0023     |
|    std                  | 0.975       |
|    value_loss           | 10.8        |
-----------------------------------------
-------------------------------------------
| rollout/                |               |
|    ep_len_mean          | 2.03e+03      |
|    ep_rew_mean          | 17.6          |
| time/                   |               |
|    fps                  | 1473          |
|    iterations           | 86            |
|    time_elapsed         | 119           |
|    total_timesteps      | 176128        |
| train/                  |               |
|    approx_kl            | 0.00079924613 |
|    clip_fraction        | 0.000391      |
|    clip_range           | 0.2           |
|    entropy_loss         | -2.79         |
|    explained_variance   | 0.767         |
|    learning_rate        | 0.0003        |
|    loss                 | 1.74          |
|    n_updates            | 425           |
|    policy_gradient_loss | -0.001        |
|    std                  | 0.975         |
|    value_loss           | 5.22          |
-------------------------------------------
------------------------------------------
| rollout/                |              |
|    ep_len_mean          | 2.04e+03     |
|    ep_rew_mean          | 17.1         |
| time/                   |              |
|    fps                  | 1472         |
|    iterations           | 87           |
|    time_elapsed         | 120          |
|    total_timesteps      | 178176       |
| train/                  |              |
|    approx_kl            | 0.0004973606 |
|    clip_fraction        | 0            |
|    clip_range           | 0.2          |
|    entropy_loss         | -2.79        |
|    explained_variance   | 0.916        |
|    learning_rate        | 0.0003       |
|    loss                 | 0.534        |
|    n_updates            | 430          |
|    policy_gradient_loss | -0.000662    |
|    std                  | 0.975        |
|    value_loss           | 3.61         |
------------------------------------------
-----------------------------------------
| rollout/                |             |
|    ep_len_mean          | 2.04e+03    |
|    ep_rew_mean          | 16.9        |
| time/                   |             |
|    fps                  | 1471        |
|    iterations           | 88          |
|    time_elapsed         | 122         |
|    total_timesteps      | 180224      |
| train/                  |             |
|    approx_kl            | 0.005112717 |
|    clip_fraction        | 0.0269      |
|    clip_range           | 0.2         |
|    entropy_loss         | -2.79       |
|    explained_variance   | 0.456       |
|    learning_rate        | 0.0003      |
|    loss                 | 27.6        |
|    n_updates            | 435         |
|    policy_gradient_loss | -0.00105    |
|    std                  | 0.975       |
|    value_loss           | 14.7        |
-----------------------------------------
-----------------------------------------
| rollout/                |             |
|    ep_len_mean          | 2.03e+03    |
|    ep_rew_mean          | 16.9        |
| time/                   |             |
|    fps                  | 1470        |
|    iterations           | 89          |
|    time_elapsed         | 123         |
|    total_timesteps      | 182272      |
| train/                  |             |
|    approx_kl            | 0.005083439 |
|    clip_fraction        | 0.0305      |
|    clip_range           | 0.2         |
|    entropy_loss         | -2.79       |
|    explained_variance   | 0.4         |
|    learning_rate        | 0.0003      |
|    loss                 | 2.01        |
|    n_updates            | 440         |
|    policy_gradient_loss | -0.00133    |
|    std                  | 0.976       |
|    value_loss           | 8.18        |
-----------------------------------------
------------------------------------------
| rollout/                |              |
|    ep_len_mean          | 2.03e+03     |
|    ep_rew_mean          | 16.9         |
| time/                   |              |
|    fps                  | 1469         |
|    iterations           | 90           |
|    time_elapsed         | 125          |
|    total_timesteps      | 184320       |
| train/                  |              |
|    approx_kl            | 0.0009884584 |
|    clip_fraction        | 0.000879     |
|    clip_range           | 0.2          |
|    entropy_loss         | -2.79        |
|    explained_variance   | 0.66         |
|    learning_rate        | 0.0003       |
|    loss                 | 1.72         |
|    n_updates            | 445          |
|    policy_gradient_loss | -0.000975    |
|    std                  | 0.977        |
|    value_loss           | 9.67         |
------------------------------------------
------------------------------------------
| rollout/                |              |
|    ep_len_mean          | 2.02e+03     |
|    ep_rew_mean          | 17.9         |
| time/                   |              |
|    fps                  | 1470         |
|    iterations           | 91           |
|    time_elapsed         | 126          |
|    total_timesteps      | 186368       |
| train/                  |              |
|    approx_kl            | 0.0023641062 |
|    clip_fraction        | 0.00918      |
|    clip_range           | 0.2          |
|    entropy_loss         | -2.79        |
|    explained_variance   | 0.841        |
|    learning_rate        | 0.0003       |
|    loss                 | 0.349        |
|    n_updates            | 450          |
|    policy_gradient_loss | -0.0021      |
|    std                  | 0.977        |
|    value_loss           | 4            |
------------------------------------------
------------------------------------------
| rollout/                |              |
|    ep_len_mean          | 2.03e+03     |
|    ep_rew_mean          | 17.5         |
| time/                   |              |
|    fps                  | 1469         |
|    iterations           | 92           |
|    time_elapsed         | 128          |
|    total_timesteps      | 188416       |
| train/                  |              |
|    approx_kl            | 0.0066073355 |
|    clip_fraction        | 0.0417       |
|    clip_range           | 0.2          |
|    entropy_loss         | -2.79        |
|    explained_variance   | 0.298        |
|    learning_rate        | 0.0003       |
|    loss                 | 0.34         |
|    n_updates            | 455          |
|    policy_gradient_loss | 0.00131      |
|    std                  | 0.976        |
|    value_loss           | 57.5         |
------------------------------------------
------------------------------------------
| rollout/                |              |
|    ep_len_mean          | 2.02e+03     |
|    ep_rew_mean          | 18.7         |
| time/                   |              |
|    fps                  | 1468         |
|    iterations           | 93           |
|    time_elapsed         | 129          |
|    total_timesteps      | 190464       |
| train/                  |              |
|    approx_kl            | 0.0023427042 |
|    clip_fraction        | 0.027        |
|    clip_range           | 0.2          |
|    entropy_loss         | -2.79        |
|    explained_variance   | 0.449        |
|    learning_rate        | 0.0003       |
|    loss                 | 5.1          |
|    n_updates            | 460          |
|    policy_gradient_loss | -0.00168     |
|    std                  | 0.976        |
|    value_loss           | 19.7         |
------------------------------------------
-----------------------------------------
| rollout/                |             |
|    ep_len_mean          | 2.02e+03    |
|    ep_rew_mean          | 18.7        |
| time/                   |             |
|    fps                  | 1467        |
|    iterations           | 94          |
|    time_elapsed         | 131         |
|    total_timesteps      | 192512      |
| train/                  |             |
|    approx_kl            | 0.010286957 |
|    clip_fraction        | 0.0901      |
|    clip_range           | 0.2         |
|    entropy_loss         | -2.79       |
|    explained_variance   | 0.347       |
|    learning_rate        | 0.0003      |
|    loss                 | 3.18        |
|    n_updates            | 465         |
|    policy_gradient_loss | -0.00388    |
|    std                  | 0.976       |
|    value_loss           | 57          |
-----------------------------------------
------------------------------------------
| rollout/                |              |
|    ep_len_mean          | 2.02e+03     |
|    ep_rew_mean          | 18.4         |
| time/                   |              |
|    fps                  | 1466         |
|    iterations           | 95           |
|    time_elapsed         | 132          |
|    total_timesteps      | 194560       |
| train/                  |              |
|    approx_kl            | 0.0061435746 |
|    clip_fraction        | 0.0212       |
|    clip_range           | 0.2          |
|    entropy_loss         | -2.79        |
|    explained_variance   | 0.935        |
|    learning_rate        | 0.0003       |
|    loss                 | 0.865        |
|    n_updates            | 470          |
|    policy_gradient_loss | -0.00377     |
|    std                  | 0.976        |
|    value_loss           | 2.75         |
------------------------------------------
------------------------------------------
| rollout/                |              |
|    ep_len_mean          | 2.02e+03     |
|    ep_rew_mean          | 17.9         |
| time/                   |              |
|    fps                  | 1465         |
|    iterations           | 96           |
|    time_elapsed         | 134          |
|    total_timesteps      | 196608       |
| train/                  |              |
|    approx_kl            | 0.0013004026 |
|    clip_fraction        | 0.00166      |
|    clip_range           | 0.2          |
|    entropy_loss         | -2.79        |
|    explained_variance   | 0.678        |
|    learning_rate        | 0.0003       |
|    loss                 | 0.779        |
|    n_updates            | 475          |
|    policy_gradient_loss | -0.000869    |
|    std                  | 0.975        |
|    value_loss           | 12.1         |
------------------------------------------
------------------------------------------
| rollout/                |              |
|    ep_len_mean          | 2.02e+03     |
|    ep_rew_mean          | 17.9         |
| time/                   |              |
|    fps                  | 1463         |
|    iterations           | 97           |
|    time_elapsed         | 135          |
|    total_timesteps      | 198656       |
| train/                  |              |
|    approx_kl            | 0.0015092157 |
|    clip_fraction        | 0.00117      |
|    clip_range           | 0.2          |
|    entropy_loss         | -2.79        |
|    explained_variance   | 0.779        |
|    learning_rate        | 0.0003       |
|    loss                 | 2.04         |
|    n_updates            | 480          |
|    policy_gradient_loss | -0.000612    |
|    std                  | 0.975        |
|    value_loss           | 12.3         |
------------------------------------------
------------------------------------------
| rollout/                |              |
|    ep_len_mean          | 2.02e+03     |
|    ep_rew_mean          | 17.7         |
| time/                   |              |
|    fps                  | 1463         |
|    iterations           | 98           |
|    time_elapsed         | 137          |
|    total_timesteps      | 200704       |
| train/                  |              |
|    approx_kl            | 0.0029316843 |
|    clip_fraction        | 0.00576      |
|    clip_range           | 0.2          |
|    entropy_loss         | -2.79        |
|    explained_variance   | 0.765        |
|    learning_rate        | 0.0003       |
|    loss                 | 2.42         |
|    n_updates            | 485          |
|    policy_gradient_loss | -0.000561    |
|    std                  | 0.975        |
|    value_loss           | 9.01         |
------------------------------------------
------------------------------------------
| rollout/                |              |
|    ep_len_mean          | 2.02e+03     |
|    ep_rew_mean          | 17.7         |
| time/                   |              |
|    fps                  | 1462         |
|    iterations           | 99           |
|    time_elapsed         | 138          |
|    total_timesteps      | 202752       |
| train/                  |              |
|    approx_kl            | 0.0019738497 |
|    clip_fraction        | 0.0114       |
|    clip_range           | 0.2          |
|    entropy_loss         | -2.79        |
|    explained_variance   | 0.805        |
|    learning_rate        | 0.0003       |
|    loss                 | 13.8         |
|    n_updates            | 490          |
|    policy_gradient_loss | -0.00142     |
|    std                  | 0.975        |
|    value_loss           | 10.7         |
------------------------------------------
------------------------------------------
| rollout/                |              |
|    ep_len_mean          | 2.03e+03     |
|    ep_rew_mean          | 17.5         |
| time/                   |              |
|    fps                  | 1462         |
|    iterations           | 100          |
|    time_elapsed         | 140          |
|    total_timesteps      | 204800       |
| train/                  |              |
|    approx_kl            | 0.0019314564 |
|    clip_fraction        | 0.00186      |
|    clip_range           | 0.2          |
|    entropy_loss         | -2.79        |
|    explained_variance   | 0.907        |
|    learning_rate        | 0.0003       |
|    loss                 | 2.28         |
|    n_updates            | 495          |
|    policy_gradient_loss | -0.000746    |
|    std                  | 0.975        |
|    value_loss           | 4.51         |
------------------------------------------

CP1 held-out: 7/50 hits (14.0%), mean miss 12.2 m, mean reward 5.41
===== DONE CP1 Mon Sep 14 13:05:35 CEST 2026 =====
===== START CP2 Mon Sep 14 13:05:35 CEST 2026 =====
Traceback (most recent call last):
  File "/Users/vincenzo/Desktop/Projects/Physics Sim Project/missile_guidance_sim/scripts/run_evasive_checkpoint.py", line 128, in <module>
  File "/Users/vincenzo/Desktop/Projects/Physics Sim Project/missile_guidance_sim/scripts/run_evasive_checkpoint.py", line 99, in main
    if args.n_envs is not None:
       ^^^^^^^^^^^^^^^^^^^^^^
AttributeError: 'Namespace' object has no attribute 'total_checkpoints'
===== FAIL CP2 Mon Sep 14 13:05:35 CEST 2026 exit=0 =====
