CP2: evasive lineage | max_time=45s t_go_max=10s | tracking=True | obs=12-D | miss_tanh_scale=3000m shaping_gamma=1 effort_weight=5 effort_rate_weight=0 precision_weight=0 pursuer_plant=6dof -> out=outputs/evasive_6dof_seed1
---------------------------------
| rollout/           |          |
|    ep_len_mean     | 2.2e+03  |
|    ep_rew_mean     | -10.2    |
| time/              |          |
|    fps             | 1289     |
|    iterations      | 1        |
|    time_elapsed    | 1        |
|    total_timesteps | 206848   |
---------------------------------
------------------------------------------
| rollout/                |              |
|    ep_len_mean          | 2.2e+03      |
|    ep_rew_mean          | -10.2        |
| time/                   |              |
|    fps                  | 883          |
|    iterations           | 2            |
|    time_elapsed         | 4            |
|    total_timesteps      | 208896       |
| train/                  |              |
|    approx_kl            | 0.0038555495 |
|    clip_fraction        | 0.0255       |
|    clip_range           | 0.2          |
|    entropy_loss         | -2.7         |
|    explained_variance   | 0.552        |
|    learning_rate        | 0.0003       |
|    loss                 | 0.106        |
|    n_updates            | 505          |
|    policy_gradient_loss | -0.00412     |
|    std                  | 0.934        |
|    value_loss           | 1.33         |
------------------------------------------
------------------------------------------
| rollout/                |              |
|    ep_len_mean          | 2.2e+03      |
|    ep_rew_mean          | -10.2        |
| time/                   |              |
|    fps                  | 836          |
|    iterations           | 3            |
|    time_elapsed         | 7            |
|    total_timesteps      | 210944       |
| train/                  |              |
|    approx_kl            | 0.0028481625 |
|    clip_fraction        | 0.0109       |
|    clip_range           | 0.2          |
|    entropy_loss         | -2.7         |
|    explained_variance   | 0.799        |
|    learning_rate        | 0.0003       |
|    loss                 | 0.0466       |
|    n_updates            | 510          |
|    policy_gradient_loss | -0.00172     |
|    std                  | 0.936        |
|    value_loss           | 0.272        |
------------------------------------------
------------------------------------------
| rollout/                |              |
|    ep_len_mean          | 2.19e+03     |
|    ep_rew_mean          | -10.6        |
| time/                   |              |
|    fps                  | 816          |
|    iterations           | 4            |
|    time_elapsed         | 10           |
|    total_timesteps      | 212992       |
| train/                  |              |
|    approx_kl            | 0.0041475757 |
|    clip_fraction        | 0.0245       |
|    clip_range           | 0.2          |
|    entropy_loss         | -2.71        |
|    explained_variance   | 0.986        |
|    learning_rate        | 0.0003       |
|    loss                 | 0.00475      |
|    n_updates            | 515          |
|    policy_gradient_loss | -0.0018      |
|    std                  | 0.937        |
|    value_loss           | 0.0346       |
------------------------------------------
------------------------------------------
| rollout/                |              |
|    ep_len_mean          | 2.19e+03     |
|    ep_rew_mean          | -10.8        |
| time/                   |              |
|    fps                  | 806          |
|    iterations           | 5            |
|    time_elapsed         | 12           |
|    total_timesteps      | 215040       |
| train/                  |              |
|    approx_kl            | 0.0029258453 |
|    clip_fraction        | 0.0277       |
|    clip_range           | 0.2          |
|    entropy_loss         | -2.71        |
|    explained_variance   | 0.126        |
|    learning_rate        | 0.0003       |
|    loss                 | 13.3         |
|    n_updates            | 520          |
|    policy_gradient_loss | -0.00199     |
|    std                  | 0.938        |
|    value_loss           | 3.93         |
------------------------------------------
-------------------------------------------
| rollout/                |               |
|    ep_len_mean          | 2.19e+03      |
|    ep_rew_mean          | -10.8         |
| time/                   |               |
|    fps                  | 793           |
|    iterations           | 6             |
|    time_elapsed         | 15            |
|    total_timesteps      | 217088        |
| train/                  |               |
|    approx_kl            | 0.00050235016 |
|    clip_fraction        | 0             |
|    clip_range           | 0.2           |
|    entropy_loss         | -2.71         |
|    explained_variance   | 0.288         |
|    learning_rate        | 0.0003        |
|    loss                 | 1.94          |
|    n_updates            | 525           |
|    policy_gradient_loss | -0.000618     |
|    std                  | 0.938         |
|    value_loss           | 7.73          |
-------------------------------------------
------------------------------------------
| rollout/                |              |
|    ep_len_mean          | 2.19e+03     |
|    ep_rew_mean          | -10.8        |
| time/                   |              |
|    fps                  | 794          |
|    iterations           | 7            |
|    time_elapsed         | 18           |
|    total_timesteps      | 219136       |
| train/                  |              |
|    approx_kl            | 0.0018446674 |
|    clip_fraction        | 0.0307       |
|    clip_range           | 0.2          |
|    entropy_loss         | -2.71        |
|    explained_variance   | 0.404        |
|    learning_rate        | 0.0003       |
|    loss                 | 0.0192       |
|    n_updates            | 530          |
|    policy_gradient_loss | -0.000434    |
|    std                  | 0.938        |
|    value_loss           | 2.54         |
------------------------------------------
------------------------------------------
| rollout/                |              |
|    ep_len_mean          | 2.19e+03     |
|    ep_rew_mean          | -10.9        |
| time/                   |              |
|    fps                  | 795          |
|    iterations           | 8            |
|    time_elapsed         | 20           |
|    total_timesteps      | 221184       |
| train/                  |              |
|    approx_kl            | 0.0063342797 |
|    clip_fraction        | 0.0746       |
|    clip_range           | 0.2          |
|    entropy_loss         | -2.71        |
|    explained_variance   | 0.841        |
|    learning_rate        | 0.0003       |
|    loss                 | -0.00141     |
|    n_updates            | 535          |
|    policy_gradient_loss | 0.000591     |
|    std                  | 0.939        |
|    value_loss           | 0.651        |
------------------------------------------
-----------------------------------------
| rollout/                |             |
|    ep_len_mean          | 2.19e+03    |
|    ep_rew_mean          | -10.6       |
| time/                   |             |
|    fps                  | 793         |
|    iterations           | 9           |
|    time_elapsed         | 23          |
|    total_timesteps      | 223232      |
| train/                  |             |
|    approx_kl            | 0.015841043 |
|    clip_fraction        | 0.0891      |
|    clip_range           | 0.2         |
|    entropy_loss         | -2.71       |
|    explained_variance   | 0.939       |
|    learning_rate        | 0.0003      |
|    loss                 | 0.049       |
|    n_updates            | 540         |
|    policy_gradient_loss | -0.000467   |
|    std                  | 0.937       |
|    value_loss           | 0.088       |
-----------------------------------------
------------------------------------------
| rollout/                |              |
|    ep_len_mean          | 2.19e+03     |
|    ep_rew_mean          | -10.6        |
| time/                   |              |
|    fps                  | 787          |
|    iterations           | 10           |
|    time_elapsed         | 25           |
|    total_timesteps      | 225280       |
| train/                  |              |
|    approx_kl            | 0.0011322785 |
|    clip_fraction        | 0.0229       |
|    clip_range           | 0.2          |
|    entropy_loss         | -2.71        |
|    explained_variance   | 0.327        |
|    learning_rate        | 0.0003       |
|    loss                 | 0.0626       |
|    n_updates            | 545          |
|    policy_gradient_loss | 0.000505     |
|    std                  | 0.936        |
|    value_loss           | 8.84         |
------------------------------------------
------------------------------------------
| rollout/                |              |
|    ep_len_mean          | 2.19e+03     |
|    ep_rew_mean          | -10.6        |
| time/                   |              |
|    fps                  | 787          |
|    iterations           | 11           |
|    time_elapsed         | 28           |
|    total_timesteps      | 227328       |
| train/                  |              |
|    approx_kl            | 0.0013443273 |
|    clip_fraction        | 0.000684     |
|    clip_range           | 0.2          |
|    entropy_loss         | -2.71        |
|    explained_variance   | 0.391        |
|    learning_rate        | 0.0003       |
|    loss                 | 3.04         |
|    n_updates            | 550          |
|    policy_gradient_loss | -0.000793    |
|    std                  | 0.936        |
|    value_loss           | 4.39         |
------------------------------------------
------------------------------------------
| rollout/                |              |
|    ep_len_mean          | 2.19e+03     |
|    ep_rew_mean          | -10.6        |
| time/                   |              |
|    fps                  | 789          |
|    iterations           | 12           |
|    time_elapsed         | 31           |
|    total_timesteps      | 229376       |
| train/                  |              |
|    approx_kl            | 0.0057559116 |
|    clip_fraction        | 0.0241       |
|    clip_range           | 0.2          |
|    entropy_loss         | -2.71        |
|    explained_variance   | 0.781        |
|    learning_rate        | 0.0003       |
|    loss                 | 0.0469       |
|    n_updates            | 555          |
|    policy_gradient_loss | -0.000323    |
|    std                  | 0.937        |
|    value_loss           | 1.81         |
------------------------------------------
-----------------------------------------
| rollout/                |             |
|    ep_len_mean          | 2.2e+03     |
|    ep_rew_mean          | -9.72       |
| time/                   |             |
|    fps                  | 787         |
|    iterations           | 13          |
|    time_elapsed         | 33          |
|    total_timesteps      | 231424      |
| train/                  |             |
|    approx_kl            | 0.002452421 |
|    clip_fraction        | 0.0113      |
|    clip_range           | 0.2         |
|    entropy_loss         | -2.71       |
|    explained_variance   | 0.846       |
|    learning_rate        | 0.0003      |
|    loss                 | 0.0519      |
|    n_updates            | 560         |
|    policy_gradient_loss | -0.00036    |
|    std                  | 0.937       |
|    value_loss           | 0.729       |
-----------------------------------------
-----------------------------------------
| rollout/                |             |
|    ep_len_mean          | 2.21e+03    |
|    ep_rew_mean          | -9.13       |
| time/                   |             |
|    fps                  | 783         |
|    iterations           | 14          |
|    time_elapsed         | 36          |
|    total_timesteps      | 233472      |
| train/                  |             |
|    approx_kl            | 0.002796891 |
|    clip_fraction        | 0.0142      |
|    clip_range           | 0.2         |
|    entropy_loss         | -2.71       |
|    explained_variance   | 0.377       |
|    learning_rate        | 0.0003      |
|    loss                 | 0.00938     |
|    n_updates            | 565         |
|    policy_gradient_loss | -0.000762   |
|    std                  | 0.94        |
|    value_loss           | 7.73        |
-----------------------------------------
------------------------------------------
| rollout/                |              |
|    ep_len_mean          | 2.21e+03     |
|    ep_rew_mean          | -9.13        |
| time/                   |              |
|    fps                  | 782          |
|    iterations           | 15           |
|    time_elapsed         | 39           |
|    total_timesteps      | 235520       |
| train/                  |              |
|    approx_kl            | 0.0022592708 |
|    clip_fraction        | 0.0432       |
|    clip_range           | 0.2          |
|    entropy_loss         | -2.71        |
|    explained_variance   | 0.545        |
|    learning_rate        | 0.0003       |
|    loss                 | 1.6          |
|    n_updates            | 570          |
|    policy_gradient_loss | -0.00416     |
|    std                  | 0.94         |
|    value_loss           | 10.6         |
------------------------------------------
------------------------------------------
| rollout/                |              |
|    ep_len_mean          | 2.21e+03     |
|    ep_rew_mean          | -9.13        |
| time/                   |              |
|    fps                  | 785          |
|    iterations           | 16           |
|    time_elapsed         | 41           |
|    total_timesteps      | 237568       |
| train/                  |              |
|    approx_kl            | 0.0043608192 |
|    clip_fraction        | 0.0115       |
|    clip_range           | 0.2          |
|    entropy_loss         | -2.71        |
|    explained_variance   | 0.827        |
|    learning_rate        | 0.0003       |
|    loss                 | 0.00178      |
|    n_updates            | 575          |
|    policy_gradient_loss | -0.00215     |
|    std                  | 0.939        |
|    value_loss           | 0.944        |
------------------------------------------
------------------------------------------
| rollout/                |              |
|    ep_len_mean          | 2.2e+03      |
|    ep_rew_mean          | -8.99        |
| time/                   |              |
|    fps                  | 786          |
|    iterations           | 17           |
|    time_elapsed         | 44           |
|    total_timesteps      | 239616       |
| train/                  |              |
|    approx_kl            | 0.0039806645 |
|    clip_fraction        | 0.0462       |
|    clip_range           | 0.2          |
|    entropy_loss         | -2.71        |
|    explained_variance   | 0.987        |
|    learning_rate        | 0.0003       |
|    loss                 | 0.066        |
|    n_updates            | 580          |
|    policy_gradient_loss | -0.00155     |
|    std                  | 0.94         |
|    value_loss           | 0.0535       |
------------------------------------------
------------------------------------------
| rollout/                |              |
|    ep_len_mean          | 2.2e+03      |
|    ep_rew_mean          | -8.91        |
| time/                   |              |
|    fps                  | 785          |
|    iterations           | 18           |
|    time_elapsed         | 46           |
|    total_timesteps      | 241664       |
| train/                  |              |
|    approx_kl            | 0.0064786905 |
|    clip_fraction        | 0.0337       |
|    clip_range           | 0.2          |
|    entropy_loss         | -2.72        |
|    explained_variance   | 0.827        |
|    learning_rate        | 0.0003       |
|    loss                 | -0.000248    |
|    n_updates            | 585          |
|    policy_gradient_loss | -0.00316     |
|    std                  | 0.942        |
|    value_loss           | 0.114        |
------------------------------------------
------------------------------------------
| rollout/                |              |
|    ep_len_mean          | 2.2e+03      |
|    ep_rew_mean          | -8.91        |
| time/                   |              |
|    fps                  | 783          |
|    iterations           | 19           |
|    time_elapsed         | 49           |
|    total_timesteps      | 243712       |
| train/                  |              |
|    approx_kl            | 0.0060481443 |
|    clip_fraction        | 0.0166       |
|    clip_range           | 0.2          |
|    entropy_loss         | -2.72        |
|    explained_variance   | 0.386        |
|    learning_rate        | 0.0003       |
|    loss                 | 0.0646       |
|    n_updates            | 590          |
|    policy_gradient_loss | -0.00119     |
|    std                  | 0.942        |
|    value_loss           | 5.26         |
------------------------------------------
-----------------------------------------
| rollout/                |             |
|    ep_len_mean          | 2.2e+03     |
|    ep_rew_mean          | -8.91       |
| time/                   |             |
|    fps                  | 785         |
|    iterations           | 20          |
|    time_elapsed         | 52          |
|    total_timesteps      | 245760      |
| train/                  |             |
|    approx_kl            | 0.003496524 |
|    clip_fraction        | 0.0242      |
|    clip_range           | 0.2         |
|    entropy_loss         | -2.72       |
|    explained_variance   | 0.349       |
|    learning_rate        | 0.0003      |
|    loss                 | 0.971       |
|    n_updates            | 595         |
|    policy_gradient_loss | 0.000659    |
|    std                  | 0.943       |
|    value_loss           | 5.85        |
-----------------------------------------
-----------------------------------------
| rollout/                |             |
|    ep_len_mean          | 2.2e+03     |
|    ep_rew_mean          | -8.68       |
| time/                   |             |
|    fps                  | 786         |
|    iterations           | 21          |
|    time_elapsed         | 54          |
|    total_timesteps      | 247808      |
| train/                  |             |
|    approx_kl            | 0.003054855 |
|    clip_fraction        | 0.0284      |
|    clip_range           | 0.2         |
|    entropy_loss         | -2.72       |
|    explained_variance   | 0.894       |
|    learning_rate        | 0.0003      |
|    loss                 | 0.000246    |
|    n_updates            | 600         |
|    policy_gradient_loss | -0.00145    |
|    std                  | 0.94        |
|    value_loss           | 0.414       |
-----------------------------------------
------------------------------------------
| rollout/                |              |
|    ep_len_mean          | 2.2e+03      |
|    ep_rew_mean          | -8.85        |
| time/                   |              |
|    fps                  | 785          |
|    iterations           | 22           |
|    time_elapsed         | 57           |
|    total_timesteps      | 249856       |
| train/                  |              |
|    approx_kl            | 0.0029228106 |
|    clip_fraction        | 0.0187       |
|    clip_range           | 0.2          |
|    entropy_loss         | -2.72        |
|    explained_variance   | 0.754        |
|    learning_rate        | 0.0003       |
|    loss                 | 0.00875      |
|    n_updates            | 605          |
|    policy_gradient_loss | -0.000993    |
|    std                  | 0.944        |
|    value_loss           | 0.644        |
------------------------------------------
------------------------------------------
| rollout/                |              |
|    ep_len_mean          | 2.2e+03      |
|    ep_rew_mean          | -8.85        |
| time/                   |              |
|    fps                  | 783          |
|    iterations           | 23           |
|    time_elapsed         | 60           |
|    total_timesteps      | 251904       |
| train/                  |              |
|    approx_kl            | 0.0022814053 |
|    clip_fraction        | 0.0158       |
|    clip_range           | 0.2          |
|    entropy_loss         | -2.72        |
|    explained_variance   | 0.206        |
|    learning_rate        | 0.0003       |
|    loss                 | 6.23         |
|    n_updates            | 610          |
|    policy_gradient_loss | -0.00174     |
|    std                  | 0.945        |
|    value_loss           | 5.85         |
------------------------------------------
------------------------------------------
| rollout/                |              |
|    ep_len_mean          | 2.2e+03      |
|    ep_rew_mean          | -8.85        |
| time/                   |              |
|    fps                  | 784          |
|    iterations           | 24           |
|    time_elapsed         | 62           |
|    total_timesteps      | 253952       |
| train/                  |              |
|    approx_kl            | 0.0067433435 |
|    clip_fraction        | 0.0919       |
|    clip_range           | 0.2          |
|    entropy_loss         | -2.72        |
|    explained_variance   | 0.558        |
|    learning_rate        | 0.0003       |
|    loss                 | 0.125        |
|    n_updates            | 615          |
|    policy_gradient_loss | -0.00529     |
|    std                  | 0.944        |
|    value_loss           | 2.05         |
------------------------------------------
------------------------------------------
| rollout/                |              |
|    ep_len_mean          | 2.2e+03      |
|    ep_rew_mean          | -8.85        |
| time/                   |              |
|    fps                  | 785          |
|    iterations           | 25           |
|    time_elapsed         | 65           |
|    total_timesteps      | 256000       |
| train/                  |              |
|    approx_kl            | 0.0013696088 |
|    clip_fraction        | 0.00732      |
|    clip_range           | 0.2          |
|    entropy_loss         | -2.72        |
|    explained_variance   | 0.918        |
|    learning_rate        | 0.0003       |
|    loss                 | 0.0592       |
|    n_updates            | 620          |
|    policy_gradient_loss | -0.001       |
|    std                  | 0.942        |
|    value_loss           | 0.5          |
------------------------------------------
------------------------------------------
| rollout/                |              |
|    ep_len_mean          | 2.2e+03      |
|    ep_rew_mean          | -8.63        |
| time/                   |              |
|    fps                  | 786          |
|    iterations           | 26           |
|    time_elapsed         | 67           |
|    total_timesteps      | 258048       |
| train/                  |              |
|    approx_kl            | 0.0046837125 |
|    clip_fraction        | 0.0319       |
|    clip_range           | 0.2          |
|    entropy_loss         | -2.72        |
|    explained_variance   | 0.956        |
|    learning_rate        | 0.0003       |
|    loss                 | 0.00631      |
|    n_updates            | 625          |
|    policy_gradient_loss | -0.00106     |
|    std                  | 0.945        |
|    value_loss           | 0.146        |
------------------------------------------
------------------------------------------
| rollout/                |              |
|    ep_len_mean          | 2.2e+03      |
|    ep_rew_mean          | -8.09        |
| time/                   |              |
|    fps                  | 786          |
|    iterations           | 27           |
|    time_elapsed         | 70           |
|    total_timesteps      | 260096       |
| train/                  |              |
|    approx_kl            | 0.0034549627 |
|    clip_fraction        | 0.0336       |
|    clip_range           | 0.2          |
|    entropy_loss         | -2.73        |
|    explained_variance   | 0.281        |
|    learning_rate        | 0.0003       |
|    loss                 | 0.25         |
|    n_updates            | 630          |
|    policy_gradient_loss | -0.000755    |
|    std                  | 0.947        |
|    value_loss           | 4.04         |
------------------------------------------
------------------------------------------
| rollout/                |              |
|    ep_len_mean          | 2.2e+03      |
|    ep_rew_mean          | -8.09        |
| time/                   |              |
|    fps                  | 784          |
|    iterations           | 28           |
|    time_elapsed         | 73           |
|    total_timesteps      | 262144       |
| train/                  |              |
|    approx_kl            | 0.0071827704 |
|    clip_fraction        | 0.0776       |
|    clip_range           | 0.2          |
|    entropy_loss         | -2.73        |
|    explained_variance   | 0.721        |
|    learning_rate        | 0.0003       |
|    loss                 | 0.354        |
|    n_updates            | 635          |
|    policy_gradient_loss | -0.00304     |
|    std                  | 0.947        |
|    value_loss           | 1.74         |
------------------------------------------
------------------------------------------
| rollout/                |              |
|    ep_len_mean          | 2.2e+03      |
|    ep_rew_mean          | -8.09        |
| time/                   |              |
|    fps                  | 784          |
|    iterations           | 29           |
|    time_elapsed         | 75           |
|    total_timesteps      | 264192       |
| train/                  |              |
|    approx_kl            | 0.0052702185 |
|    clip_fraction        | 0.0169       |
|    clip_range           | 0.2          |
|    entropy_loss         | -2.73        |
|    explained_variance   | 0.704        |
|    learning_rate        | 0.0003       |
|    loss                 | 1.73         |
|    n_updates            | 640          |
|    policy_gradient_loss | -0.000579    |
|    std                  | 0.947        |
|    value_loss           | 1.95         |
------------------------------------------
------------------------------------------
| rollout/                |              |
|    ep_len_mean          | 2.2e+03      |
|    ep_rew_mean          | -8.46        |
| time/                   |              |
|    fps                  | 784          |
|    iterations           | 30           |
|    time_elapsed         | 78           |
|    total_timesteps      | 266240       |
| train/                  |              |
|    approx_kl            | 0.0045949756 |
|    clip_fraction        | 0.0449       |
|    clip_range           | 0.2          |
|    entropy_loss         | -2.73        |
|    explained_variance   | 0.933        |
|    learning_rate        | 0.0003       |
|    loss                 | 0.15         |
|    n_updates            | 645          |
|    policy_gradient_loss | -0.00308     |
|    std                  | 0.947        |
|    value_loss           | 0.291        |
------------------------------------------
------------------------------------------
| rollout/                |              |
|    ep_len_mean          | 2.2e+03      |
|    ep_rew_mean          | -8.24        |
| time/                   |              |
|    fps                  | 785          |
|    iterations           | 31           |
|    time_elapsed         | 80           |
|    total_timesteps      | 268288       |
| train/                  |              |
|    approx_kl            | 0.0042138207 |
|    clip_fraction        | 0.026        |
|    clip_range           | 0.2          |
|    entropy_loss         | -2.73        |
|    explained_variance   | 0.819        |
|    learning_rate        | 0.0003       |
|    loss                 | 0.0131       |
|    n_updates            | 650          |
|    policy_gradient_loss | -0.00204     |
|    std                  | 0.947        |
|    value_loss           | 0.909        |
------------------------------------------
------------------------------------------
| rollout/                |              |
|    ep_len_mean          | 2.2e+03      |
|    ep_rew_mean          | -8.24        |
| time/                   |              |
|    fps                  | 783          |
|    iterations           | 32           |
|    time_elapsed         | 83           |
|    total_timesteps      | 270336       |
| train/                  |              |
|    approx_kl            | 0.0018088801 |
|    clip_fraction        | 0.0249       |
|    clip_range           | 0.2          |
|    entropy_loss         | -2.73        |
|    explained_variance   | 0.458        |
|    learning_rate        | 0.0003       |
|    loss                 | 1.14         |
|    n_updates            | 655          |
|    policy_gradient_loss | -0.00182     |
|    std                  | 0.947        |
|    value_loss           | 5.58         |
------------------------------------------
------------------------------------------
| rollout/                |              |
|    ep_len_mean          | 2.2e+03      |
|    ep_rew_mean          | -8.24        |
| time/                   |              |
|    fps                  | 785          |
|    iterations           | 33           |
|    time_elapsed         | 86           |
|    total_timesteps      | 272384       |
| train/                  |              |
|    approx_kl            | 0.0077172453 |
|    clip_fraction        | 0.0561       |
|    clip_range           | 0.2          |
|    entropy_loss         | -2.73        |
|    explained_variance   | 0.635        |
|    learning_rate        | 0.0003       |
|    loss                 | 4            |
|    n_updates            | 660          |
|    policy_gradient_loss | 0.000291     |
|    std                  | 0.948        |
|    value_loss           | 4.48         |
------------------------------------------
------------------------------------------
| rollout/                |              |
|    ep_len_mean          | 2.21e+03     |
|    ep_rew_mean          | -7.89        |
| time/                   |              |
|    fps                  | 787          |
|    iterations           | 34           |
|    time_elapsed         | 88           |
|    total_timesteps      | 274432       |
| train/                  |              |
|    approx_kl            | 0.0041155205 |
|    clip_fraction        | 0.0207       |
|    clip_range           | 0.2          |
|    entropy_loss         | -2.73        |
|    explained_variance   | 0.644        |
|    learning_rate        | 0.0003       |
|    loss                 | 4.07         |
|    n_updates            | 665          |
|    policy_gradient_loss | -0.000617    |
|    std                  | 0.948        |
|    value_loss           | 2.6          |
------------------------------------------
-----------------------------------------
| rollout/                |             |
|    ep_len_mean          | 2.21e+03    |
|    ep_rew_mean          | -7.67       |
| time/                   |             |
|    fps                  | 789         |
|    iterations           | 35          |
|    time_elapsed         | 90          |
|    total_timesteps      | 276480      |
| train/                  |             |
|    approx_kl            | 0.004581897 |
|    clip_fraction        | 0.0622      |
|    clip_range           | 0.2         |
|    entropy_loss         | -2.73       |
|    explained_variance   | 0.773       |
|    learning_rate        | 0.0003      |
|    loss                 | -0.00184    |
|    n_updates            | 670         |
|    policy_gradient_loss | 0.000318    |
|    std                  | 0.949       |
|    value_loss           | 2.31        |
-----------------------------------------
-----------------------------------------
| rollout/                |             |
|    ep_len_mean          | 2.21e+03    |
|    ep_rew_mean          | -7.88       |
| time/                   |             |
|    fps                  | 791         |
|    iterations           | 36          |
|    time_elapsed         | 93          |
|    total_timesteps      | 278528      |
| train/                  |             |
|    approx_kl            | 0.007114874 |
|    clip_fraction        | 0.0454      |
|    clip_range           | 0.2         |
|    entropy_loss         | -2.73       |
|    explained_variance   | 0.438       |
|    learning_rate        | 0.0003      |
|    loss                 | 0.0686      |
|    n_updates            | 675         |
|    policy_gradient_loss | 0.00161     |
|    std                  | 0.949       |
|    value_loss           | 11.4        |
-----------------------------------------
------------------------------------------
| rollout/                |              |
|    ep_len_mean          | 2.21e+03     |
|    ep_rew_mean          | -7.88        |
| time/                   |              |
|    fps                  | 793          |
|    iterations           | 37           |
|    time_elapsed         | 95           |
|    total_timesteps      | 280576       |
| train/                  |              |
|    approx_kl            | 0.0026148597 |
|    clip_fraction        | 0.00781      |
|    clip_range           | 0.2          |
|    entropy_loss         | -2.73        |
|    explained_variance   | 0.671        |
|    learning_rate        | 0.0003       |
|    loss                 | 3.99         |
|    n_updates            | 680          |
|    policy_gradient_loss | -0.00296     |
|    std                  | 0.949        |
|    value_loss           | 5.51         |
------------------------------------------
------------------------------------------
| rollout/                |              |
|    ep_len_mean          | 2.21e+03     |
|    ep_rew_mean          | -7.88        |
| time/                   |              |
|    fps                  | 795          |
|    iterations           | 38           |
|    time_elapsed         | 97           |
|    total_timesteps      | 282624       |
| train/                  |              |
|    approx_kl            | 0.0029512066 |
|    clip_fraction        | 0.0214       |
|    clip_range           | 0.2          |
|    entropy_loss         | -2.73        |
|    explained_variance   | 0.955        |
|    learning_rate        | 0.0003       |
|    loss                 | 0.125        |
|    n_updates            | 685          |
|    policy_gradient_loss | -0.00156     |
|    std                  | 0.946        |
|    value_loss           | 0.282        |
------------------------------------------
------------------------------------------
| rollout/                |              |
|    ep_len_mean          | 2.2e+03      |
|    ep_rew_mean          | -8.09        |
| time/                   |              |
|    fps                  | 796          |
|    iterations           | 39           |
|    time_elapsed         | 100          |
|    total_timesteps      | 284672       |
| train/                  |              |
|    approx_kl            | 0.0034356979 |
|    clip_fraction        | 0.0398       |
|    clip_range           | 0.2          |
|    entropy_loss         | -2.72        |
|    explained_variance   | 0.906        |
|    learning_rate        | 0.0003       |
|    loss                 | 0.116        |
|    n_updates            | 690          |
|    policy_gradient_loss | -0.000373    |
|    std                  | 0.942        |
|    value_loss           | 0.38         |
------------------------------------------
-----------------------------------------
| rollout/                |             |
|    ep_len_mean          | 2.2e+03     |
|    ep_rew_mean          | -7.94       |
| time/                   |             |
|    fps                  | 798         |
|    iterations           | 40          |
|    time_elapsed         | 102         |
|    total_timesteps      | 286720      |
| train/                  |             |
|    approx_kl            | 0.009900531 |
|    clip_fraction        | 0.0903      |
|    clip_range           | 0.2         |
|    entropy_loss         | -2.72       |
|    explained_variance   | 0.412       |
|    learning_rate        | 0.0003      |
|    loss                 | 7.53        |
|    n_updates            | 695         |
|    policy_gradient_loss | 0.00161     |
|    std                  | 0.942       |
|    value_loss           | 12.6        |
-----------------------------------------
----------------------------------------
| rollout/                |            |
|    ep_len_mean          | 2.2e+03    |
|    ep_rew_mean          | -7.94      |
| time/                   |            |
|    fps                  | 799        |
|    iterations           | 41         |
|    time_elapsed         | 105        |
|    total_timesteps      | 288768     |
| train/                  |            |
|    approx_kl            | 0.00734371 |
|    clip_fraction        | 0.0861     |
|    clip_range           | 0.2        |
|    entropy_loss         | -2.72      |
|    explained_variance   | 0.566      |
|    learning_rate        | 0.0003     |
|    loss                 | 8.56       |
|    n_updates            | 700        |
|    policy_gradient_loss | -0.000284  |
|    std                  | 0.942      |
|    value_loss           | 4.82       |
----------------------------------------
------------------------------------------
| rollout/                |              |
|    ep_len_mean          | 2.2e+03      |
|    ep_rew_mean          | -7.94        |
| time/                   |              |
|    fps                  | 801          |
|    iterations           | 42           |
|    time_elapsed         | 107          |
|    total_timesteps      | 290816       |
| train/                  |              |
|    approx_kl            | 0.0013273468 |
|    clip_fraction        | 0.00186      |
|    clip_range           | 0.2          |
|    entropy_loss         | -2.72        |
|    explained_variance   | 0.751        |
|    learning_rate        | 0.0003       |
|    loss                 | 2.01         |
|    n_updates            | 705          |
|    policy_gradient_loss | -0.00137     |
|    std                  | 0.943        |
|    value_loss           | 1.18         |
------------------------------------------
------------------------------------------
| rollout/                |              |
|    ep_len_mean          | 2.2e+03      |
|    ep_rew_mean          | -8.21        |
| time/                   |              |
|    fps                  | 801          |
|    iterations           | 43           |
|    time_elapsed         | 109          |
|    total_timesteps      | 292864       |
| train/                  |              |
|    approx_kl            | 0.0026099703 |
|    clip_fraction        | 0.0383       |
|    clip_range           | 0.2          |
|    entropy_loss         | -2.72        |
|    explained_variance   | 0.658        |
|    learning_rate        | 0.0003       |
|    loss                 | -0.00295     |
|    n_updates            | 710          |
|    policy_gradient_loss | 0.000287     |
|    std                  | 0.944        |
|    value_loss           | 1.26         |
------------------------------------------
-----------------------------------------
| rollout/                |             |
|    ep_len_mean          | 2.2e+03     |
|    ep_rew_mean          | -7.88       |
| time/                   |             |
|    fps                  | 800         |
|    iterations           | 44          |
|    time_elapsed         | 112         |
|    total_timesteps      | 294912      |
| train/                  |             |
|    approx_kl            | 0.013757631 |
|    clip_fraction        | 0.0762      |
|    clip_range           | 0.2         |
|    entropy_loss         | -2.72       |
|    explained_variance   | 0.416       |
|    learning_rate        | 0.0003      |
|    loss                 | 0.891       |
|    n_updates            | 715         |
|    policy_gradient_loss | 0.00199     |
|    std                  | 0.945       |
|    value_loss           | 4.17        |
-----------------------------------------
------------------------------------------
| rollout/                |              |
|    ep_len_mean          | 2.2e+03      |
|    ep_rew_mean          | -7.88        |
| time/                   |              |
|    fps                  | 802          |
|    iterations           | 45           |
|    time_elapsed         | 114          |
|    total_timesteps      | 296960       |
| train/                  |              |
|    approx_kl            | 0.0029473235 |
|    clip_fraction        | 0.0271       |
|    clip_range           | 0.2          |
|    entropy_loss         | -2.73        |
|    explained_variance   | 0.77         |
|    learning_rate        | 0.0003       |
|    loss                 | 0.322        |
|    n_updates            | 720          |
|    policy_gradient_loss | -0.00165     |
|    std                  | 0.948        |
|    value_loss           | 2.63         |
------------------------------------------
------------------------------------------
| rollout/                |              |
|    ep_len_mean          | 2.2e+03      |
|    ep_rew_mean          | -7.88        |
| time/                   |              |
|    fps                  | 804          |
|    iterations           | 46           |
|    time_elapsed         | 117          |
|    total_timesteps      | 299008       |
| train/                  |              |
|    approx_kl            | 0.0043601478 |
|    clip_fraction        | 0.0289       |
|    clip_range           | 0.2          |
|    entropy_loss         | -2.73        |
|    explained_variance   | 0.67         |
|    learning_rate        | 0.0003       |
|    loss                 | 0.0696       |
|    n_updates            | 725          |
|    policy_gradient_loss | 0.000256     |
|    std                  | 0.948        |
|    value_loss           | 2.3          |
------------------------------------------
------------------------------------------
| rollout/                |              |
|    ep_len_mean          | 2.2e+03      |
|    ep_rew_mean          | -8.19        |
| time/                   |              |
|    fps                  | 805          |
|    iterations           | 47           |
|    time_elapsed         | 119          |
|    total_timesteps      | 301056       |
| train/                  |              |
|    approx_kl            | 0.0068261344 |
|    clip_fraction        | 0.0441       |
|    clip_range           | 0.2          |
|    entropy_loss         | -2.73        |
|    explained_variance   | 0.8          |
|    learning_rate        | 0.0003       |
|    loss                 | 0.14         |
|    n_updates            | 730          |
|    policy_gradient_loss | -0.000205    |
|    std                  | 0.947        |
|    value_loss           | 0.359        |
------------------------------------------
-----------------------------------------
| rollout/                |             |
|    ep_len_mean          | 2.2e+03     |
|    ep_rew_mean          | -8.37       |
| time/                   |             |
|    fps                  | 806         |
|    iterations           | 48          |
|    time_elapsed         | 121         |
|    total_timesteps      | 303104      |
| train/                  |             |
|    approx_kl            | 0.007994166 |
|    clip_fraction        | 0.0753      |
|    clip_range           | 0.2         |
|    entropy_loss         | -2.73       |
|    explained_variance   | 0.303       |
|    learning_rate        | 0.0003      |
|    loss                 | 0.00296     |
|    n_updates            | 735         |
|    policy_gradient_loss | -0.000355   |
|    std                  | 0.945       |
|    value_loss           | 2.36        |
-----------------------------------------
-----------------------------------------
| rollout/                |             |
|    ep_len_mean          | 2.2e+03     |
|    ep_rew_mean          | -8.14       |
| time/                   |             |
|    fps                  | 806         |
|    iterations           | 49          |
|    time_elapsed         | 124         |
|    total_timesteps      | 305152      |
| train/                  |             |
|    approx_kl            | 0.008294723 |
|    clip_fraction        | 0.0523      |
|    clip_range           | 0.2         |
|    entropy_loss         | -2.72       |
|    explained_variance   | 0.578       |
|    learning_rate        | 0.0003      |
|    loss                 | 6.2         |
|    n_updates            | 740         |
|    policy_gradient_loss | 0.00133     |
|    std                  | 0.945       |
|    value_loss           | 4.7         |
-----------------------------------------
------------------------------------------
| rollout/                |              |
|    ep_len_mean          | 2.2e+03      |
|    ep_rew_mean          | -8.14        |
| time/                   |              |
|    fps                  | 807          |
|    iterations           | 50           |
|    time_elapsed         | 126          |
|    total_timesteps      | 307200       |
| train/                  |              |
|    approx_kl            | 0.0055172397 |
|    clip_fraction        | 0.0413       |
|    clip_range           | 0.2          |
|    entropy_loss         | -2.72        |
|    explained_variance   | 0.649        |
|    learning_rate        | 0.0003       |
|    loss                 | 2.63         |
|    n_updates            | 745          |
|    policy_gradient_loss | -0.0028      |
|    std                  | 0.944        |
|    value_loss           | 4.32         |
------------------------------------------
-----------------------------------------
| rollout/                |             |
|    ep_len_mean          | 2.2e+03     |
|    ep_rew_mean          | -8.28       |
| time/                   |             |
|    fps                  | 807         |
|    iterations           | 51          |
|    time_elapsed         | 129         |
|    total_timesteps      | 309248      |
| train/                  |             |
|    approx_kl            | 0.004216853 |
|    clip_fraction        | 0.0694      |
|    clip_range           | 0.2         |
|    entropy_loss         | -2.72       |
|    explained_variance   | 0.896       |
|    learning_rate        | 0.0003      |
|    loss                 | 0.389       |
|    n_updates            | 750         |
|    policy_gradient_loss | -0.00118    |
|    std                  | 0.944       |
|    value_loss           | 0.219       |
-----------------------------------------
-----------------------------------------
| rollout/                |             |
|    ep_len_mean          | 2.2e+03     |
|    ep_rew_mean          | -7.65       |
| time/                   |             |
|    fps                  | 807         |
|    iterations           | 52          |
|    time_elapsed         | 131         |
|    total_timesteps      | 311296      |
| train/                  |             |
|    approx_kl            | 0.008712389 |
|    clip_fraction        | 0.0436      |
|    clip_range           | 0.2         |
|    entropy_loss         | -2.72       |
|    explained_variance   | 0.416       |
|    learning_rate        | 0.0003      |
|    loss                 | 0.0034      |
|    n_updates            | 755         |
|    policy_gradient_loss | -0.000242   |
|    std                  | 0.946       |
|    value_loss           | 3.81        |
-----------------------------------------
-----------------------------------------
| rollout/                |             |
|    ep_len_mean          | 2.2e+03     |
|    ep_rew_mean          | -7.65       |
| time/                   |             |
|    fps                  | 806         |
|    iterations           | 53          |
|    time_elapsed         | 134         |
|    total_timesteps      | 313344      |
| train/                  |             |
|    approx_kl            | 0.006893045 |
|    clip_fraction        | 0.0725      |
|    clip_range           | 0.2         |
|    entropy_loss         | -2.73       |
|    explained_variance   | 0.404       |
|    learning_rate        | 0.0003      |
|    loss                 | 14.4        |
|    n_updates            | 760         |
|    policy_gradient_loss | 0.00182     |
|    std                  | 0.946       |
|    value_loss           | 9.44        |
-----------------------------------------
------------------------------------------
| rollout/                |              |
|    ep_len_mean          | 2.2e+03      |
|    ep_rew_mean          | -7.65        |
| time/                   |              |
|    fps                  | 807          |
|    iterations           | 54           |
|    time_elapsed         | 137          |
|    total_timesteps      | 315392       |
| train/                  |              |
|    approx_kl            | 0.0051452783 |
|    clip_fraction        | 0.0272       |
|    clip_range           | 0.2          |
|    entropy_loss         | -2.73        |
|    explained_variance   | 0.719        |
|    learning_rate        | 0.0003       |
|    loss                 | 0.303        |
|    n_updates            | 765          |
|    policy_gradient_loss | -0.000833    |
|    std                  | 0.946        |
|    value_loss           | 1.98         |
------------------------------------------
------------------------------------------
| rollout/                |              |
|    ep_len_mean          | 2.2e+03      |
|    ep_rew_mean          | -7.39        |
| time/                   |              |
|    fps                  | 807          |
|    iterations           | 55           |
|    time_elapsed         | 139          |
|    total_timesteps      | 317440       |
| train/                  |              |
|    approx_kl            | 0.0028787698 |
|    clip_fraction        | 0.013        |
|    clip_range           | 0.2          |
|    entropy_loss         | -2.73        |
|    explained_variance   | 0.371        |
|    learning_rate        | 0.0003       |
|    loss                 | 5.95         |
|    n_updates            | 770          |
|    policy_gradient_loss | -0.00146     |
|    std                  | 0.945        |
|    value_loss           | 4.37         |
------------------------------------------
-----------------------------------------
| rollout/                |             |
|    ep_len_mean          | 2.2e+03     |
|    ep_rew_mean          | -7.14       |
| time/                   |             |
|    fps                  | 806         |
|    iterations           | 56          |
|    time_elapsed         | 142         |
|    total_timesteps      | 319488      |
| train/                  |             |
|    approx_kl            | 0.003380347 |
|    clip_fraction        | 0.0353      |
|    clip_range           | 0.2         |
|    entropy_loss         | -2.73       |
|    explained_variance   | 0.579       |
|    learning_rate        | 0.0003      |
|    loss                 | 0.0131      |
|    n_updates            | 775         |
|    policy_gradient_loss | -0.000735   |
|    std                  | 0.946       |
|    value_loss           | 1.96        |
-----------------------------------------
-----------------------------------------
| rollout/                |             |
|    ep_len_mean          | 2.2e+03     |
|    ep_rew_mean          | -7.14       |
| time/                   |             |
|    fps                  | 807         |
|    iterations           | 57          |
|    time_elapsed         | 144         |
|    total_timesteps      | 321536      |
| train/                  |             |
|    approx_kl            | 0.006110318 |
|    clip_fraction        | 0.0499      |
|    clip_range           | 0.2         |
|    entropy_loss         | -2.73       |
|    explained_variance   | 0.466       |
|    learning_rate        | 0.0003      |
|    loss                 | 2.94        |
|    n_updates            | 780         |
|    policy_gradient_loss | -0.00265    |
|    std                  | 0.946       |
|    value_loss           | 11.8        |
-----------------------------------------
-----------------------------------------
| rollout/                |             |
|    ep_len_mean          | 2.2e+03     |
|    ep_rew_mean          | -6.68       |
| time/                   |             |
|    fps                  | 807         |
|    iterations           | 58          |
|    time_elapsed         | 147         |
|    total_timesteps      | 323584      |
| train/                  |             |
|    approx_kl            | 0.010407477 |
|    clip_fraction        | 0.0567      |
|    clip_range           | 0.2         |
|    entropy_loss         | -2.73       |
|    explained_variance   | 0.941       |
|    learning_rate        | 0.0003      |
|    loss                 | 0.116       |
|    n_updates            | 785         |
|    policy_gradient_loss | -0.00106    |
|    std                  | 0.948       |
|    value_loss           | 1.91        |
-----------------------------------------
------------------------------------------
| rollout/                |              |
|    ep_len_mean          | 2.2e+03      |
|    ep_rew_mean          | -6.68        |
| time/                   |              |
|    fps                  | 807          |
|    iterations           | 59           |
|    time_elapsed         | 149          |
|    total_timesteps      | 325632       |
| train/                  |              |
|    approx_kl            | 0.0068525104 |
|    clip_fraction        | 0.143        |
|    clip_range           | 0.2          |
|    entropy_loss         | -2.73        |
|    explained_variance   | 0.706        |
|    learning_rate        | 0.0003       |
|    loss                 | 9.89         |
|    n_updates            | 790          |
|    policy_gradient_loss | 0.00666      |
|    std                  | 0.946        |
|    value_loss           | 7.54         |
------------------------------------------
------------------------------------------
| rollout/                |              |
|    ep_len_mean          | 2.2e+03      |
|    ep_rew_mean          | -6.14        |
| time/                   |              |
|    fps                  | 807          |
|    iterations           | 60           |
|    time_elapsed         | 152          |
|    total_timesteps      | 327680       |
| train/                  |              |
|    approx_kl            | 0.0025091479 |
|    clip_fraction        | 0.0212       |
|    clip_range           | 0.2          |
|    entropy_loss         | -2.73        |
|    explained_variance   | 0.963        |
|    learning_rate        | 0.0003       |
|    loss                 | 0.228        |
|    n_updates            | 795          |
|    policy_gradient_loss | -0.000967    |
|    std                  | 0.947        |
|    value_loss           | 0.358        |
------------------------------------------
------------------------------------------
| rollout/                |              |
|    ep_len_mean          | 2.21e+03     |
|    ep_rew_mean          | -5.96        |
| time/                   |              |
|    fps                  | 807          |
|    iterations           | 61           |
|    time_elapsed         | 154          |
|    total_timesteps      | 329728       |
| train/                  |              |
|    approx_kl            | 0.0058861203 |
|    clip_fraction        | 0.0299       |
|    clip_range           | 0.2          |
|    entropy_loss         | -2.73        |
|    explained_variance   | 0.795        |
|    learning_rate        | 0.0003       |
|    loss                 | 0.00666      |
|    n_updates            | 800          |
|    policy_gradient_loss | -0.00144     |
|    std                  | 0.948        |
|    value_loss           | 2.92         |
------------------------------------------
-----------------------------------------
| rollout/                |             |
|    ep_len_mean          | 2.21e+03    |
|    ep_rew_mean          | -5.6        |
| time/                   |             |
|    fps                  | 807         |
|    iterations           | 62          |
|    time_elapsed         | 157         |
|    total_timesteps      | 331776      |
| train/                  |             |
|    approx_kl            | 0.005992637 |
|    clip_fraction        | 0.0328      |
|    clip_range           | 0.2         |
|    entropy_loss         | -2.73       |
|    explained_variance   | 0.716       |
|    learning_rate        | 0.0003      |
|    loss                 | 0.171       |
|    n_updates            | 805         |
|    policy_gradient_loss | -0.00242    |
|    std                  | 0.948       |
|    value_loss           | 6.72        |
-----------------------------------------
------------------------------------------
| rollout/                |              |
|    ep_len_mean          | 2.21e+03     |
|    ep_rew_mean          | -5.6         |
| time/                   |              |
|    fps                  | 806          |
|    iterations           | 63           |
|    time_elapsed         | 159          |
|    total_timesteps      | 333824       |
| train/                  |              |
|    approx_kl            | 0.0031563304 |
|    clip_fraction        | 0.0041       |
|    clip_range           | 0.2          |
|    entropy_loss         | -2.73        |
|    explained_variance   | 0.66         |
|    learning_rate        | 0.0003       |
|    loss                 | 21.1         |
|    n_updates            | 810          |
|    policy_gradient_loss | -0.000991    |
|    std                  | 0.948        |
|    value_loss           | 8.25         |
------------------------------------------
------------------------------------------
| rollout/                |              |
|    ep_len_mean          | 2.21e+03     |
|    ep_rew_mean          | -5.92        |
| time/                   |              |
|    fps                  | 807          |
|    iterations           | 64           |
|    time_elapsed         | 162          |
|    total_timesteps      | 335872       |
| train/                  |              |
|    approx_kl            | 0.0033800346 |
|    clip_fraction        | 0.0102       |
|    clip_range           | 0.2          |
|    entropy_loss         | -2.73        |
|    explained_variance   | 0.709        |
|    learning_rate        | 0.0003       |
|    loss                 | 0.0452       |
|    n_updates            | 815          |
|    policy_gradient_loss | -0.00221     |
|    std                  | 0.946        |
|    value_loss           | 1.11         |
------------------------------------------
------------------------------------------
| rollout/                |              |
|    ep_len_mean          | 2.21e+03     |
|    ep_rew_mean          | -5.31        |
| time/                   |              |
|    fps                  | 806          |
|    iterations           | 65           |
|    time_elapsed         | 164          |
|    total_timesteps      | 337920       |
| train/                  |              |
|    approx_kl            | 0.0058476725 |
|    clip_fraction        | 0.0318       |
|    clip_range           | 0.2          |
|    entropy_loss         | -2.73        |
|    explained_variance   | 0.315        |
|    learning_rate        | 0.0003       |
|    loss                 | 0.0585       |
|    n_updates            | 820          |
|    policy_gradient_loss | -0.000899    |
|    std                  | 0.949        |
|    value_loss           | 3.34         |
------------------------------------------
------------------------------------------
| rollout/                |              |
|    ep_len_mean          | 2.21e+03     |
|    ep_rew_mean          | -5.66        |
| time/                   |              |
|    fps                  | 806          |
|    iterations           | 66           |
|    time_elapsed         | 167          |
|    total_timesteps      | 339968       |
| train/                  |              |
|    approx_kl            | 0.0066767745 |
|    clip_fraction        | 0.0595       |
|    clip_range           | 0.2          |
|    entropy_loss         | -2.73        |
|    explained_variance   | 0.626        |
|    learning_rate        | 0.0003       |
|    loss                 | 0.431        |
|    n_updates            | 825          |
|    policy_gradient_loss | -0.00409     |
|    std                  | 0.949        |
|    value_loss           | 9.22         |
------------------------------------------
------------------------------------------
| rollout/                |              |
|    ep_len_mean          | 2.21e+03     |
|    ep_rew_mean          | -5.66        |
| time/                   |              |
|    fps                  | 806          |
|    iterations           | 67           |
|    time_elapsed         | 170          |
|    total_timesteps      | 342016       |
| train/                  |              |
|    approx_kl            | 0.0033247056 |
|    clip_fraction        | 0.0161       |
|    clip_range           | 0.2          |
|    entropy_loss         | -2.73        |
|    explained_variance   | 0.838        |
|    learning_rate        | 0.0003       |
|    loss                 | 0.134        |
|    n_updates            | 830          |
|    policy_gradient_loss | -0.00184     |
|    std                  | 0.948        |
|    value_loss           | 1.75         |
------------------------------------------
------------------------------------------
| rollout/                |              |
|    ep_len_mean          | 2.21e+03     |
|    ep_rew_mean          | -5.66        |
| time/                   |              |
|    fps                  | 806          |
|    iterations           | 68           |
|    time_elapsed         | 172          |
|    total_timesteps      | 344064       |
| train/                  |              |
|    approx_kl            | 0.0015915905 |
|    clip_fraction        | 0.047        |
|    clip_range           | 0.2          |
|    entropy_loss         | -2.73        |
|    explained_variance   | 0.968        |
|    learning_rate        | 0.0003       |
|    loss                 | -0.000227    |
|    n_updates            | 835          |
|    policy_gradient_loss | -0.00329     |
|    std                  | 0.945        |
|    value_loss           | 0.152        |
------------------------------------------
------------------------------------------
| rollout/                |              |
|    ep_len_mean          | 2.21e+03     |
|    ep_rew_mean          | -6.36        |
| time/                   |              |
|    fps                  | 806          |
|    iterations           | 69           |
|    time_elapsed         | 175          |
|    total_timesteps      | 346112       |
| train/                  |              |
|    approx_kl            | 0.0077316575 |
|    clip_fraction        | 0.0365       |
|    clip_range           | 0.2          |
|    entropy_loss         | -2.72        |
|    explained_variance   | 0.984        |
|    learning_rate        | 0.0003       |
|    loss                 | 0.00191      |
|    n_updates            | 840          |
|    policy_gradient_loss | -0.000473    |
|    std                  | 0.938        |
|    value_loss           | 0.0325       |
------------------------------------------
------------------------------------------
| rollout/                |              |
|    ep_len_mean          | 2.21e+03     |
|    ep_rew_mean          | -6.36        |
| time/                   |              |
|    fps                  | 806          |
|    iterations           | 70           |
|    time_elapsed         | 177          |
|    total_timesteps      | 348160       |
| train/                  |              |
|    approx_kl            | 0.0029258044 |
|    clip_fraction        | 0.0181       |
|    clip_range           | 0.2          |
|    entropy_loss         | -2.71        |
|    explained_variance   | 0.685        |
|    learning_rate        | 0.0003       |
|    loss                 | 0.512        |
|    n_updates            | 845          |
|    policy_gradient_loss | -0.00129     |
|    std                  | 0.937        |
|    value_loss           | 2.23         |
------------------------------------------
-----------------------------------------
| rollout/                |             |
|    ep_len_mean          | 2.21e+03    |
|    ep_rew_mean          | -6.53       |
| time/                   |             |
|    fps                  | 806         |
|    iterations           | 71          |
|    time_elapsed         | 180         |
|    total_timesteps      | 350208      |
| train/                  |             |
|    approx_kl            | 0.004892177 |
|    clip_fraction        | 0.0165      |
|    clip_range           | 0.2         |
|    entropy_loss         | -2.71       |
|    explained_variance   | 0.742       |
|    learning_rate        | 0.0003      |
|    loss                 | -0.00358    |
|    n_updates            | 850         |
|    policy_gradient_loss | -0.00136    |
|    std                  | 0.937       |
|    value_loss           | 2.6         |
-----------------------------------------
-----------------------------------------
| rollout/                |             |
|    ep_len_mean          | 2.21e+03    |
|    ep_rew_mean          | -6.53       |
| time/                   |             |
|    fps                  | 806         |
|    iterations           | 72          |
|    time_elapsed         | 182         |
|    total_timesteps      | 352256      |
| train/                  |             |
|    approx_kl            | 0.011536601 |
|    clip_fraction        | 0.0521      |
|    clip_range           | 0.2         |
|    entropy_loss         | -2.71       |
|    explained_variance   | 0.909       |
|    learning_rate        | 0.0003      |
|    loss                 | 0.389       |
|    n_updates            | 855         |
|    policy_gradient_loss | 0.00105     |
|    std                  | 0.934       |
|    value_loss           | 0.805       |
-----------------------------------------
-----------------------------------------
| rollout/                |             |
|    ep_len_mean          | 2.21e+03    |
|    ep_rew_mean          | -6.8        |
| time/                   |             |
|    fps                  | 806         |
|    iterations           | 73          |
|    time_elapsed         | 185         |
|    total_timesteps      | 354304      |
| train/                  |             |
|    approx_kl            | 0.006561687 |
|    clip_fraction        | 0.112       |
|    clip_range           | 0.2         |
|    entropy_loss         | -2.7        |
|    explained_variance   | 0.935       |
|    learning_rate        | 0.0003      |
|    loss                 | -0.000908   |
|    n_updates            | 860         |
|    policy_gradient_loss | -0.00148    |
|    std                  | 0.934       |
|    value_loss           | 0.304       |
-----------------------------------------
------------------------------------------
| rollout/                |              |
|    ep_len_mean          | 2.21e+03     |
|    ep_rew_mean          | -6.81        |
| time/                   |              |
|    fps                  | 806          |
|    iterations           | 74           |
|    time_elapsed         | 187          |
|    total_timesteps      | 356352       |
| train/                  |              |
|    approx_kl            | 0.0062354696 |
|    clip_fraction        | 0.0723       |
|    clip_range           | 0.2          |
|    entropy_loss         | -2.7         |
|    explained_variance   | 0.423        |
|    learning_rate        | 0.0003       |
|    loss                 | 6.61         |
|    n_updates            | 865          |
|    policy_gradient_loss | -0.000792    |
|    std                  | 0.936        |
|    value_loss           | 1.74         |
------------------------------------------
-----------------------------------------
| rollout/                |             |
|    ep_len_mean          | 2.21e+03    |
|    ep_rew_mean          | -7.19       |
| time/                   |             |
|    fps                  | 806         |
|    iterations           | 75          |
|    time_elapsed         | 190         |
|    total_timesteps      | 358400      |
| train/                  |             |
|    approx_kl            | 0.001220919 |
|    clip_fraction        | 0.00918     |
|    clip_range           | 0.2         |
|    entropy_loss         | -2.7        |
|    explained_variance   | 0.39        |
|    learning_rate        | 0.0003      |
|    loss                 | 0.359       |
|    n_updates            | 870         |
|    policy_gradient_loss | -0.00212    |
|    std                  | 0.934       |
|    value_loss           | 1.95        |
-----------------------------------------
------------------------------------------
| rollout/                |              |
|    ep_len_mean          | 2.21e+03     |
|    ep_rew_mean          | -7.19        |
| time/                   |              |
|    fps                  | 806          |
|    iterations           | 76           |
|    time_elapsed         | 193          |
|    total_timesteps      | 360448       |
| train/                  |              |
|    approx_kl            | 0.0015345032 |
|    clip_fraction        | 0.00674      |
|    clip_range           | 0.2          |
|    entropy_loss         | -2.7         |
|    explained_variance   | 0.347        |
|    learning_rate        | 0.0003       |
|    loss                 | 0.0895       |
|    n_updates            | 875          |
|    policy_gradient_loss | -0.00097     |
|    std                  | 0.934        |
|    value_loss           | 2.44         |
------------------------------------------
------------------------------------------
| rollout/                |              |
|    ep_len_mean          | 2.21e+03     |
|    ep_rew_mean          | -7.34        |
| time/                   |              |
|    fps                  | 806          |
|    iterations           | 77           |
|    time_elapsed         | 195          |
|    total_timesteps      | 362496       |
| train/                  |              |
|    approx_kl            | 0.0039512287 |
|    clip_fraction        | 0.033        |
|    clip_range           | 0.2          |
|    entropy_loss         | -2.7         |
|    explained_variance   | 0.847        |
|    learning_rate        | 0.0003       |
|    loss                 | -0.01        |
|    n_updates            | 880          |
|    policy_gradient_loss | -0.00175     |
|    std                  | 0.936        |
|    value_loss           | 0.132        |
------------------------------------------
-----------------------------------------
| rollout/                |             |
|    ep_len_mean          | 2.21e+03    |
|    ep_rew_mean          | -7.54       |
| time/                   |             |
|    fps                  | 806         |
|    iterations           | 78          |
|    time_elapsed         | 198         |
|    total_timesteps      | 364544      |
| train/                  |             |
|    approx_kl            | 0.008575602 |
|    clip_fraction        | 0.0467      |
|    clip_range           | 0.2         |
|    entropy_loss         | -2.7        |
|    explained_variance   | 0.664       |
|    learning_rate        | 0.0003      |
|    loss                 | 0.0571      |
|    n_updates            | 885         |
|    policy_gradient_loss | -0.00205    |
|    std                  | 0.935       |
|    value_loss           | 1.1         |
-----------------------------------------
-----------------------------------------
| rollout/                |             |
|    ep_len_mean          | 2.21e+03    |
|    ep_rew_mean          | -7.38       |
| time/                   |             |
|    fps                  | 805         |
|    iterations           | 79          |
|    time_elapsed         | 200         |
|    total_timesteps      | 366592      |
| train/                  |             |
|    approx_kl            | 0.010547384 |
|    clip_fraction        | 0.104       |
|    clip_range           | 0.2         |
|    entropy_loss         | -2.7        |
|    explained_variance   | 0.688       |
|    learning_rate        | 0.0003      |
|    loss                 | 0.288       |
|    n_updates            | 890         |
|    policy_gradient_loss | -0.00443    |
|    std                  | 0.936       |
|    value_loss           | 0.458       |
-----------------------------------------
------------------------------------------
| rollout/                |              |
|    ep_len_mean          | 2.21e+03     |
|    ep_rew_mean          | -7.38        |
| time/                   |              |
|    fps                  | 805          |
|    iterations           | 80           |
|    time_elapsed         | 203          |
|    total_timesteps      | 368640       |
| train/                  |              |
|    approx_kl            | 0.0074600345 |
|    clip_fraction        | 0.0607       |
|    clip_range           | 0.2          |
|    entropy_loss         | -2.7         |
|    explained_variance   | 0.529        |
|    learning_rate        | 0.0003       |
|    loss                 | 0.00381      |
|    n_updates            | 895          |
|    policy_gradient_loss | -0.00116     |
|    std                  | 0.934        |
|    value_loss           | 2.37         |
------------------------------------------
------------------------------------------
| rollout/                |              |
|    ep_len_mean          | 2.21e+03     |
|    ep_rew_mean          | -7.38        |
| time/                   |              |
|    fps                  | 805          |
|    iterations           | 81           |
|    time_elapsed         | 205          |
|    total_timesteps      | 370688       |
| train/                  |              |
|    approx_kl            | 0.0039901594 |
|    clip_fraction        | 0.02         |
|    clip_range           | 0.2          |
|    entropy_loss         | -2.7         |
|    explained_variance   | 0.516        |
|    learning_rate        | 0.0003       |
|    loss                 | 0.00238      |
|    n_updates            | 900          |
|    policy_gradient_loss | -0.00265     |
|    std                  | 0.932        |
|    value_loss           | 1.3          |
------------------------------------------
------------------------------------------
| rollout/                |              |
|    ep_len_mean          | 2.21e+03     |
|    ep_rew_mean          | -7.24        |
| time/                   |              |
|    fps                  | 806          |
|    iterations           | 82           |
|    time_elapsed         | 208          |
|    total_timesteps      | 372736       |
| train/                  |              |
|    approx_kl            | 0.0080331955 |
|    clip_fraction        | 0.0706       |
|    clip_range           | 0.2          |
|    entropy_loss         | -2.7         |
|    explained_variance   | 0.296        |
|    learning_rate        | 0.0003       |
|    loss                 | 4.04         |
|    n_updates            | 905          |
|    policy_gradient_loss | -0.00382     |
|    std                  | 0.933        |
|    value_loss           | 2.32         |
------------------------------------------
-----------------------------------------
| rollout/                |             |
|    ep_len_mean          | 2.21e+03    |
|    ep_rew_mean          | -7.37       |
| time/                   |             |
|    fps                  | 806         |
|    iterations           | 83          |
|    time_elapsed         | 210         |
|    total_timesteps      | 374784      |
| train/                  |             |
|    approx_kl            | 0.005519635 |
|    clip_fraction        | 0.0598      |
|    clip_range           | 0.2         |
|    entropy_loss         | -2.7        |
|    explained_variance   | 0.699       |
|    learning_rate        | 0.0003      |
|    loss                 | 0.301       |
|    n_updates            | 910         |
|    policy_gradient_loss | -0.00491    |
|    std                  | 0.931       |
|    value_loss           | 0.669       |
-----------------------------------------
------------------------------------------
| rollout/                |              |
|    ep_len_mean          | 2.21e+03     |
|    ep_rew_mean          | -7.37        |
| time/                   |              |
|    fps                  | 145          |
|    iterations           | 84           |
|    time_elapsed         | 1183         |
|    total_timesteps      | 376832       |
| train/                  |              |
|    approx_kl            | 0.0034727114 |
|    clip_fraction        | 0.0134       |
|    clip_range           | 0.2          |
|    entropy_loss         | -2.69        |
|    explained_variance   | 0.869        |
|    learning_rate        | 0.0003       |
|    loss                 | 0.0921       |
|    n_updates            | 915          |
|    policy_gradient_loss | -0.00273     |
|    std                  | 0.931        |
|    value_loss           | 0.953        |
------------------------------------------
------------------------------------------
| rollout/                |              |
|    ep_len_mean          | 2.21e+03     |
|    ep_rew_mean          | -7.37        |
| time/                   |              |
|    fps                  | 146          |
|    iterations           | 85           |
|    time_elapsed         | 1185         |
|    total_timesteps      | 378880       |
| train/                  |              |
|    approx_kl            | 0.0033946414 |
|    clip_fraction        | 0.0112       |
|    clip_range           | 0.2          |
|    entropy_loss         | -2.69        |
|    explained_variance   | 0.695        |
|    learning_rate        | 0.0003       |
|    loss                 | 0.24         |
|    n_updates            | 920          |
|    policy_gradient_loss | -0.000913    |
|    std                  | 0.931        |
|    value_loss           | 1.12         |
------------------------------------------
------------------------------------------
| rollout/                |              |
|    ep_len_mean          | 2.21e+03     |
|    ep_rew_mean          | -7.27        |
| time/                   |              |
|    fps                  | 81           |
|    iterations           | 86           |
|    time_elapsed         | 2162         |
|    total_timesteps      | 380928       |
| train/                  |              |
|    approx_kl            | 0.0051344642 |
|    clip_fraction        | 0.0326       |
|    clip_range           | 0.2          |
|    entropy_loss         | -2.7         |
|    explained_variance   | 0.975        |
|    learning_rate        | 0.0003       |
|    loss                 | 0.0256       |
|    n_updates            | 925          |
|    policy_gradient_loss | -0.000681    |
|    std                  | 0.935        |
|    value_loss           | 0.0747       |
------------------------------------------
------------------------------------------
| rollout/                |              |
|    ep_len_mean          | 2.21e+03     |
|    ep_rew_mean          | -7.07        |
| time/                   |              |
|    fps                  | 55           |
|    iterations           | 87           |
|    time_elapsed         | 3229         |
|    total_timesteps      | 382976       |
| train/                  |              |
|    approx_kl            | 0.0032248446 |
|    clip_fraction        | 0.0576       |
|    clip_range           | 0.2          |
|    entropy_loss         | -2.7         |
|    explained_variance   | 0.756        |
|    learning_rate        | 0.0003       |
|    loss                 | 0.00352      |
|    n_updates            | 930          |
|    policy_gradient_loss | -0.00174     |
|    std                  | 0.934        |
|    value_loss           | 0.808        |
------------------------------------------
------------------------------------------
| rollout/                |              |
|    ep_len_mean          | 2.21e+03     |
|    ep_rew_mean          | -7.39        |
| time/                   |              |
|    fps                  | 43           |
|    iterations           | 88           |
|    time_elapsed         | 4183         |
|    total_timesteps      | 385024       |
| train/                  |              |
|    approx_kl            | 0.0035175253 |
|    clip_fraction        | 0.0372       |
|    clip_range           | 0.2          |
|    entropy_loss         | -2.7         |
|    explained_variance   | 0.726        |
|    learning_rate        | 0.0003       |
|    loss                 | 0.706        |
|    n_updates            | 935          |
|    policy_gradient_loss | 0.00124      |
|    std                  | 0.932        |
|    value_loss           | 2.66         |
------------------------------------------
-----------------------------------------
| rollout/                |             |
|    ep_len_mean          | 2.21e+03    |
|    ep_rew_mean          | -7.39       |
| time/                   |             |
|    fps                  | 43          |
|    iterations           | 89          |
|    time_elapsed         | 4235        |
|    total_timesteps      | 387072      |
| train/                  |             |
|    approx_kl            | 0.002021405 |
|    clip_fraction        | 0.00508     |
|    clip_range           | 0.2         |
|    entropy_loss         | -2.7        |
|    explained_variance   | 0.595       |
|    learning_rate        | 0.0003      |
|    loss                 | 0.842       |
|    n_updates            | 940         |
|    policy_gradient_loss | -0.00361    |
|    std                  | 0.932       |
|    value_loss           | 2.01        |
-----------------------------------------
------------------------------------------
| rollout/                |              |
|    ep_len_mean          | 2.21e+03     |
|    ep_rew_mean          | -7.39        |
| time/                   |              |
|    fps                  | 43           |
|    iterations           | 90           |
|    time_elapsed         | 4247         |
|    total_timesteps      | 389120       |
| train/                  |              |
|    approx_kl            | 0.0046515483 |
|    clip_fraction        | 0.0288       |
|    clip_range           | 0.2          |
|    entropy_loss         | -2.7         |
|    explained_variance   | 0.937        |
|    learning_rate        | 0.0003       |
|    loss                 | -0.0204      |
|    n_updates            | 945          |
|    policy_gradient_loss | -0.00155     |
|    std                  | 0.933        |
|    value_loss           | 0.403        |
------------------------------------------
------------------------------------------
| rollout/                |              |
|    ep_len_mean          | 2.21e+03     |
|    ep_rew_mean          | -7.43        |
| time/                   |              |
|    fps                  | 43           |
|    iterations           | 91           |
|    time_elapsed         | 4255         |
|    total_timesteps      | 391168       |
| train/                  |              |
|    approx_kl            | 0.0025178865 |
|    clip_fraction        | 0.0144       |
|    clip_range           | 0.2          |
|    entropy_loss         | -2.7         |
|    explained_variance   | 0.945        |
|    learning_rate        | 0.0003       |
|    loss                 | 0.0507       |
|    n_updates            | 950          |
|    policy_gradient_loss | -0.000249    |
|    std                  | 0.935        |
|    value_loss           | 0.036        |
------------------------------------------
------------------------------------------
| rollout/                |              |
|    ep_len_mean          | 2.21e+03     |
|    ep_rew_mean          | -7.43        |
| time/                   |              |
|    fps                  | 44           |
|    iterations           | 92           |
|    time_elapsed         | 4261         |
|    total_timesteps      | 393216       |
| train/                  |              |
|    approx_kl            | 0.0035500992 |
|    clip_fraction        | 0.015        |
|    clip_range           | 0.2          |
|    entropy_loss         | -2.7         |
|    explained_variance   | 0.411        |
|    learning_rate        | 0.0003       |
|    loss                 | 20.5         |
|    n_updates            | 955          |
|    policy_gradient_loss | -0.00194     |
|    std                  | 0.935        |
|    value_loss           | 13.1         |
------------------------------------------
------------------------------------------
| rollout/                |              |
|    ep_len_mean          | 2.21e+03     |
|    ep_rew_mean          | -7.43        |
| time/                   |              |
|    fps                  | 44           |
|    iterations           | 93           |
|    time_elapsed         | 4265         |
|    total_timesteps      | 395264       |
| train/                  |              |
|    approx_kl            | 0.0027139788 |
|    clip_fraction        | 0.00313      |
|    clip_range           | 0.2          |
|    entropy_loss         | -2.7         |
|    explained_variance   | 0.627        |
|    learning_rate        | 0.0003       |
|    loss                 | 0.722        |
|    n_updates            | 960          |
|    policy_gradient_loss | -0.00057     |
|    std                  | 0.935        |
|    value_loss           | 3.31         |
------------------------------------------
----------------------------------------
| rollout/                |            |
|    ep_len_mean          | 2.21e+03   |
|    ep_rew_mean          | -7.43      |
| time/                   |            |
|    fps                  | 45         |
|    iterations           | 94         |
|    time_elapsed         | 4270       |
|    total_timesteps      | 397312     |
| train/                  |            |
|    approx_kl            | 0.00400991 |
|    clip_fraction        | 0.00811    |
|    clip_range           | 0.2        |
|    entropy_loss         | -2.7       |
|    explained_variance   | 0.982      |
|    learning_rate        | 0.0003     |
|    loss                 | 0.00297    |
|    n_updates            | 965        |
|    policy_gradient_loss | -0.00193   |
|    std                  | 0.935      |
|    value_loss           | 0.286      |
----------------------------------------
-----------------------------------------
| rollout/                |             |
|    ep_len_mean          | 2.21e+03    |
|    ep_rew_mean          | -7.31       |
| time/                   |             |
|    fps                  | 45          |
|    iterations           | 95          |
|    time_elapsed         | 4274        |
|    total_timesteps      | 399360      |
| train/                  |             |
|    approx_kl            | 0.005911401 |
|    clip_fraction        | 0.0404      |
|    clip_range           | 0.2         |
|    entropy_loss         | -2.7        |
|    explained_variance   | 0.975       |
|    learning_rate        | 0.0003      |
|    loss                 | 0.0269      |
|    n_updates            | 970         |
|    policy_gradient_loss | -0.0024     |
|    std                  | 0.936       |
|    value_loss           | 0.0536      |
-----------------------------------------
-----------------------------------------
| rollout/                |             |
|    ep_len_mean          | 2.21e+03    |
|    ep_rew_mean          | -7.44       |
| time/                   |             |
|    fps                  | 45          |
|    iterations           | 96          |
|    time_elapsed         | 4279        |
|    total_timesteps      | 401408      |
| train/                  |             |
|    approx_kl            | 0.006476728 |
|    clip_fraction        | 0.0693      |
|    clip_range           | 0.2         |
|    entropy_loss         | -2.7        |
|    explained_variance   | 0.449       |
|    learning_rate        | 0.0003      |
|    loss                 | 0.0105      |
|    n_updates            | 975         |
|    policy_gradient_loss | -0.00248    |
|    std                  | 0.935       |
|    value_loss           | 3.88        |
-----------------------------------------
------------------------------------------
| rollout/                |              |
|    ep_len_mean          | 2.21e+03     |
|    ep_rew_mean          | -7.44        |
| time/                   |              |
|    fps                  | 46           |
|    iterations           | 97           |
|    time_elapsed         | 4284         |
|    total_timesteps      | 403456       |
| train/                  |              |
|    approx_kl            | 0.0017761837 |
|    clip_fraction        | 0.000293     |
|    clip_range           | 0.2          |
|    entropy_loss         | -2.7         |
|    explained_variance   | 0.332        |
|    learning_rate        | 0.0003       |
|    loss                 | 0.0455       |
|    n_updates            | 980          |
|    policy_gradient_loss | -0.00289     |
|    std                  | 0.935        |
|    value_loss           | 5.59         |
------------------------------------------
------------------------------------------
| rollout/                |              |
|    ep_len_mean          | 2.21e+03     |
|    ep_rew_mean          | -7.44        |
| time/                   |              |
|    fps                  | 46           |
|    iterations           | 98           |
|    time_elapsed         | 4288         |
|    total_timesteps      | 405504       |
| train/                  |              |
|    approx_kl            | 0.0072851023 |
|    clip_fraction        | 0.0414       |
|    clip_range           | 0.2          |
|    entropy_loss         | -2.7         |
|    explained_variance   | 0.85         |
|    learning_rate        | 0.0003       |
|    loss                 | 2.16         |
|    n_updates            | 985          |
|    policy_gradient_loss | 0.000455     |
|    std                  | 0.936        |
|    value_loss           | 1.2          |
------------------------------------------
-----------------------------------------
| rollout/                |             |
|    ep_len_mean          | 2.2e+03     |
|    ep_rew_mean          | -8.22       |
| time/                   |             |
|    fps                  | 47          |
|    iterations           | 99          |
|    time_elapsed         | 4291        |
|    total_timesteps      | 407552      |
| train/                  |             |
|    approx_kl            | 0.004635956 |
|    clip_fraction        | 0.0506      |
|    clip_range           | 0.2         |
|    entropy_loss         | -2.7        |
|    explained_variance   | 0.961       |
|    learning_rate        | 0.0003      |
|    loss                 | -0.0101     |
|    n_updates            | 990         |
|    policy_gradient_loss | 0.000829    |
|    std                  | 0.934       |
|    value_loss           | 0.0292      |
-----------------------------------------
------------------------------------------
| rollout/                |              |
|    ep_len_mean          | 2.2e+03      |
|    ep_rew_mean          | -8.46        |
| time/                   |              |
|    fps                  | 47           |
|    iterations           | 100          |
|    time_elapsed         | 4297         |
|    total_timesteps      | 409600       |
| train/                  |              |
|    approx_kl            | 0.0057351496 |
|    clip_fraction        | 0.039        |
|    clip_range           | 0.2          |
|    entropy_loss         | -2.7         |
|    explained_variance   | 0.0328       |
|    learning_rate        | 0.0003       |
|    loss                 | 0.00493      |
|    n_updates            | 995          |
|    policy_gradient_loss | -0.00146     |
|    std                  | 0.935        |
|    value_loss           | 5.39         |
------------------------------------------

CP2 held-out: 2/50 hits (4.0%), mean miss 250.4 m, mean reward 27.65
STOP CONDITION: no joint improvement -- review gate before continuing.
