
==== babysit CP1 2026-09-16 17:55:57 ====
CP1: evasive lineage | max_time=45s t_go_max=10s | tracking=True | obs=12-D | miss_tanh_scale=3000m shaping_gamma=1 effort_weight=5 precision_weight=0 -> out=/Users/vincenzo/Desktop/Projects/Physics Sim Project/missile_guidance_sim/outputs/evasive_zemtgo10_seed17
Using cpu device
-----------------------------
| time/              |      |
|    fps             | 4706 |
|    iterations      | 1    |
|    time_elapsed    | 0    |
|    total_timesteps | 2048 |
-----------------------------
-----------------------------------------
| time/                   |             |
|    fps                  | 1851        |
|    iterations           | 2           |
|    time_elapsed         | 2           |
|    total_timesteps      | 4096        |
| train/                  |             |
|    approx_kl            | 0.005566899 |
|    clip_fraction        | 0.0146      |
|    clip_range           | 0.2         |
|    entropy_loss         | -2.84       |
|    explained_variance   | -0.00388    |
|    learning_rate        | 0.0003      |
|    loss                 | 3.35        |
|    n_updates            | 5           |
|    policy_gradient_loss | -0.00437    |
|    std                  | 1           |
|    value_loss           | 2.08        |
-----------------------------------------
------------------------------------------
| time/                   |              |
|    fps                  | 1718         |
|    iterations           | 3            |
|    time_elapsed         | 3            |
|    total_timesteps      | 6144         |
| train/                  |              |
|    approx_kl            | 0.0073047774 |
|    clip_fraction        | 0.0281       |
|    clip_range           | 0.2          |
|    entropy_loss         | -2.84        |
|    explained_variance   | -0.0034      |
|    learning_rate        | 0.0003       |
|    loss                 | 0.143        |
|    n_updates            | 10           |
|    policy_gradient_loss | -0.00269     |
|    std                  | 0.997        |
|    value_loss           | 1.25         |
------------------------------------------
-----------------------------------------
| time/                   |             |
|    fps                  | 1671        |
|    iterations           | 4           |
|    time_elapsed         | 4           |
|    total_timesteps      | 8192        |
| train/                  |             |
|    approx_kl            | 0.007378141 |
|    clip_fraction        | 0.0604      |
|    clip_range           | 0.2         |
|    entropy_loss         | -2.83       |
|    explained_variance   | 0.184       |
|    learning_rate        | 0.0003      |
|    loss                 | 0.00351     |
|    n_updates            | 15          |
|    policy_gradient_loss | -0.00623    |
|    std                  | 0.993       |
|    value_loss           | 0.0311      |
-----------------------------------------
----------------------------------------
| rollout/                |            |
|    ep_len_mean          | 2.24e+03   |
|    ep_rew_mean          | 0.643      |
| time/                   |            |
|    fps                  | 1656       |
|    iterations           | 5          |
|    time_elapsed         | 6          |
|    total_timesteps      | 10240      |
| train/                  |            |
|    approx_kl            | 0.00837388 |
|    clip_fraction        | 0.0326     |
|    clip_range           | 0.2        |
|    entropy_loss         | -2.82      |
|    explained_variance   | -0.288     |
|    learning_rate        | 0.0003     |
|    loss                 | -0.00604   |
|    n_updates            | 20         |
|    policy_gradient_loss | -0.00546   |
|    std                  | 0.987      |
|    value_loss           | 0.00558    |
----------------------------------------
-----------------------------------------
| rollout/                |             |
|    ep_len_mean          | 2.24e+03    |
|    ep_rew_mean          | 0.643       |
| time/                   |             |
|    fps                  | 1552        |
|    iterations           | 6           |
|    time_elapsed         | 7           |
|    total_timesteps      | 12288       |
| train/                  |             |
|    approx_kl            | 0.004287005 |
|    clip_fraction        | 0.00908     |
|    clip_range           | 0.2         |
|    entropy_loss         | -2.81       |
|    explained_variance   | -0.0131     |
|    learning_rate        | 0.0003      |
|    loss                 | 0.309       |
|    n_updates            | 25          |
|    policy_gradient_loss | -0.00261    |
|    std                  | 0.986       |
|    value_loss           | 7.21        |
-----------------------------------------
----------------------------------------
| rollout/                |            |
|    ep_len_mean          | 2.24e+03   |
|    ep_rew_mean          | 0.643      |
| time/                   |            |
|    fps                  | 1544       |
|    iterations           | 7          |
|    time_elapsed         | 9          |
|    total_timesteps      | 14336      |
| train/                  |            |
|    approx_kl            | 0.00945987 |
|    clip_fraction        | 0.0522     |
|    clip_range           | 0.2        |
|    entropy_loss         | -2.81      |
|    explained_variance   | 0.431      |
|    learning_rate        | 0.0003     |
|    loss                 | -0.0108    |
|    n_updates            | 30         |
|    policy_gradient_loss | -0.00798   |
|    std                  | 0.982      |
|    value_loss           | 0.0534     |
----------------------------------------
-----------------------------------------
| rollout/                |             |
|    ep_len_mean          | 2.24e+03    |
|    ep_rew_mean          | 0.643       |
| time/                   |             |
|    fps                  | 1534        |
|    iterations           | 8           |
|    time_elapsed         | 10          |
|    total_timesteps      | 16384       |
| train/                  |             |
|    approx_kl            | 0.005325226 |
|    clip_fraction        | 0.062       |
|    clip_range           | 0.2         |
|    entropy_loss         | -2.8        |
|    explained_variance   | 0.702       |
|    learning_rate        | 0.0003      |
|    loss                 | -0.0127     |
|    n_updates            | 35          |
|    policy_gradient_loss | -0.00574    |
|    std                  | 0.978       |
|    value_loss           | 0.0258      |
-----------------------------------------
-----------------------------------------
| rollout/                |             |
|    ep_len_mean          | 2.24e+03    |
|    ep_rew_mean          | -17         |
| time/                   |             |
|    fps                  | 1532        |
|    iterations           | 9           |
|    time_elapsed         | 12          |
|    total_timesteps      | 18432       |
| train/                  |             |
|    approx_kl            | 0.003278063 |
|    clip_fraction        | 0.00488     |
|    clip_range           | 0.2         |
|    entropy_loss         | -2.79       |
|    explained_variance   | 0.422       |
|    learning_rate        | 0.0003      |
|    loss                 | 0.0193      |
|    n_updates            | 40          |
|    policy_gradient_loss | -0.00135    |
|    std                  | 0.976       |
|    value_loss           | 0.0611      |
-----------------------------------------
-----------------------------------------
| rollout/                |             |
|    ep_len_mean          | 2.24e+03    |
|    ep_rew_mean          | -17         |
| time/                   |             |
|    fps                  | 1511        |
|    iterations           | 10          |
|    time_elapsed         | 13          |
|    total_timesteps      | 20480       |
| train/                  |             |
|    approx_kl            | 0.004890098 |
|    clip_fraction        | 0.0264      |
|    clip_range           | 0.2         |
|    entropy_loss         | -2.79       |
|    explained_variance   | -0.0733     |
|    learning_rate        | 0.0003      |
|    loss                 | 0.0309      |
|    n_updates            | 45          |
|    policy_gradient_loss | -0.00195    |
|    std                  | 0.977       |
|    value_loss           | 3.88        |
-----------------------------------------
-----------------------------------------
| rollout/                |             |
|    ep_len_mean          | 2.24e+03    |
|    ep_rew_mean          | -17         |
| time/                   |             |
|    fps                  | 1516        |
|    iterations           | 11          |
|    time_elapsed         | 14          |
|    total_timesteps      | 22528       |
| train/                  |             |
|    approx_kl            | 0.007211513 |
|    clip_fraction        | 0.0456      |
|    clip_range           | 0.2         |
|    entropy_loss         | -2.79       |
|    explained_variance   | 0.0133      |
|    learning_rate        | 0.0003      |
|    loss                 | 0.0767      |
|    n_updates            | 50          |
|    policy_gradient_loss | -0.00412    |
|    std                  | 0.977       |
|    value_loss           | 2.28        |
-----------------------------------------
------------------------------------------
| rollout/                |              |
|    ep_len_mean          | 2.24e+03     |
|    ep_rew_mean          | -17          |
| time/                   |              |
|    fps                  | 1515         |
|    iterations           | 12           |
|    time_elapsed         | 16           |
|    total_timesteps      | 24576        |
| train/                  |              |
|    approx_kl            | 0.0064826133 |
|    clip_fraction        | 0.0894       |
|    clip_range           | 0.2          |
|    entropy_loss         | -2.79        |
|    explained_variance   | 0.00277      |
|    learning_rate        | 0.0003       |
|    loss                 | 0.251        |
|    n_updates            | 55           |
|    policy_gradient_loss | -0.00792     |
|    std                  | 0.976        |
|    value_loss           | 0.473        |
------------------------------------------
------------------------------------------
| rollout/                |              |
|    ep_len_mean          | 2.24e+03     |
|    ep_rew_mean          | -17          |
| time/                   |              |
|    fps                  | 1514         |
|    iterations           | 13           |
|    time_elapsed         | 17           |
|    total_timesteps      | 26624        |
| train/                  |              |
|    approx_kl            | 0.0066866996 |
|    clip_fraction        | 0.0739       |
|    clip_range           | 0.2          |
|    entropy_loss         | -2.79        |
|    explained_variance   | 0.0756       |
|    learning_rate        | 0.0003       |
|    loss                 | 0.693        |
|    n_updates            | 60           |
|    policy_gradient_loss | -0.00547     |
|    std                  | 0.976        |
|    value_loss           | 1.14         |
------------------------------------------
-----------------------------------------
| rollout/                |             |
|    ep_len_mean          | 2.24e+03    |
|    ep_rew_mean          | -16.5       |
| time/                   |             |
|    fps                  | 1522        |
|    iterations           | 14          |
|    time_elapsed         | 18          |
|    total_timesteps      | 28672       |
| train/                  |             |
|    approx_kl            | 0.008957822 |
|    clip_fraction        | 0.09        |
|    clip_range           | 0.2         |
|    entropy_loss         | -2.79       |
|    explained_variance   | 0.381       |
|    learning_rate        | 0.0003      |
|    loss                 | -0.0278     |
|    n_updates            | 65          |
|    policy_gradient_loss | -0.00861    |
|    std                  | 0.975       |
|    value_loss           | 0.0325      |
-----------------------------------------
------------------------------------------
| rollout/                |              |
|    ep_len_mean          | 2.24e+03     |
|    ep_rew_mean          | -16.5        |
| time/                   |              |
|    fps                  | 1511         |
|    iterations           | 15           |
|    time_elapsed         | 20           |
|    total_timesteps      | 30720        |
| train/                  |              |
|    approx_kl            | 0.0088474965 |
|    clip_fraction        | 0.0549       |
|    clip_range           | 0.2          |
|    entropy_loss         | -2.79        |
|    explained_variance   | -0.000317    |
|    learning_rate        | 0.0003       |
|    loss                 | 0.27         |
|    n_updates            | 70           |
|    policy_gradient_loss | -0.0027      |
|    std                  | 0.975        |
|    value_loss           | 9.15         |
------------------------------------------
------------------------------------------
| rollout/                |              |
|    ep_len_mean          | 2.24e+03     |
|    ep_rew_mean          | -16.5        |
| time/                   |              |
|    fps                  | 1516         |
|    iterations           | 16           |
|    time_elapsed         | 21           |
|    total_timesteps      | 32768        |
| train/                  |              |
|    approx_kl            | 0.0072434945 |
|    clip_fraction        | 0.0278       |
|    clip_range           | 0.2          |
|    entropy_loss         | -2.78        |
|    explained_variance   | 0.057        |
|    learning_rate        | 0.0003       |
|    loss                 | 1.88         |
|    n_updates            | 75           |
|    policy_gradient_loss | -0.00592     |
|    std                  | 0.971        |
|    value_loss           | 1.98         |
------------------------------------------
------------------------------------------
| rollout/                |              |
|    ep_len_mean          | 2.2e+03      |
|    ep_rew_mean          | -14.6        |
| time/                   |              |
|    fps                  | 1518         |
|    iterations           | 17           |
|    time_elapsed         | 22           |
|    total_timesteps      | 34816        |
| train/                  |              |
|    approx_kl            | 0.0055453293 |
|    clip_fraction        | 0.0588       |
|    clip_range           | 0.2          |
|    entropy_loss         | -2.78        |
|    explained_variance   | 0.0307       |
|    learning_rate        | 0.0003       |
|    loss                 | 0.0263       |
|    n_updates            | 80           |
|    policy_gradient_loss | -0.00359     |
|    std                  | 0.97         |
|    value_loss           | 1.34         |
------------------------------------------
-----------------------------------------
| rollout/                |             |
|    ep_len_mean          | 2.21e+03    |
|    ep_rew_mean          | -11         |
| time/                   |             |
|    fps                  | 1510        |
|    iterations           | 18          |
|    time_elapsed         | 24          |
|    total_timesteps      | 36864       |
| train/                  |             |
|    approx_kl            | 0.004590856 |
|    clip_fraction        | 0.0315      |
|    clip_range           | 0.2         |
|    entropy_loss         | -2.78       |
|    explained_variance   | -0.0136     |
|    learning_rate        | 0.0003      |
|    loss                 | 8.89        |
|    n_updates            | 85          |
|    policy_gradient_loss | -0.00404    |
|    std                  | 0.971       |
|    value_loss           | 2.49        |
-----------------------------------------
----------------------------------------
| rollout/                |            |
|    ep_len_mean          | 2.21e+03   |
|    ep_rew_mean          | -11        |
| time/                   |            |
|    fps                  | 1496       |
|    iterations           | 19         |
|    time_elapsed         | 26         |
|    total_timesteps      | 38912      |
| train/                  |            |
|    approx_kl            | 0.00932853 |
|    clip_fraction        | 0.0687     |
|    clip_range           | 0.2        |
|    entropy_loss         | -2.78      |
|    explained_variance   | 0.0227     |
|    learning_rate        | 0.0003     |
|    loss                 | 7.91       |
|    n_updates            | 90         |
|    policy_gradient_loss | -0.00589   |
|    std                  | 0.97       |
|    value_loss           | 11.5       |
----------------------------------------
----------------------------------------
| rollout/                |            |
|    ep_len_mean          | 2.21e+03   |
|    ep_rew_mean          | -11        |
| time/                   |            |
|    fps                  | 1499       |
|    iterations           | 20         |
|    time_elapsed         | 27         |
|    total_timesteps      | 40960      |
| train/                  |            |
|    approx_kl            | 0.00806083 |
|    clip_fraction        | 0.0879     |
|    clip_range           | 0.2        |
|    entropy_loss         | -2.78      |
|    explained_variance   | 0.0182     |
|    learning_rate        | 0.0003     |
|    loss                 | 6.95       |
|    n_updates            | 95         |
|    policy_gradient_loss | -0.00839   |
|    std                  | 0.97       |
|    value_loss           | 2.67       |
----------------------------------------
-----------------------------------------
| rollout/                |             |
|    ep_len_mean          | 2.2e+03     |
|    ep_rew_mean          | -10.3       |
| time/                   |             |
|    fps                  | 1509        |
|    iterations           | 21          |
|    time_elapsed         | 28          |
|    total_timesteps      | 43008       |
| train/                  |             |
|    approx_kl            | 0.004411702 |
|    clip_fraction        | 0.0297      |
|    clip_range           | 0.2         |
|    entropy_loss         | -2.78       |
|    explained_variance   | 0.0388      |
|    learning_rate        | 0.0003      |
|    loss                 | 1.29        |
|    n_updates            | 100         |
|    policy_gradient_loss | -0.00363    |
|    std                  | 0.968       |
|    value_loss           | 1.61        |
-----------------------------------------
-----------------------------------------
| rollout/                |             |
|    ep_len_mean          | 2.19e+03    |
|    ep_rew_mean          | -7.4        |
| time/                   |             |
|    fps                  | 1511        |
|    iterations           | 22          |
|    time_elapsed         | 29          |
|    total_timesteps      | 45056       |
| train/                  |             |
|    approx_kl            | 0.009201275 |
|    clip_fraction        | 0.0807      |
|    clip_range           | 0.2         |
|    entropy_loss         | -2.77       |
|    explained_variance   | -0.00348    |
|    learning_rate        | 0.0003      |
|    loss                 | 0.145       |
|    n_updates            | 105         |
|    policy_gradient_loss | -0.00674    |
|    std                  | 0.967       |
|    value_loss           | 3.44        |
-----------------------------------------
------------------------------------------
| rollout/                |              |
|    ep_len_mean          | 2.19e+03     |
|    ep_rew_mean          | -7.4         |
| time/                   |              |
|    fps                  | 1508         |
|    iterations           | 23           |
|    time_elapsed         | 31           |
|    total_timesteps      | 47104        |
| train/                  |              |
|    approx_kl            | 0.0061580553 |
|    clip_fraction        | 0.0263       |
|    clip_range           | 0.2          |
|    entropy_loss         | -2.77        |
|    explained_variance   | 0.0094       |
|    learning_rate        | 0.0003       |
|    loss                 | 0.12         |
|    n_updates            | 110          |
|    policy_gradient_loss | -0.00304     |
|    std                  | 0.967        |
|    value_loss           | 9.48         |
------------------------------------------
-----------------------------------------
| rollout/                |             |
|    ep_len_mean          | 2.19e+03    |
|    ep_rew_mean          | -7.4        |
| time/                   |             |
|    fps                  | 1505        |
|    iterations           | 24          |
|    time_elapsed         | 32          |
|    total_timesteps      | 49152       |
| train/                  |             |
|    approx_kl            | 0.007623384 |
|    clip_fraction        | 0.0726      |
|    clip_range           | 0.2         |
|    entropy_loss         | -2.77       |
|    explained_variance   | -0.108      |
|    learning_rate        | 0.0003      |
|    loss                 | 0.102       |
|    n_updates            | 115         |
|    policy_gradient_loss | -0.00692    |
|    std                  | 0.966       |
|    value_loss           | 1.68        |
-----------------------------------------
-----------------------------------------
| rollout/                |             |
|    ep_len_mean          | 2.19e+03    |
|    ep_rew_mean          | -6.96       |
| time/                   |             |
|    fps                  | 1503        |
|    iterations           | 25          |
|    time_elapsed         | 34          |
|    total_timesteps      | 51200       |
| train/                  |             |
|    approx_kl            | 0.006201712 |
|    clip_fraction        | 0.0509      |
|    clip_range           | 0.2         |
|    entropy_loss         | -2.77       |
|    explained_variance   | 0.0574      |
|    learning_rate        | 0.0003      |
|    loss                 | -0.022      |
|    n_updates            | 120         |
|    policy_gradient_loss | -0.00279    |
|    std                  | 0.965       |
|    value_loss           | 4.17        |
-----------------------------------------
-----------------------------------------
| rollout/                |             |
|    ep_len_mean          | 2.2e+03     |
|    ep_rew_mean          | -6.22       |
| time/                   |             |
|    fps                  | 1495        |
|    iterations           | 26          |
|    time_elapsed         | 35          |
|    total_timesteps      | 53248       |
| train/                  |             |
|    approx_kl            | 0.006663732 |
|    clip_fraction        | 0.0651      |
|    clip_range           | 0.2         |
|    entropy_loss         | -2.77       |
|    explained_variance   | 0.104       |
|    learning_rate        | 0.0003      |
|    loss                 | 7.3         |
|    n_updates            | 125         |
|    policy_gradient_loss | -0.00522    |
|    std                  | 0.966       |
|    value_loss           | 1.97        |
-----------------------------------------
-----------------------------------------
| rollout/                |             |
|    ep_len_mean          | 2.2e+03     |
|    ep_rew_mean          | -4.37       |
| time/                   |             |
|    fps                  | 1492        |
|    iterations           | 27          |
|    time_elapsed         | 37          |
|    total_timesteps      | 55296       |
| train/                  |             |
|    approx_kl            | 0.004683582 |
|    clip_fraction        | 0.0273      |
|    clip_range           | 0.2         |
|    entropy_loss         | -2.77       |
|    explained_variance   | 0.083       |
|    learning_rate        | 0.0003      |
|    loss                 | 6.97        |
|    n_updates            | 130         |
|    policy_gradient_loss | -0.00384    |
|    std                  | 0.963       |
|    value_loss           | 2.8         |
-----------------------------------------
-----------------------------------------
| rollout/                |             |
|    ep_len_mean          | 2.2e+03     |
|    ep_rew_mean          | -4.37       |
| time/                   |             |
|    fps                  | 1489        |
|    iterations           | 28          |
|    time_elapsed         | 38          |
|    total_timesteps      | 57344       |
| train/                  |             |
|    approx_kl            | 0.004081197 |
|    clip_fraction        | 0.0143      |
|    clip_range           | 0.2         |
|    entropy_loss         | -2.76       |
|    explained_variance   | -0.0739     |
|    learning_rate        | 0.0003      |
|    loss                 | 0.154       |
|    n_updates            | 135         |
|    policy_gradient_loss | -0.00265    |
|    std                  | 0.963       |
|    value_loss           | 14.4        |
-----------------------------------------
-----------------------------------------
| rollout/                |             |
|    ep_len_mean          | 2.2e+03     |
|    ep_rew_mean          | -4.37       |
| time/                   |             |
|    fps                  | 1489        |
|    iterations           | 29          |
|    time_elapsed         | 39          |
|    total_timesteps      | 59392       |
| train/                  |             |
|    approx_kl            | 0.003518016 |
|    clip_fraction        | 0.0251      |
|    clip_range           | 0.2         |
|    entropy_loss         | -2.76       |
|    explained_variance   | 0.0366      |
|    learning_rate        | 0.0003      |
|    loss                 | 6           |
|    n_updates            | 140         |
|    policy_gradient_loss | -0.00224    |
|    std                  | 0.964       |
|    value_loss           | 3.6         |
-----------------------------------------
------------------------------------------
| rollout/                |              |
|    ep_len_mean          | 2.2e+03      |
|    ep_rew_mean          | -4.11        |
| time/                   |              |
|    fps                  | 1492         |
|    iterations           | 30           |
|    time_elapsed         | 41           |
|    total_timesteps      | 61440        |
| train/                  |              |
|    approx_kl            | 0.0040832674 |
|    clip_fraction        | 0.0119       |
|    clip_range           | 0.2          |
|    entropy_loss         | -2.76        |
|    explained_variance   | 0.0277       |
|    learning_rate        | 0.0003       |
|    loss                 | 0.0151       |
|    n_updates            | 145          |
|    policy_gradient_loss | -0.00262     |
|    std                  | 0.963        |
|    value_loss           | 2.61         |
------------------------------------------
------------------------------------------
| rollout/                |              |
|    ep_len_mean          | 2.21e+03     |
|    ep_rew_mean          | -2.55        |
| time/                   |              |
|    fps                  | 1490         |
|    iterations           | 31           |
|    time_elapsed         | 42           |
|    total_timesteps      | 63488        |
| train/                  |              |
|    approx_kl            | 0.0030235848 |
|    clip_fraction        | 0.0267       |
|    clip_range           | 0.2          |
|    entropy_loss         | -2.76        |
|    explained_variance   | 0.0351       |
|    learning_rate        | 0.0003       |
|    loss                 | 2.91         |
|    n_updates            | 150          |
|    policy_gradient_loss | -0.00243     |
|    std                  | 0.962        |
|    value_loss           | 7.11         |
------------------------------------------
-----------------------------------------
| rollout/                |             |
|    ep_len_mean          | 2.21e+03    |
|    ep_rew_mean          | -2.55       |
| time/                   |             |
|    fps                  | 1487        |
|    iterations           | 32          |
|    time_elapsed         | 44          |
|    total_timesteps      | 65536       |
| train/                  |             |
|    approx_kl            | 0.008398335 |
|    clip_fraction        | 0.0599      |
|    clip_range           | 0.2         |
|    entropy_loss         | -2.76       |
|    explained_variance   | -0.0357     |
|    learning_rate        | 0.0003      |
|    loss                 | 0.806       |
|    n_updates            | 155         |
|    policy_gradient_loss | -0.00514    |
|    std                  | 0.962       |
|    value_loss           | 12.5        |
-----------------------------------------
-----------------------------------------
| rollout/                |             |
|    ep_len_mean          | 2.18e+03    |
|    ep_rew_mean          | 1.98        |
| time/                   |             |
|    fps                  | 1487        |
|    iterations           | 33          |
|    time_elapsed         | 45          |
|    total_timesteps      | 67584       |
| train/                  |             |
|    approx_kl            | 0.004869353 |
|    clip_fraction        | 0.0371      |
|    clip_range           | 0.2         |
|    entropy_loss         | -2.76       |
|    explained_variance   | 0.128       |
|    learning_rate        | 0.0003      |
|    loss                 | 2.74        |
|    n_updates            | 160         |
|    policy_gradient_loss | -0.00399    |
|    std                  | 0.962       |
|    value_loss           | 5.65        |
-----------------------------------------
-----------------------------------------
| rollout/                |             |
|    ep_len_mean          | 2.18e+03    |
|    ep_rew_mean          | 1.98        |
| time/                   |             |
|    fps                  | 1489        |
|    iterations           | 34          |
|    time_elapsed         | 46          |
|    total_timesteps      | 69632       |
| train/                  |             |
|    approx_kl            | 0.004379701 |
|    clip_fraction        | 0.0291      |
|    clip_range           | 0.2         |
|    entropy_loss         | -2.76       |
|    explained_variance   | -0.0242     |
|    learning_rate        | 0.0003      |
|    loss                 | 0.211       |
|    n_updates            | 165         |
|    policy_gradient_loss | -0.00246    |
|    std                  | 0.962       |
|    value_loss           | 53.2        |
-----------------------------------------
------------------------------------------
| rollout/                |              |
|    ep_len_mean          | 2.18e+03     |
|    ep_rew_mean          | 2.53         |
| time/                   |              |
|    fps                  | 1487         |
|    iterations           | 35           |
|    time_elapsed         | 48           |
|    total_timesteps      | 71680        |
| train/                  |              |
|    approx_kl            | 0.0070761787 |
|    clip_fraction        | 0.0459       |
|    clip_range           | 0.2          |
|    entropy_loss         | -2.76        |
|    explained_variance   | 0.222        |
|    learning_rate        | 0.0003       |
|    loss                 | 0.00354      |
|    n_updates            | 170          |
|    policy_gradient_loss | -0.00246     |
|    std                  | 0.959        |
|    value_loss           | 2.89         |
------------------------------------------
------------------------------------------
| rollout/                |              |
|    ep_len_mean          | 2.19e+03     |
|    ep_rew_mean          | 2.97         |
| time/                   |              |
|    fps                  | 1483         |
|    iterations           | 36           |
|    time_elapsed         | 49           |
|    total_timesteps      | 73728        |
| train/                  |              |
|    approx_kl            | 0.0035454072 |
|    clip_fraction        | 0.00693      |
|    clip_range           | 0.2          |
|    entropy_loss         | -2.75        |
|    explained_variance   | 0.0703       |
|    learning_rate        | 0.0003       |
|    loss                 | 0.0585       |
|    n_updates            | 175          |
|    policy_gradient_loss | -0.0023      |
|    std                  | 0.959        |
|    value_loss           | 10.2         |
------------------------------------------
------------------------------------------
| rollout/                |              |
|    ep_len_mean          | 2.19e+03     |
|    ep_rew_mean          | 3.47         |
| time/                   |              |
|    fps                  | 1474         |
|    iterations           | 37           |
|    time_elapsed         | 51           |
|    total_timesteps      | 75776        |
| train/                  |              |
|    approx_kl            | 0.0071849367 |
|    clip_fraction        | 0.0829       |
|    clip_range           | 0.2          |
|    entropy_loss         | -2.75        |
|    explained_variance   | -0.102       |
|    learning_rate        | 0.0003       |
|    loss                 | 8.73         |
|    n_updates            | 180          |
|    policy_gradient_loss | -0.00441     |
|    std                  | 0.957        |
|    value_loss           | 13.7         |
------------------------------------------
------------------------------------------
| rollout/                |              |
|    ep_len_mean          | 2.18e+03     |
|    ep_rew_mean          | 4.16         |
| time/                   |              |
|    fps                  | 1473         |
|    iterations           | 38           |
|    time_elapsed         | 52           |
|    total_timesteps      | 77824        |
| train/                  |              |
|    approx_kl            | 0.0035291985 |
|    clip_fraction        | 0.0453       |
|    clip_range           | 0.2          |
|    entropy_loss         | -2.75        |
|    explained_variance   | 0.00957      |
|    learning_rate        | 0.0003       |
|    loss                 | 8.8          |
|    n_updates            | 185          |
|    policy_gradient_loss | -0.00295     |
|    std                  | 0.955        |
|    value_loss           | 11.2         |
------------------------------------------
-----------------------------------------
| rollout/                |             |
|    ep_len_mean          | 2.17e+03    |
|    ep_rew_mean          | 3.92        |
| time/                   |             |
|    fps                  | 1476        |
|    iterations           | 39          |
|    time_elapsed         | 54          |
|    total_timesteps      | 79872       |
| train/                  |             |
|    approx_kl            | 0.005980329 |
|    clip_fraction        | 0.107       |
|    clip_range           | 0.2         |
|    entropy_loss         | -2.74       |
|    explained_variance   | 0.239       |
|    learning_rate        | 0.0003      |
|    loss                 | 1.76        |
|    n_updates            | 190         |
|    policy_gradient_loss | -0.00421    |
|    std                  | 0.954       |
|    value_loss           | 1.28        |
-----------------------------------------
------------------------------------------
| rollout/                |              |
|    ep_len_mean          | 2.14e+03     |
|    ep_rew_mean          | 7.78         |
| time/                   |              |
|    fps                  | 1477         |
|    iterations           | 40           |
|    time_elapsed         | 55           |
|    total_timesteps      | 81920        |
| train/                  |              |
|    approx_kl            | 0.0058259745 |
|    clip_fraction        | 0.022        |
|    clip_range           | 0.2          |
|    entropy_loss         | -2.74        |
|    explained_variance   | 0.138        |
|    learning_rate        | 0.0003       |
|    loss                 | 0.159        |
|    n_updates            | 195          |
|    policy_gradient_loss | -0.00217     |
|    std                  | 0.953        |
|    value_loss           | 6.55         |
------------------------------------------
------------------------------------------
| rollout/                |              |
|    ep_len_mean          | 2.12e+03     |
|    ep_rew_mean          | 11.2         |
| time/                   |              |
|    fps                  | 1478         |
|    iterations           | 41           |
|    time_elapsed         | 56           |
|    total_timesteps      | 83968        |
| train/                  |              |
|    approx_kl            | 0.0019526747 |
|    clip_fraction        | 0.00664      |
|    clip_range           | 0.2          |
|    entropy_loss         | -2.74        |
|    explained_variance   | -0.0288      |
|    learning_rate        | 0.0003       |
|    loss                 | 183          |
|    n_updates            | 200          |
|    policy_gradient_loss | -0.00189     |
|    std                  | 0.953        |
|    value_loss           | 58.9         |
------------------------------------------
------------------------------------------
| rollout/                |              |
|    ep_len_mean          | 2.12e+03     |
|    ep_rew_mean          | 11.2         |
| time/                   |              |
|    fps                  | 1481         |
|    iterations           | 42           |
|    time_elapsed         | 58           |
|    total_timesteps      | 86016        |
| train/                  |              |
|    approx_kl            | 0.0058829235 |
|    clip_fraction        | 0.0993       |
|    clip_range           | 0.2          |
|    entropy_loss         | -2.74        |
|    explained_variance   | 0.0214       |
|    learning_rate        | 0.0003       |
|    loss                 | 181          |
|    n_updates            | 205          |
|    policy_gradient_loss | -0.00431     |
|    std                  | 0.953        |
|    value_loss           | 57.8         |
------------------------------------------
------------------------------------------
| rollout/                |              |
|    ep_len_mean          | 2.08e+03     |
|    ep_rew_mean          | 14.2         |
| time/                   |              |
|    fps                  | 1480         |
|    iterations           | 43           |
|    time_elapsed         | 59           |
|    total_timesteps      | 88064        |
| train/                  |              |
|    approx_kl            | 0.0037230686 |
|    clip_fraction        | 0.0533       |
|    clip_range           | 0.2          |
|    entropy_loss         | -2.74        |
|    explained_variance   | 0.137        |
|    learning_rate        | 0.0003       |
|    loss                 | 1.01         |
|    n_updates            | 210          |
|    policy_gradient_loss | -0.00196     |
|    std                  | 0.953        |
|    value_loss           | 6            |
------------------------------------------
-----------------------------------------
| rollout/                |             |
|    ep_len_mean          | 2.07e+03    |
|    ep_rew_mean          | 17.1        |
| time/                   |             |
|    fps                  | 1478        |
|    iterations           | 44          |
|    time_elapsed         | 60          |
|    total_timesteps      | 90112       |
| train/                  |             |
|    approx_kl            | 0.005388193 |
|    clip_fraction        | 0.0283      |
|    clip_range           | 0.2         |
|    entropy_loss         | -2.74       |
|    explained_variance   | 0.0402      |
|    learning_rate        | 0.0003      |
|    loss                 | 1.92        |
|    n_updates            | 215         |
|    policy_gradient_loss | -0.00304    |
|    std                  | 0.953       |
|    value_loss           | 48.5        |
-----------------------------------------
-----------------------------------------
| rollout/                |             |
|    ep_len_mean          | 2.07e+03    |
|    ep_rew_mean          | 16.9        |
| time/                   |             |
|    fps                  | 1479        |
|    iterations           | 45          |
|    time_elapsed         | 62          |
|    total_timesteps      | 92160       |
| train/                  |             |
|    approx_kl            | 0.009466484 |
|    clip_fraction        | 0.0674      |
|    clip_range           | 0.2         |
|    entropy_loss         | -2.74       |
|    explained_variance   | 0.095       |
|    learning_rate        | 0.0003      |
|    loss                 | 5.61        |
|    n_updates            | 220         |
|    policy_gradient_loss | -0.00363    |
|    std                  | 0.953       |
|    value_loss           | 57.8        |
-----------------------------------------
------------------------------------------
| rollout/                |              |
|    ep_len_mean          | 2.07e+03     |
|    ep_rew_mean          | 16.9         |
| time/                   |              |
|    fps                  | 1480         |
|    iterations           | 46           |
|    time_elapsed         | 63           |
|    total_timesteps      | 94208        |
| train/                  |              |
|    approx_kl            | 0.0046339454 |
|    clip_fraction        | 0.0902       |
|    clip_range           | 0.2          |
|    entropy_loss         | -2.74        |
|    explained_variance   | 0.339        |
|    learning_rate        | 0.0003       |
|    loss                 | 2.12         |
|    n_updates            | 225          |
|    policy_gradient_loss | -0.00421     |
|    std                  | 0.951        |
|    value_loss           | 6.98         |
------------------------------------------
------------------------------------------
| rollout/                |              |
|    ep_len_mean          | 2.05e+03     |
|    ep_rew_mean          | 19.5         |
| time/                   |              |
|    fps                  | 1480         |
|    iterations           | 47           |
|    time_elapsed         | 65           |
|    total_timesteps      | 96256        |
| train/                  |              |
|    approx_kl            | 0.0071402965 |
|    clip_fraction        | 0.0731       |
|    clip_range           | 0.2          |
|    entropy_loss         | -2.74        |
|    explained_variance   | 0.427        |
|    learning_rate        | 0.0003       |
|    loss                 | 1.49         |
|    n_updates            | 230          |
|    policy_gradient_loss | -0.00238     |
|    std                  | 0.95         |
|    value_loss           | 5.9          |
------------------------------------------
-----------------------------------------
| rollout/                |             |
|    ep_len_mean          | 2.06e+03    |
|    ep_rew_mean          | 19.5        |
| time/                   |             |
|    fps                  | 1478        |
|    iterations           | 48          |
|    time_elapsed         | 66          |
|    total_timesteps      | 98304       |
| train/                  |             |
|    approx_kl            | 0.003625926 |
|    clip_fraction        | 0.0393      |
|    clip_range           | 0.2         |
|    entropy_loss         | -2.74       |
|    explained_variance   | 0.132       |
|    learning_rate        | 0.0003      |
|    loss                 | 0.274       |
|    n_updates            | 235         |
|    policy_gradient_loss | -0.00391    |
|    std                  | 0.951       |
|    value_loss           | 53.6        |
-----------------------------------------
-----------------------------------------
| rollout/                |             |
|    ep_len_mean          | 2.06e+03    |
|    ep_rew_mean          | 19.6        |
| time/                   |             |
|    fps                  | 1480        |
|    iterations           | 49          |
|    time_elapsed         | 67          |
|    total_timesteps      | 100352      |
| train/                  |             |
|    approx_kl            | 0.005254855 |
|    clip_fraction        | 0.076       |
|    clip_range           | 0.2         |
|    entropy_loss         | -2.74       |
|    explained_variance   | 0.17        |
|    learning_rate        | 0.0003      |
|    loss                 | 0.476       |
|    n_updates            | 240         |
|    policy_gradient_loss | -0.003      |
|    std                  | 0.949       |
|    value_loss           | 9.14        |
-----------------------------------------
-----------------------------------------
| rollout/                |             |
|    ep_len_mean          | 2.06e+03    |
|    ep_rew_mean          | 19.6        |
| time/                   |             |
|    fps                  | 1483        |
|    iterations           | 50          |
|    time_elapsed         | 69          |
|    total_timesteps      | 102400      |
| train/                  |             |
|    approx_kl            | 0.006661877 |
|    clip_fraction        | 0.0446      |
|    clip_range           | 0.2         |
|    entropy_loss         | -2.73       |
|    explained_variance   | 0.381       |
|    learning_rate        | 0.0003      |
|    loss                 | 8.92        |
|    n_updates            | 245         |
|    policy_gradient_loss | -0.00287    |
|    std                  | 0.947       |
|    value_loss           | 13.8        |
-----------------------------------------
------------------------------------------
| rollout/                |              |
|    ep_len_mean          | 2.05e+03     |
|    ep_rew_mean          | 19.5         |
| time/                   |              |
|    fps                  | 1487         |
|    iterations           | 51           |
|    time_elapsed         | 70           |
|    total_timesteps      | 104448       |
| train/                  |              |
|    approx_kl            | 0.0019810922 |
|    clip_fraction        | 0.00254      |
|    clip_range           | 0.2          |
|    entropy_loss         | -2.73        |
|    explained_variance   | 0.518        |
|    learning_rate        | 0.0003       |
|    loss                 | 1.36         |
|    n_updates            | 250          |
|    policy_gradient_loss | -0.000988    |
|    std                  | 0.947        |
|    value_loss           | 8.18         |
------------------------------------------
-----------------------------------------
| rollout/                |             |
|    ep_len_mean          | 2.03e+03    |
|    ep_rew_mean          | 21.6        |
| time/                   |             |
|    fps                  | 1489        |
|    iterations           | 52          |
|    time_elapsed         | 71          |
|    total_timesteps      | 106496      |
| train/                  |             |
|    approx_kl            | 0.007358998 |
|    clip_fraction        | 0.0316      |
|    clip_range           | 0.2         |
|    entropy_loss         | -2.73       |
|    explained_variance   | 0.545       |
|    learning_rate        | 0.0003      |
|    loss                 | 0.0898      |
|    n_updates            | 255         |
|    policy_gradient_loss | -0.00235    |
|    std                  | 0.945       |
|    value_loss           | 9.09        |
-----------------------------------------
------------------------------------------
| rollout/                |              |
|    ep_len_mean          | 2.04e+03     |
|    ep_rew_mean          | 21.6         |
| time/                   |              |
|    fps                  | 1490         |
|    iterations           | 53           |
|    time_elapsed         | 72           |
|    total_timesteps      | 108544       |
| train/                  |              |
|    approx_kl            | 0.0036649387 |
|    clip_fraction        | 0.046        |
|    clip_range           | 0.2          |
|    entropy_loss         | -2.72        |
|    explained_variance   | 0.1          |
|    learning_rate        | 0.0003       |
|    loss                 | 0.00947      |
|    n_updates            | 260          |
|    policy_gradient_loss | -0.00209     |
|    std                  | 0.944        |
|    value_loss           | 54.1         |
------------------------------------------
------------------------------------------
| rollout/                |              |
|    ep_len_mean          | 2.04e+03     |
|    ep_rew_mean          | 21.6         |
| time/                   |              |
|    fps                  | 1493         |
|    iterations           | 54           |
|    time_elapsed         | 74           |
|    total_timesteps      | 110592       |
| train/                  |              |
|    approx_kl            | 0.0028909203 |
|    clip_fraction        | 0.031        |
|    clip_range           | 0.2          |
|    entropy_loss         | -2.72        |
|    explained_variance   | 0.0155       |
|    learning_rate        | 0.0003       |
|    loss                 | 4.25         |
|    n_updates            | 265          |
|    policy_gradient_loss | 0.00137      |
|    std                  | 0.945        |
|    value_loss           | 21.9         |
------------------------------------------
-----------------------------------------
| rollout/                |             |
|    ep_len_mean          | 2.04e+03    |
|    ep_rew_mean          | 21.6        |
| time/                   |             |
|    fps                  | 1498        |
|    iterations           | 55          |
|    time_elapsed         | 75          |
|    total_timesteps      | 112640      |
| train/                  |             |
|    approx_kl            | 0.002394007 |
|    clip_fraction        | 0.0206      |
|    clip_range           | 0.2         |
|    entropy_loss         | -2.73       |
|    explained_variance   | 0.59        |
|    learning_rate        | 0.0003      |
|    loss                 | 0.106       |
|    n_updates            | 270         |
|    policy_gradient_loss | -0.00161    |
|    std                  | 0.945       |
|    value_loss           | 8.49        |
-----------------------------------------
-----------------------------------------
| rollout/                |             |
|    ep_len_mean          | 2.05e+03    |
|    ep_rew_mean          | 21.3        |
| time/                   |             |
|    fps                  | 1502        |
|    iterations           | 56          |
|    time_elapsed         | 76          |
|    total_timesteps      | 114688      |
| train/                  |             |
|    approx_kl            | 0.009734764 |
|    clip_fraction        | 0.0741      |
|    clip_range           | 0.2         |
|    entropy_loss         | -2.73       |
|    explained_variance   | 0.506       |
|    learning_rate        | 0.0003      |
|    loss                 | 0.0242      |
|    n_updates            | 275         |
|    policy_gradient_loss | -0.00237    |
|    std                  | 0.945       |
|    value_loss           | 4.52        |
-----------------------------------------
-----------------------------------------
| rollout/                |             |
|    ep_len_mean          | 2.06e+03    |
|    ep_rew_mean          | 20.8        |
| time/                   |             |
|    fps                  | 1503        |
|    iterations           | 57          |
|    time_elapsed         | 77          |
|    total_timesteps      | 116736      |
| train/                  |             |
|    approx_kl            | 0.008870325 |
|    clip_fraction        | 0.0822      |
|    clip_range           | 0.2         |
|    entropy_loss         | -2.72       |
|    explained_variance   | 0.666       |
|    learning_rate        | 0.0003      |
|    loss                 | 0.0746      |
|    n_updates            | 280         |
|    policy_gradient_loss | -0.00344    |
|    std                  | 0.944       |
|    value_loss           | 1.57        |
-----------------------------------------
------------------------------------------
| rollout/                |              |
|    ep_len_mean          | 2.06e+03     |
|    ep_rew_mean          | 20.8         |
| time/                   |              |
|    fps                  | 1503         |
|    iterations           | 58           |
|    time_elapsed         | 79           |
|    total_timesteps      | 118784       |
| train/                  |              |
|    approx_kl            | 0.0047261356 |
|    clip_fraction        | 0.0418       |
|    clip_range           | 0.2          |
|    entropy_loss         | -2.72        |
|    explained_variance   | -0.0134      |
|    learning_rate        | 0.0003       |
|    loss                 | 1.13         |
|    n_updates            | 285          |
|    policy_gradient_loss | -0.00228     |
|    std                  | 0.942        |
|    value_loss           | 23.1         |
------------------------------------------
------------------------------------------
| rollout/                |              |
|    ep_len_mean          | 2.06e+03     |
|    ep_rew_mean          | 20.8         |
| time/                   |              |
|    fps                  | 1507         |
|    iterations           | 59           |
|    time_elapsed         | 80           |
|    total_timesteps      | 120832       |
| train/                  |              |
|    approx_kl            | 0.0043612113 |
|    clip_fraction        | 0.0702       |
|    clip_range           | 0.2          |
|    entropy_loss         | -2.72        |
|    explained_variance   | 0.663        |
|    learning_rate        | 0.0003       |
|    loss                 | 3.99         |
|    n_updates            | 290          |
|    policy_gradient_loss | -0.0027      |
|    std                  | 0.942        |
|    value_loss           | 4.27         |
------------------------------------------
------------------------------------------
| rollout/                |              |
|    ep_len_mean          | 2.06e+03     |
|    ep_rew_mean          | 20.8         |
| time/                   |              |
|    fps                  | 1511         |
|    iterations           | 60           |
|    time_elapsed         | 81           |
|    total_timesteps      | 122880       |
| train/                  |              |
|    approx_kl            | 0.0021181167 |
|    clip_fraction        | 0.00459      |
|    clip_range           | 0.2          |
|    entropy_loss         | -2.72        |
|    explained_variance   | 0.32         |
|    learning_rate        | 0.0003       |
|    loss                 | 11.8         |
|    n_updates            | 295          |
|    policy_gradient_loss | -0.0019      |
|    std                  | 0.942        |
|    value_loss           | 8.31         |
------------------------------------------
-------------------------------------------
| rollout/                |               |
|    ep_len_mean          | 2.07e+03      |
|    ep_rew_mean          | 20.3          |
| time/                   |               |
|    fps                  | 1514          |
|    iterations           | 61            |
|    time_elapsed         | 82            |
|    total_timesteps      | 124928        |
| train/                  |               |
|    approx_kl            | 0.00051954977 |
|    clip_fraction        | 0             |
|    clip_range           | 0.2           |
|    entropy_loss         | -2.72         |
|    explained_variance   | 0.301         |
|    learning_rate        | 0.0003        |
|    loss                 | 1.29          |
|    n_updates            | 300           |
|    policy_gradient_loss | -0.00042      |
|    std                  | 0.942         |
|    value_loss           | 10.1          |
-------------------------------------------
------------------------------------------
| rollout/                |              |
|    ep_len_mean          | 2.07e+03     |
|    ep_rew_mean          | 20.2         |
| time/                   |              |
|    fps                  | 1515         |
|    iterations           | 62           |
|    time_elapsed         | 83           |
|    total_timesteps      | 126976       |
| train/                  |              |
|    approx_kl            | 0.0030699815 |
|    clip_fraction        | 0.0463       |
|    clip_range           | 0.2          |
|    entropy_loss         | -2.72        |
|    explained_variance   | 0.217        |
|    learning_rate        | 0.0003       |
|    loss                 | 3.42         |
|    n_updates            | 305          |
|    policy_gradient_loss | -0.00331     |
|    std                  | 0.941        |
|    value_loss           | 14.1         |
------------------------------------------
------------------------------------------
| rollout/                |              |
|    ep_len_mean          | 2.07e+03     |
|    ep_rew_mean          | 20.2         |
| time/                   |              |
|    fps                  | 1517         |
|    iterations           | 63           |
|    time_elapsed         | 85           |
|    total_timesteps      | 129024       |
| train/                  |              |
|    approx_kl            | 0.0035675243 |
|    clip_fraction        | 0.102        |
|    clip_range           | 0.2          |
|    entropy_loss         | -2.72        |
|    explained_variance   | 0.517        |
|    learning_rate        | 0.0003       |
|    loss                 | 1.81         |
|    n_updates            | 310          |
|    policy_gradient_loss | -0.00378     |
|    std                  | 0.941        |
|    value_loss           | 11.8         |
------------------------------------------
------------------------------------------
| rollout/                |              |
|    ep_len_mean          | 2.07e+03     |
|    ep_rew_mean          | 20.2         |
| time/                   |              |
|    fps                  | 1521         |
|    iterations           | 64           |
|    time_elapsed         | 86           |
|    total_timesteps      | 131072       |
| train/                  |              |
|    approx_kl            | 0.0033883294 |
|    clip_fraction        | 0.0474       |
|    clip_range           | 0.2          |
|    entropy_loss         | -2.72        |
|    explained_variance   | 0.596        |
|    learning_rate        | 0.0003       |
|    loss                 | 2.26         |
|    n_updates            | 315          |
|    policy_gradient_loss | -0.00557     |
|    std                  | 0.942        |
|    value_loss           | 6.87         |
------------------------------------------
------------------------------------------
| rollout/                |              |
|    ep_len_mean          | 2.07e+03     |
|    ep_rew_mean          | 20.2         |
| time/                   |              |
|    fps                  | 1524         |
|    iterations           | 65           |
|    time_elapsed         | 87           |
|    total_timesteps      | 133120       |
| train/                  |              |
|    approx_kl            | 0.0050572692 |
|    clip_fraction        | 0.0162       |
|    clip_range           | 0.2          |
|    entropy_loss         | -2.72        |
|    explained_variance   | 0.816        |
|    learning_rate        | 0.0003       |
|    loss                 | 2.76         |
|    n_updates            | 320          |
|    policy_gradient_loss | -0.00255     |
|    std                  | 0.943        |
|    value_loss           | 1.81         |
------------------------------------------
------------------------------------------
| rollout/                |              |
|    ep_len_mean          | 2.07e+03     |
|    ep_rew_mean          | 20.2         |
| time/                   |              |
|    fps                  | 1525         |
|    iterations           | 66           |
|    time_elapsed         | 88           |
|    total_timesteps      | 135168       |
| train/                  |              |
|    approx_kl            | 0.0063766544 |
|    clip_fraction        | 0.037        |
|    clip_range           | 0.2          |
|    entropy_loss         | -2.72        |
|    explained_variance   | 0.218        |
|    learning_rate        | 0.0003       |
|    loss                 | 2.01         |
|    n_updates            | 325          |
|    policy_gradient_loss | -0.00107     |
|    std                  | 0.944        |
|    value_loss           | 25           |
------------------------------------------
-----------------------------------------
| rollout/                |             |
|    ep_len_mean          | 2.07e+03    |
|    ep_rew_mean          | 20.2        |
| time/                   |             |
|    fps                  | 1527        |
|    iterations           | 67          |
|    time_elapsed         | 89          |
|    total_timesteps      | 137216      |
| train/                  |             |
|    approx_kl            | 0.008230643 |
|    clip_fraction        | 0.0646      |
|    clip_range           | 0.2         |
|    entropy_loss         | -2.72       |
|    explained_variance   | 0.433       |
|    learning_rate        | 0.0003      |
|    loss                 | 5.13        |
|    n_updates            | 330         |
|    policy_gradient_loss | -0.00225    |
|    std                  | 0.942       |
|    value_loss           | 15.5        |
-----------------------------------------
------------------------------------------
| rollout/                |              |
|    ep_len_mean          | 2.07e+03     |
|    ep_rew_mean          | 20.2         |
| time/                   |              |
|    fps                  | 1528         |
|    iterations           | 68           |
|    time_elapsed         | 91           |
|    total_timesteps      | 139264       |
| train/                  |              |
|    approx_kl            | 0.0023842957 |
|    clip_fraction        | 0.0136       |
|    clip_range           | 0.2          |
|    entropy_loss         | -2.72        |
|    explained_variance   | 0.646        |
|    learning_rate        | 0.0003       |
|    loss                 | 8.63         |
|    n_updates            | 335          |
|    policy_gradient_loss | -0.000311    |
|    std                  | 0.941        |
|    value_loss           | 7.54         |
------------------------------------------
------------------------------------------
| rollout/                |              |
|    ep_len_mean          | 2.07e+03     |
|    ep_rew_mean          | 20.2         |
| time/                   |              |
|    fps                  | 1530         |
|    iterations           | 69           |
|    time_elapsed         | 92           |
|    total_timesteps      | 141312       |
| train/                  |              |
|    approx_kl            | 0.0058465716 |
|    clip_fraction        | 0.0265       |
|    clip_range           | 0.2          |
|    entropy_loss         | -2.72        |
|    explained_variance   | 0.549        |
|    learning_rate        | 0.0003       |
|    loss                 | 0.0671       |
|    n_updates            | 340          |
|    policy_gradient_loss | -0.00381     |
|    std                  | 0.941        |
|    value_loss           | 4.22         |
------------------------------------------
------------------------------------------
| rollout/                |              |
|    ep_len_mean          | 2.08e+03     |
|    ep_rew_mean          | 19.9         |
| time/                   |              |
|    fps                  | 1530         |
|    iterations           | 70           |
|    time_elapsed         | 93           |
|    total_timesteps      | 143360       |
| train/                  |              |
|    approx_kl            | 0.0066301273 |
|    clip_fraction        | 0.0374       |
|    clip_range           | 0.2          |
|    entropy_loss         | -2.72        |
|    explained_variance   | 0.289        |
|    learning_rate        | 0.0003       |
|    loss                 | 23.9         |
|    n_updates            | 345          |
|    policy_gradient_loss | -0.00363     |
|    std                  | 0.94         |
|    value_loss           | 13.2         |
------------------------------------------
-----------------------------------------
| rollout/                |             |
|    ep_len_mean          | 2.06e+03    |
|    ep_rew_mean          | 21.6        |
| time/                   |             |
|    fps                  | 1532        |
|    iterations           | 71          |
|    time_elapsed         | 94          |
|    total_timesteps      | 145408      |
| train/                  |             |
|    approx_kl            | 0.004330727 |
|    clip_fraction        | 0.0722      |
|    clip_range           | 0.2         |
|    entropy_loss         | -2.71       |
|    explained_variance   | 0.165       |
|    learning_rate        | 0.0003      |
|    loss                 | 2.75        |
|    n_updates            | 350         |
|    policy_gradient_loss | -0.00276    |
|    std                  | 0.94        |
|    value_loss           | 26.7        |
-----------------------------------------
-----------------------------------------
| rollout/                |             |
|    ep_len_mean          | 2.06e+03    |
|    ep_rew_mean          | 21.6        |
| time/                   |             |
|    fps                  | 1534        |
|    iterations           | 72          |
|    time_elapsed         | 96          |
|    total_timesteps      | 147456      |
| train/                  |             |
|    approx_kl            | 0.004149111 |
|    clip_fraction        | 0.0335      |
|    clip_range           | 0.2         |
|    entropy_loss         | -2.71       |
|    explained_variance   | 0.256       |
|    learning_rate        | 0.0003      |
|    loss                 | 164         |
|    n_updates            | 355         |
|    policy_gradient_loss | -0.00245    |
|    std                  | 0.94        |
|    value_loss           | 46.7        |
-----------------------------------------
---------------------------------------
| rollout/                |           |
|    ep_len_mean          | 2.05e+03  |
|    ep_rew_mean          | 23        |
| time/                   |           |
|    fps                  | 1537      |
|    iterations           | 73        |
|    time_elapsed         | 97        |
|    total_timesteps      | 149504    |
| train/                  |           |
|    approx_kl            | 0.0081462 |
|    clip_fraction        | 0.0282    |
|    clip_range           | 0.2       |
|    entropy_loss         | -2.72     |
|    explained_variance   | 0.519     |
|    learning_rate        | 0.0003    |
|    loss                 | 0.044     |
|    n_updates            | 360       |
|    policy_gradient_loss | -0.0024   |
|    std                  | 0.941     |
|    value_loss           | 8.59      |
---------------------------------------
----------------------------------------
| rollout/                |            |
|    ep_len_mean          | 2.05e+03   |
|    ep_rew_mean          | 23         |
| time/                   |            |
|    fps                  | 1537       |
|    iterations           | 74         |
|    time_elapsed         | 98         |
|    total_timesteps      | 151552     |
| train/                  |            |
|    approx_kl            | 0.00399557 |
|    clip_fraction        | 0.0242     |
|    clip_range           | 0.2        |
|    entropy_loss         | -2.72      |
|    explained_variance   | 0.208      |
|    learning_rate        | 0.0003     |
|    loss                 | 1.46       |
|    n_updates            | 365        |
|    policy_gradient_loss | 5.13e-05   |
|    std                  | 0.942      |
|    value_loss           | 62.1       |
----------------------------------------
-----------------------------------------
| rollout/                |             |
|    ep_len_mean          | 2.03e+03    |
|    ep_rew_mean          | 24.4        |
| time/                   |             |
|    fps                  | 1541        |
|    iterations           | 75          |
|    time_elapsed         | 99          |
|    total_timesteps      | 153600      |
| train/                  |             |
|    approx_kl            | 0.002630862 |
|    clip_fraction        | 0.0186      |
|    clip_range           | 0.2         |
|    entropy_loss         | -2.72       |
|    explained_variance   | 0.285       |
|    learning_rate        | 0.0003      |
|    loss                 | 4.18        |
|    n_updates            | 370         |
|    policy_gradient_loss | -0.00245    |
|    std                  | 0.941       |
|    value_loss           | 6.76        |
-----------------------------------------
------------------------------------------
| rollout/                |              |
|    ep_len_mean          | 2.04e+03     |
|    ep_rew_mean          | 24.2         |
| time/                   |              |
|    fps                  | 1541         |
|    iterations           | 76           |
|    time_elapsed         | 100          |
|    total_timesteps      | 155648       |
| train/                  |              |
|    approx_kl            | 0.0057938136 |
|    clip_fraction        | 0.0458       |
|    clip_range           | 0.2          |
|    entropy_loss         | -2.72        |
|    explained_variance   | 0.353        |
|    learning_rate        | 0.0003       |
|    loss                 | 2.78         |
|    n_updates            | 375          |
|    policy_gradient_loss | -0.00216     |
|    std                  | 0.94         |
|    value_loss           | 48.2         |
------------------------------------------
-----------------------------------------
| rollout/                |             |
|    ep_len_mean          | 2.03e+03    |
|    ep_rew_mean          | 23.9        |
| time/                   |             |
|    fps                  | 1542        |
|    iterations           | 77          |
|    time_elapsed         | 102         |
|    total_timesteps      | 157696      |
| train/                  |             |
|    approx_kl            | 0.008469927 |
|    clip_fraction        | 0.111       |
|    clip_range           | 0.2         |
|    entropy_loss         | -2.71       |
|    explained_variance   | 0.453       |
|    learning_rate        | 0.0003      |
|    loss                 | 1.51        |
|    n_updates            | 380         |
|    policy_gradient_loss | -0.00345    |
|    std                  | 0.94        |
|    value_loss           | 13.3        |
-----------------------------------------
-----------------------------------------
| rollout/                |             |
|    ep_len_mean          | 2.03e+03    |
|    ep_rew_mean          | 23.9        |
| time/                   |             |
|    fps                  | 1544        |
|    iterations           | 78          |
|    time_elapsed         | 103         |
|    total_timesteps      | 159744      |
| train/                  |             |
|    approx_kl            | 0.009506602 |
|    clip_fraction        | 0.11        |
|    clip_range           | 0.2         |
|    entropy_loss         | -2.71       |
|    explained_variance   | 0.279       |
|    learning_rate        | 0.0003      |
|    loss                 | 23.5        |
|    n_updates            | 385         |
|    policy_gradient_loss | -0.00572    |
|    std                  | 0.939       |
|    value_loss           | 19.7        |
-----------------------------------------
------------------------------------------
| rollout/                |              |
|    ep_len_mean          | 2.03e+03     |
|    ep_rew_mean          | 23.9         |
| time/                   |              |
|    fps                  | 1547         |
|    iterations           | 79           |
|    time_elapsed         | 104          |
|    total_timesteps      | 161792       |
| train/                  |              |
|    approx_kl            | 0.0012534023 |
|    clip_fraction        | 0.0139       |
|    clip_range           | 0.2          |
|    entropy_loss         | -2.71        |
|    explained_variance   | 0.641        |
|    learning_rate        | 0.0003       |
|    loss                 | 4.58         |
|    n_updates            | 390          |
|    policy_gradient_loss | -0.000132    |
|    std                  | 0.939        |
|    value_loss           | 6.98         |
------------------------------------------
------------------------------------------
| rollout/                |              |
|    ep_len_mean          | 2.04e+03     |
|    ep_rew_mean          | 23.8         |
| time/                   |              |
|    fps                  | 1549         |
|    iterations           | 80           |
|    time_elapsed         | 105          |
|    total_timesteps      | 163840       |
| train/                  |              |
|    approx_kl            | 0.0010654911 |
|    clip_fraction        | 0.000879     |
|    clip_range           | 0.2          |
|    entropy_loss         | -2.71        |
|    explained_variance   | 0.691        |
|    learning_rate        | 0.0003       |
|    loss                 | 1.29         |
|    n_updates            | 395          |
|    policy_gradient_loss | -0.000691    |
|    std                  | 0.94         |
|    value_loss           | 5.47         |
------------------------------------------
------------------------------------------
| rollout/                |              |
|    ep_len_mean          | 2.05e+03     |
|    ep_rew_mean          | 23.3         |
| time/                   |              |
|    fps                  | 1550         |
|    iterations           | 81           |
|    time_elapsed         | 106          |
|    total_timesteps      | 165888       |
| train/                  |              |
|    approx_kl            | 0.0018261664 |
|    clip_fraction        | 0.0121       |
|    clip_range           | 0.2          |
|    entropy_loss         | -2.71        |
|    explained_variance   | 0.0824       |
|    learning_rate        | 0.0003       |
|    loss                 | 24           |
|    n_updates            | 400          |
|    policy_gradient_loss | -0.00198     |
|    std                  | 0.939        |
|    value_loss           | 19.6         |
------------------------------------------
----------------------------------------
| rollout/                |            |
|    ep_len_mean          | 2.05e+03   |
|    ep_rew_mean          | 23.3       |
| time/                   |            |
|    fps                  | 1551       |
|    iterations           | 82         |
|    time_elapsed         | 108        |
|    total_timesteps      | 167936     |
| train/                  |            |
|    approx_kl            | 0.00980049 |
|    clip_fraction        | 0.0929     |
|    clip_range           | 0.2        |
|    entropy_loss         | -2.71      |
|    explained_variance   | 0.175      |
|    learning_rate        | 0.0003     |
|    loss                 | 1.15       |
|    n_updates            | 405        |
|    policy_gradient_loss | -0.00251   |
|    std                  | 0.939      |
|    value_loss           | 19.5       |
----------------------------------------
------------------------------------------
| rollout/                |              |
|    ep_len_mean          | 2.04e+03     |
|    ep_rew_mean          | 24.6         |
| time/                   |              |
|    fps                  | 1554         |
|    iterations           | 83           |
|    time_elapsed         | 109          |
|    total_timesteps      | 169984       |
| train/                  |              |
|    approx_kl            | 0.0027923114 |
|    clip_fraction        | 0.0204       |
|    clip_range           | 0.2          |
|    entropy_loss         | -2.71        |
|    explained_variance   | 0.505        |
|    learning_rate        | 0.0003       |
|    loss                 | 1.33         |
|    n_updates            | 410          |
|    policy_gradient_loss | -0.00239     |
|    std                  | 0.94         |
|    value_loss           | 7.95         |
------------------------------------------
-----------------------------------------
| rollout/                |             |
|    ep_len_mean          | 2.04e+03    |
|    ep_rew_mean          | 24.5        |
| time/                   |             |
|    fps                  | 1554        |
|    iterations           | 84          |
|    time_elapsed         | 110         |
|    total_timesteps      | 172032      |
| train/                  |             |
|    approx_kl            | 0.009814192 |
|    clip_fraction        | 0.0686      |
|    clip_range           | 0.2         |
|    entropy_loss         | -2.71       |
|    explained_variance   | -0.00315    |
|    learning_rate        | 0.0003      |
|    loss                 | 157         |
|    n_updates            | 415         |
|    policy_gradient_loss | -0.00484    |
|    std                  | 0.941       |
|    value_loss           | 46.9        |
-----------------------------------------
-----------------------------------------
| rollout/                |             |
|    ep_len_mean          | 2.05e+03    |
|    ep_rew_mean          | 24          |
| time/                   |             |
|    fps                  | 1554        |
|    iterations           | 85          |
|    time_elapsed         | 111         |
|    total_timesteps      | 174080      |
| train/                  |             |
|    approx_kl            | 0.009880561 |
|    clip_fraction        | 0.0776      |
|    clip_range           | 0.2         |
|    entropy_loss         | -2.71       |
|    explained_variance   | 0.377       |
|    learning_rate        | 0.0003      |
|    loss                 | 4.75        |
|    n_updates            | 420         |
|    policy_gradient_loss | -0.0031     |
|    std                  | 0.939       |
|    value_loss           | 14.4        |
-----------------------------------------
-----------------------------------------
| rollout/                |             |
|    ep_len_mean          | 2.05e+03    |
|    ep_rew_mean          | 24          |
| time/                   |             |
|    fps                  | 1554        |
|    iterations           | 86          |
|    time_elapsed         | 113         |
|    total_timesteps      | 176128      |
| train/                  |             |
|    approx_kl            | 0.006187465 |
|    clip_fraction        | 0.056       |
|    clip_range           | 0.2         |
|    entropy_loss         | -2.71       |
|    explained_variance   | 0.408       |
|    learning_rate        | 0.0003      |
|    loss                 | 10.3        |
|    n_updates            | 425         |
|    policy_gradient_loss | -0.00241    |
|    std                  | 0.939       |
|    value_loss           | 14.7        |
-----------------------------------------
------------------------------------------
| rollout/                |              |
|    ep_len_mean          | 2.04e+03     |
|    ep_rew_mean          | 25.1         |
| time/                   |              |
|    fps                  | 1557         |
|    iterations           | 87           |
|    time_elapsed         | 114          |
|    total_timesteps      | 178176       |
| train/                  |              |
|    approx_kl            | 0.0078758625 |
|    clip_fraction        | 0.0699       |
|    clip_range           | 0.2          |
|    entropy_loss         | -2.71        |
|    explained_variance   | 0.666        |
|    learning_rate        | 0.0003       |
|    loss                 | 10.4         |
|    n_updates            | 430          |
|    policy_gradient_loss | 0.000843     |
|    std                  | 0.939        |
|    value_loss           | 9.45         |
------------------------------------------
------------------------------------------
| rollout/                |              |
|    ep_len_mean          | 2.04e+03     |
|    ep_rew_mean          | 25.1         |
| time/                   |              |
|    fps                  | 1558         |
|    iterations           | 88           |
|    time_elapsed         | 115          |
|    total_timesteps      | 180224       |
| train/                  |              |
|    approx_kl            | 0.0060304273 |
|    clip_fraction        | 0.0692       |
|    clip_range           | 0.2          |
|    entropy_loss         | -2.71        |
|    explained_variance   | -0.0374      |
|    learning_rate        | 0.0003       |
|    loss                 | 164          |
|    n_updates            | 435          |
|    policy_gradient_loss | -0.00202     |
|    std                  | 0.939        |
|    value_loss           | 46.6         |
------------------------------------------
------------------------------------------
| rollout/                |              |
|    ep_len_mean          | 2.04e+03     |
|    ep_rew_mean          | 24.9         |
| time/                   |              |
|    fps                  | 1560         |
|    iterations           | 89           |
|    time_elapsed         | 116          |
|    total_timesteps      | 182272       |
| train/                  |              |
|    approx_kl            | 0.0055357744 |
|    clip_fraction        | 0.062        |
|    clip_range           | 0.2          |
|    entropy_loss         | -2.71        |
|    explained_variance   | 0.833        |
|    learning_rate        | 0.0003       |
|    loss                 | 3.83         |
|    n_updates            | 440          |
|    policy_gradient_loss | -0.00156     |
|    std                  | 0.938        |
|    value_loss           | 3.51         |
------------------------------------------
-----------------------------------------
| rollout/                |             |
|    ep_len_mean          | 2.04e+03    |
|    ep_rew_mean          | 24.6        |
| time/                   |             |
|    fps                  | 1562        |
|    iterations           | 90          |
|    time_elapsed         | 117         |
|    total_timesteps      | 184320      |
| train/                  |             |
|    approx_kl            | 0.010691595 |
|    clip_fraction        | 0.123       |
|    clip_range           | 0.2         |
|    entropy_loss         | -2.71       |
|    explained_variance   | 0.599       |
|    learning_rate        | 0.0003      |
|    loss                 | 1.34        |
|    n_updates            | 445         |
|    policy_gradient_loss | 0.00365     |
|    std                  | 0.937       |
|    value_loss           | 13.8        |
-----------------------------------------
-----------------------------------------
| rollout/                |             |
|    ep_len_mean          | 2.04e+03    |
|    ep_rew_mean          | 24.3        |
| time/                   |             |
|    fps                  | 1563        |
|    iterations           | 91          |
|    time_elapsed         | 119         |
|    total_timesteps      | 186368      |
| train/                  |             |
|    approx_kl            | 0.005377568 |
|    clip_fraction        | 0.0641      |
|    clip_range           | 0.2         |
|    entropy_loss         | -2.71       |
|    explained_variance   | 0.462       |
|    learning_rate        | 0.0003      |
|    loss                 | 2           |
|    n_updates            | 450         |
|    policy_gradient_loss | -0.00264    |
|    std                  | 0.935       |
|    value_loss           | 12.8        |
-----------------------------------------
------------------------------------------
| rollout/                |              |
|    ep_len_mean          | 2.03e+03     |
|    ep_rew_mean          | 25.4         |
| time/                   |              |
|    fps                  | 1564         |
|    iterations           | 92           |
|    time_elapsed         | 120          |
|    total_timesteps      | 188416       |
| train/                  |              |
|    approx_kl            | 0.0043786685 |
|    clip_fraction        | 0.0193       |
|    clip_range           | 0.2          |
|    entropy_loss         | -2.7         |
|    explained_variance   | 0.604        |
|    learning_rate        | 0.0003       |
|    loss                 | 1.4          |
|    n_updates            | 455          |
|    policy_gradient_loss | -0.00217     |
|    std                  | 0.936        |
|    value_loss           | 14           |
------------------------------------------
------------------------------------------
| rollout/                |              |
|    ep_len_mean          | 2.02e+03     |
|    ep_rew_mean          | 26.4         |
| time/                   |              |
|    fps                  | 1565         |
|    iterations           | 93           |
|    time_elapsed         | 121          |
|    total_timesteps      | 190464       |
| train/                  |              |
|    approx_kl            | 0.0046772044 |
|    clip_fraction        | 0.0671       |
|    clip_range           | 0.2          |
|    entropy_loss         | -2.71        |
|    explained_variance   | 0.134        |
|    learning_rate        | 0.0003       |
|    loss                 | 2.61         |
|    n_updates            | 460          |
|    policy_gradient_loss | -0.00505     |
|    std                  | 0.936        |
|    value_loss           | 45.2         |
------------------------------------------
------------------------------------------
| rollout/                |              |
|    ep_len_mean          | 2.02e+03     |
|    ep_rew_mean          | 26.4         |
| time/                   |              |
|    fps                  | 1565         |
|    iterations           | 94           |
|    time_elapsed         | 122          |
|    total_timesteps      | 192512       |
| train/                  |              |
|    approx_kl            | 0.0057628006 |
|    clip_fraction        | 0.0361       |
|    clip_range           | 0.2          |
|    entropy_loss         | -2.7         |
|    explained_variance   | 0.139        |
|    learning_rate        | 0.0003       |
|    loss                 | 6.24         |
|    n_updates            | 465          |
|    policy_gradient_loss | -0.00133     |
|    std                  | 0.935        |
|    value_loss           | 65.8         |
------------------------------------------
-----------------------------------------
| rollout/                |             |
|    ep_len_mean          | 2.02e+03    |
|    ep_rew_mean          | 26.4        |
| time/                   |             |
|    fps                  | 1566        |
|    iterations           | 95          |
|    time_elapsed         | 124         |
|    total_timesteps      | 194560      |
| train/                  |             |
|    approx_kl            | 0.002371096 |
|    clip_fraction        | 0.0332      |
|    clip_range           | 0.2         |
|    entropy_loss         | -2.7        |
|    explained_variance   | 0.822       |
|    learning_rate        | 0.0003      |
|    loss                 | 0.9         |
|    n_updates            | 470         |
|    policy_gradient_loss | -0.00204    |
|    std                  | 0.935       |
|    value_loss           | 3.74        |
-----------------------------------------
------------------------------------------
| rollout/                |              |
|    ep_len_mean          | 2.03e+03     |
|    ep_rew_mean          | 26.2         |
| time/                   |              |
|    fps                  | 1568         |
|    iterations           | 96           |
|    time_elapsed         | 125          |
|    total_timesteps      | 196608       |
| train/                  |              |
|    approx_kl            | 0.0024512028 |
|    clip_fraction        | 0.00527      |
|    clip_range           | 0.2          |
|    entropy_loss         | -2.7         |
|    explained_variance   | 0.783        |
|    learning_rate        | 0.0003       |
|    loss                 | 0.0448       |
|    n_updates            | 475          |
|    policy_gradient_loss | -0.00189     |
|    std                  | 0.935        |
|    value_loss           | 5.69         |
------------------------------------------
------------------------------------------
| rollout/                |              |
|    ep_len_mean          | 2.02e+03     |
|    ep_rew_mean          | 27           |
| time/                   |              |
|    fps                  | 1569         |
|    iterations           | 97           |
|    time_elapsed         | 126          |
|    total_timesteps      | 198656       |
| train/                  |              |
|    approx_kl            | 0.0034393256 |
|    clip_fraction        | 0.00986      |
|    clip_range           | 0.2          |
|    entropy_loss         | -2.7         |
|    explained_variance   | 0.492        |
|    learning_rate        | 0.0003       |
|    loss                 | 36.4         |
|    n_updates            | 480          |
|    policy_gradient_loss | -0.00125     |
|    std                  | 0.935        |
|    value_loss           | 19.5         |
------------------------------------------
-----------------------------------------
| rollout/                |             |
|    ep_len_mean          | 2.02e+03    |
|    ep_rew_mean          | 27          |
| time/                   |             |
|    fps                  | 1568        |
|    iterations           | 98          |
|    time_elapsed         | 127         |
|    total_timesteps      | 200704      |
| train/                  |             |
|    approx_kl            | 0.003432461 |
|    clip_fraction        | 0.0234      |
|    clip_range           | 0.2         |
|    entropy_loss         | -2.7        |
|    explained_variance   | 0.0319      |
|    learning_rate        | 0.0003      |
|    loss                 | 4.33        |
|    n_updates            | 485         |
|    policy_gradient_loss | -0.00211    |
|    std                  | 0.935       |
|    value_loss           | 61.6        |
-----------------------------------------
------------------------------------------
| rollout/                |              |
|    ep_len_mean          | 2.02e+03     |
|    ep_rew_mean          | 27           |
| time/                   |              |
|    fps                  | 1571         |
|    iterations           | 99           |
|    time_elapsed         | 129          |
|    total_timesteps      | 202752       |
| train/                  |              |
|    approx_kl            | 0.0076786764 |
|    clip_fraction        | 0.0759       |
|    clip_range           | 0.2          |
|    entropy_loss         | -2.7         |
|    explained_variance   | 0.757        |
|    learning_rate        | 0.0003       |
|    loss                 | 4.2          |
|    n_updates            | 490          |
|    policy_gradient_loss | -0.0054      |
|    std                  | 0.936        |
|    value_loss           | 6.99         |
------------------------------------------
-----------------------------------------
| rollout/                |             |
|    ep_len_mean          | 2.02e+03    |
|    ep_rew_mean          | 27          |
| time/                   |             |
|    fps                  | 1573        |
|    iterations           | 100         |
|    time_elapsed         | 130         |
|    total_timesteps      | 204800      |
| train/                  |             |
|    approx_kl            | 0.004769054 |
|    clip_fraction        | 0.0159      |
|    clip_range           | 0.2         |
|    entropy_loss         | -2.7        |
|    explained_variance   | 0.715       |
|    learning_rate        | 0.0003      |
|    loss                 | 9.64        |
|    n_updates            | 495         |
|    policy_gradient_loss | -0.00112    |
|    std                  | 0.935       |
|    value_loss           | 10.2        |
-----------------------------------------

CP1 held-out: 14/50 hits (28.0%), mean miss 10.1 m, mean reward 39.35

==== babysit CP2 2026-09-16 17:58:36 ====
CP2: evasive lineage | max_time=45s t_go_max=10s | tracking=True | obs=12-D | miss_tanh_scale=3000m shaping_gamma=1 effort_weight=5 precision_weight=0 -> out=/Users/vincenzo/Desktop/Projects/Physics Sim Project/missile_guidance_sim/outputs/evasive_zemtgo10_seed17
---------------------------------
| rollout/           |          |
|    ep_len_mean     | 2.02e+03 |
|    ep_rew_mean     | 27       |
| time/              |          |
|    fps             | 4634     |
|    iterations      | 1        |
|    time_elapsed    | 0        |
|    total_timesteps | 206848   |
---------------------------------
------------------------------------------
| rollout/                |              |
|    ep_len_mean          | 2.02e+03     |
|    ep_rew_mean          | 27           |
| time/                   |              |
|    fps                  | 1788         |
|    iterations           | 2            |
|    time_elapsed         | 2            |
|    total_timesteps      | 208896       |
| train/                  |              |
|    approx_kl            | 0.0039013387 |
|    clip_fraction        | 0.0254       |
|    clip_range           | 0.2          |
|    entropy_loss         | -2.7         |
|    explained_variance   | 0.298        |
|    learning_rate        | 0.0003       |
|    loss                 | 0.969        |
|    n_updates            | 505          |
|    policy_gradient_loss | 0.000313     |
|    std                  | 0.931        |
|    value_loss           | 5.38         |
------------------------------------------
------------------------------------------
| rollout/                |              |
|    ep_len_mean          | 2.02e+03     |
|    ep_rew_mean          | 27           |
| time/                   |              |
|    fps                  | 1682         |
|    iterations           | 3            |
|    time_elapsed         | 3            |
|    total_timesteps      | 210944       |
| train/                  |              |
|    approx_kl            | 0.0059762504 |
|    clip_fraction        | 0.0637       |
|    clip_range           | 0.2          |
|    entropy_loss         | -2.69        |
|    explained_variance   | 0.699        |
|    learning_rate        | 0.0003       |
|    loss                 | 0.776        |
|    n_updates            | 510          |
|    policy_gradient_loss | -0.00016     |
|    std                  | 0.93         |
|    value_loss           | 9            |
------------------------------------------
